Archive member included to satisfy reference by file (symbol)

/usr/local/gcc-arm-none-eabi-6-2017-q1-update/bin/../lib/gcc/arm-none-eabi/6.3.1/../../../../arm-none-eabi/lib/thumb/v7e-m/fpv4-sp/hard/libc_nano.a(lib_a-exit.o)
                              /usr/local/gcc-arm-none-eabi-6-2017-q1-update/bin/../lib/gcc/arm-none-eabi/6.3.1/../../../../arm-none-eabi/lib/thumb/v7e-m/fpv4-sp/hard/crt0.o (exit)
/usr/local/gcc-arm-none-eabi-6-2017-q1-update/bin/../lib/gcc/arm-none-eabi/6.3.1/../../../../arm-none-eabi/lib/thumb/v7e-m/fpv4-sp/hard/libc_nano.a(lib_a-impure.o)
                              /usr/local/gcc-arm-none-eabi-6-2017-q1-update/bin/../lib/gcc/arm-none-eabi/6.3.1/../../../../arm-none-eabi/lib/thumb/v7e-m/fpv4-sp/hard/libc_nano.a(lib_a-exit.o) (_global_impure_ptr)
/usr/local/gcc-arm-none-eabi-6-2017-q1-update/bin/../lib/gcc/arm-none-eabi/6.3.1/../../../../arm-none-eabi/lib/thumb/v7e-m/fpv4-sp/hard/libc_nano.a(lib_a-init.o)
                              /usr/local/gcc-arm-none-eabi-6-2017-q1-update/bin/../lib/gcc/arm-none-eabi/6.3.1/../../../../arm-none-eabi/lib/thumb/v7e-m/fpv4-sp/hard/crt0.o (__libc_init_array)
/usr/local/gcc-arm-none-eabi-6-2017-q1-update/bin/../lib/gcc/arm-none-eabi/6.3.1/../../../../arm-none-eabi/lib/thumb/v7e-m/fpv4-sp/hard/libc_nano.a(lib_a-memset.o)
                              /usr/local/gcc-arm-none-eabi-6-2017-q1-update/bin/../lib/gcc/arm-none-eabi/6.3.1/../../../../arm-none-eabi/lib/thumb/v7e-m/fpv4-sp/hard/crt0.o (memset)
/usr/local/gcc-arm-none-eabi-6-2017-q1-update/bin/../lib/gcc/arm-none-eabi/6.3.1/../../../../arm-none-eabi/lib/thumb/v7e-m/fpv4-sp/hard/libnosys.a(_exit.o)
                              /usr/local/gcc-arm-none-eabi-6-2017-q1-update/bin/../lib/gcc/arm-none-eabi/6.3.1/../../../../arm-none-eabi/lib/thumb/v7e-m/fpv4-sp/hard/libc_nano.a(lib_a-exit.o) (_exit)
/usr/local/gcc-arm-none-eabi-6-2017-q1-update/bin/../lib/gcc/arm-none-eabi/6.3.1/../../../../arm-none-eabi/lib/thumb/v7e-m/fpv4-sp/hard/libc_nano.a(lib_a-locale.o)
                              _build/nrf52832_xxaa_nrf_log_backend_serial.c.o (__locale_ctype_ptr)
/usr/local/gcc-arm-none-eabi-6-2017-q1-update/bin/../lib/gcc/arm-none-eabi/6.3.1/../../../../arm-none-eabi/lib/thumb/v7e-m/fpv4-sp/hard/libc_nano.a(lib_a-mbtowc_r.o)
                              /usr/local/gcc-arm-none-eabi-6-2017-q1-update/bin/../lib/gcc/arm-none-eabi/6.3.1/../../../../arm-none-eabi/lib/thumb/v7e-m/fpv4-sp/hard/libc_nano.a(lib_a-locale.o) (__ascii_mbtowc)
/usr/local/gcc-arm-none-eabi-6-2017-q1-update/bin/../lib/gcc/arm-none-eabi/6.3.1/../../../../arm-none-eabi/lib/thumb/v7e-m/fpv4-sp/hard/libc_nano.a(lib_a-memcpy-stub.o)
                              _build/nrf52832_xxaa_nrf_log_backend_serial.c.o (memcpy)
/usr/local/gcc-arm-none-eabi-6-2017-q1-update/bin/../lib/gcc/arm-none-eabi/6.3.1/../../../../arm-none-eabi/lib/thumb/v7e-m/fpv4-sp/hard/libc_nano.a(lib_a-snprintf.o)
                              _build/nrf52832_xxaa_nrf_log_backend_serial.c.o (snprintf)
/usr/local/gcc-arm-none-eabi-6-2017-q1-update/bin/../lib/gcc/arm-none-eabi/6.3.1/../../../../arm-none-eabi/lib/thumb/v7e-m/fpv4-sp/hard/libc_nano.a(lib_a-strcmp.o)
                              /usr/local/gcc-arm-none-eabi-6-2017-q1-update/bin/../lib/gcc/arm-none-eabi/6.3.1/../../../../arm-none-eabi/lib/thumb/v7e-m/fpv4-sp/hard/libc_nano.a(lib_a-locale.o) (strcmp)
/usr/local/gcc-arm-none-eabi-6-2017-q1-update/bin/../lib/gcc/arm-none-eabi/6.3.1/../../../../arm-none-eabi/lib/thumb/v7e-m/fpv4-sp/hard/libc_nano.a(lib_a-strcpy.o)
                              _build/nrf52832_xxaa_SEGGER_RTT.c.o (strcpy)
/usr/local/gcc-arm-none-eabi-6-2017-q1-update/bin/../lib/gcc/arm-none-eabi/6.3.1/../../../../arm-none-eabi/lib/thumb/v7e-m/fpv4-sp/hard/libc_nano.a(lib_a-strlen.o)
                              _build/nrf52832_xxaa_nrf_log_backend_serial.c.o (strlen)
/usr/local/gcc-arm-none-eabi-6-2017-q1-update/bin/../lib/gcc/arm-none-eabi/6.3.1/../../../../arm-none-eabi/lib/thumb/v7e-m/fpv4-sp/hard/libc_nano.a(lib_a-wctomb_r.o)
                              /usr/local/gcc-arm-none-eabi-6-2017-q1-update/bin/../lib/gcc/arm-none-eabi/6.3.1/../../../../arm-none-eabi/lib/thumb/v7e-m/fpv4-sp/hard/libc_nano.a(lib_a-locale.o) (__ascii_wctomb)
/usr/local/gcc-arm-none-eabi-6-2017-q1-update/bin/../lib/gcc/arm-none-eabi/6.3.1/../../../../arm-none-eabi/lib/thumb/v7e-m/fpv4-sp/hard/libc_nano.a(lib_a-ctype_.o)
                              /usr/local/gcc-arm-none-eabi-6-2017-q1-update/bin/../lib/gcc/arm-none-eabi/6.3.1/../../../../arm-none-eabi/lib/thumb/v7e-m/fpv4-sp/hard/libc_nano.a(lib_a-locale.o) (_ctype_)
/usr/local/gcc-arm-none-eabi-6-2017-q1-update/bin/../lib/gcc/arm-none-eabi/6.3.1/../../../../arm-none-eabi/lib/thumb/v7e-m/fpv4-sp/hard/libc_nano.a(lib_a-nano-svfprintf.o)
                              /usr/local/gcc-arm-none-eabi-6-2017-q1-update/bin/../lib/gcc/arm-none-eabi/6.3.1/../../../../arm-none-eabi/lib/thumb/v7e-m/fpv4-sp/hard/libc_nano.a(lib_a-snprintf.o) (_svfprintf_r)
[...]
Memory Configuration

Name             Origin             Length             Attributes
FLASH            0x0000000000000000 0x0000000000080000 xr
RAM              0x0000000020000000 0x0000000000010000 xrw
*default*        0x0000000000000000 0xffffffffffffffff

Linker script and memory map


.text           0x0000000000000000     0x3104
 *(.isr_vector)
 .isr_vector    0x0000000000000000      0x400 _build/nrf52832_xxaa_gcc_startup_nrf52.S.o
                0x0000000000000000                __isr_vector
 *(.text*)
 .text          0x0000000000000400       0x6c /usr/local/gcc-arm-none-eabi-6-2017-q1-update/bin/../lib/gcc/arm-none-eabi/6.3.1/thumb/v7e-m/fpv4-sp/hard/crtbegin.o
 .text          0x000000000000046c       0x74 /usr/local/gcc-arm-none-eabi-6-2017-q1-update/bin/../lib/gcc/arm-none-eabi/6.3.1/../../../../arm-none-eabi/lib/thumb/v7e-m/fpv4-sp/hard/crt0.o
                0x000000000000046c                _mainCRTStartup
                0x000000000000046c                _start
 .text.exit     0x00000000000004e0       0x28 /usr/local/gcc-arm-none-eabi-6-2017-q1-update/bin/../lib/gcc/arm-none-eabi/6.3.1/../../../../arm-none-eabi/lib/thumb/v7e-m/fpv4-sp/hard/libc_nano.a(lib_a-exit.o)
                0x00000000000004e0                exit
 .text.__libc_init_array
                0x0000000000000508       0x48 /usr/local/gcc-arm-none-eabi-6-2017-q1-update/bin/../lib/gcc/arm-none-eabi/6.3.1/../../../../arm-none-eabi/lib/thumb/v7e-m/fpv4-sp/hard/libc_nano.a(lib_a-init.o)
                0x0000000000000508                __libc_init_array
 .text.memset   0x0000000000000550       0x10 /usr/local/gcc-arm-none-eabi-6-2017-q1-update/bin/../lib/gcc/arm-none-eabi/6.3.1/../../../../arm-none-eabi/lib/thumb/v7e-m/fpv4-sp/hard/libc_nano.a(lib_a-memset.o)
                0x0000000000000550                memset
 .text._exit    0x0000000000000560        0x4 /usr/local/gcc-arm-none-eabi-6-2017-q1-update/bin/../lib/gcc/arm-none-eabi/6.3.1/../../../../arm-none-eabi/lib/thumb/v7e-m/fpv4-sp/hard/libnosys.a(_exit.o)
                0x0000000000000560                _exit
 .text.nrf_log_backend_serial_std_handler
                0x0000000000000564      0x190 _build/nrf52832_xxaa_nrf_log_backend_serial.c.o
 .text.nrf_log_backend_serial_hexdump_handler
                0x00000000000006f4      0x270 _build/nrf52832_xxaa_nrf_log_backend_serial.c.o
 .text.nrf_log_backend_init
                0x0000000000000964       0x28 _build/nrf52832_xxaa_nrf_log_backend_serial.c.o
                0x0000000000000964                nrf_log_backend_init
 .text.nrf_log_backend_std_handler_get
                0x000000000000098c        0x8 _build/nrf52832_xxaa_nrf_log_backend_serial.c.o
                0x000000000000098c                nrf_log_backend_std_handler_get
 .text.nrf_log_backend_hexdump_handler_get
                0x0000000000000994        0x8 _build/nrf52832_xxaa_nrf_log_backend_serial.c.o
                0x0000000000000994                nrf_log_backend_hexdump_handler_get
 .text.nrf_log_init
                0x000000000000099c       0x30 _build/nrf52832_xxaa_nrf_log_frontend.c.o
                0x000000000000099c                nrf_log_init
 .text.nrf_log_blocking_backend_set
                0x00000000000009cc        0x8 _build/nrf52832_xxaa_nrf_log_frontend.c.o
                0x00000000000009cc                nrf_log_blocking_backend_set
 .text.nrf_log_frontend_std_0
                0x00000000000009d4       0x98 _build/nrf52832_xxaa_nrf_log_frontend.c.o
                0x00000000000009d4                nrf_log_frontend_std_0
 .text.nrf_log_frontend_std_5
                0x0000000000000a6c       0xe8 _build/nrf52832_xxaa_nrf_log_frontend.c.o
                0x0000000000000a6c                nrf_log_frontend_std_5
 .text.nrf_log_frontend_dequeue
                0x0000000000000b54      0x14c _build/nrf52832_xxaa_nrf_log_frontend.c.o
                0x0000000000000b54                nrf_log_frontend_dequeue
 .text.app_error_handler_bare
                0x0000000000000ca0       0x20 _build/nrf52832_xxaa_app_error.c.o
                0x0000000000000ca0                app_error_handler_bare
 .text.app_error_fault_handler
                0x0000000000000cc0       0x4c _build/nrf52832_xxaa_app_error_weak.c.o
                0x0000000000000cc0                app_error_fault_handler
 .text.RTC1_IRQHandler
                0x0000000000000d0c       0xc4 _build/nrf52832_xxaa_app_timer.c.o
                0x0000000000000d0c                RTC1_IRQHandler
 .text.SWI0_EGU0_IRQHandler
                0x0000000000000dd0      0x630 _build/nrf52832_xxaa_app_timer.c.o
                0x0000000000000dd0                SWI0_EGU0_IRQHandler
 .text.app_util_critical_region_enter
                0x0000000000001400       0x10 _build/nrf52832_xxaa_app_util_platform.c.o
                0x0000000000001400                app_util_critical_region_enter
 .text.app_util_critical_region_exit
                0x0000000000001410       0x14 _build/nrf52832_xxaa_app_util_platform.c.o
                0x0000000000001410                app_util_critical_region_exit
 .text.nrf_pwr_mgmt_init
                0x0000000000001424       0x14 _build/nrf52832_xxaa_nrf_pwr_mgmt.c.o
                0x0000000000001424                nrf_pwr_mgmt_init
 .text.nrf_pwr_mgmt_run
                0x0000000000001438       0x24 _build/nrf52832_xxaa_nrf_pwr_mgmt.c.o
                0x0000000000001438                nrf_pwr_mgmt_run
 .text.nrf_drv_common_irq_enable
                0x000000000000145c       0x50 _build/nrf52832_xxaa_nrf_drv_common.c.o
                0x000000000000145c                nrf_drv_common_irq_enable
 .text.nrf_drv_power_init
                0x00000000000014ac       0x44 _build/nrf52832_xxaa_nrf_drv_power.c.o
                0x00000000000014ac                nrf_drv_power_init
 .text.nrf_drv_ppi_init
                0x00000000000014f0       0x14 _build/nrf52832_xxaa_nrf_drv_ppi.c.o
                0x00000000000014f0                nrf_drv_ppi_init
 .text.nrf_drv_ppi_channel_alloc
                0x0000000000001504       0x68 _build/nrf52832_xxaa_nrf_drv_ppi.c.o
                0x0000000000001504                nrf_drv_ppi_channel_alloc
 .text.nrf_drv_ppi_channel_assign
                0x000000000000156c       0x48 _build/nrf52832_xxaa_nrf_drv_ppi.c.o
                0x000000000000156c                nrf_drv_ppi_channel_assign
 .text.nrf_drv_ppi_channel_enable
                0x00000000000015b4       0x28 _build/nrf52832_xxaa_nrf_drv_ppi.c.o
                0x00000000000015b4                nrf_drv_ppi_channel_enable
 .text.SAADC_IRQHandler
                0x00000000000015dc      0x1c4 _build/nrf52832_xxaa_nrf_drv_saadc.c.o
                0x00000000000015dc                SAADC_IRQHandler
 .text.nrf_drv_saadc_init
                0x00000000000017a0       0x98 _build/nrf52832_xxaa_nrf_drv_saadc.c.o
                0x00000000000017a0                nrf_drv_saadc_init
 .text.nrf_drv_saadc_channel_init
                0x0000000000001838       0x58 _build/nrf52832_xxaa_nrf_drv_saadc.c.o
                0x0000000000001838                nrf_drv_saadc_channel_init
 .text.nrf_drv_saadc_sample_task_get
                0x0000000000001890       0x20 _build/nrf52832_xxaa_nrf_drv_saadc.c.o
                0x0000000000001890                nrf_drv_saadc_sample_task_get
 .text.nrf_drv_saadc_buffer_convert
                0x00000000000018b0       0xc0 _build/nrf52832_xxaa_nrf_drv_saadc.c.o
                0x00000000000018b0                nrf_drv_saadc_buffer_convert
 .text.nrf_drv_timer_init
                0x0000000000001970       0xc4 _build/nrf52832_xxaa_nrf_drv_timer.c.o
                0x0000000000001970                nrf_drv_timer_init
 .text.nrf_drv_timer_enable
                0x0000000000001a34       0x1c _build/nrf52832_xxaa_nrf_drv_timer.c.o
                0x0000000000001a34                nrf_drv_timer_enable
 .text.nrf_drv_timer_extended_compare
                0x0000000000001a50       0x48 _build/nrf52832_xxaa_nrf_drv_timer.c.o
                0x0000000000001a50                nrf_drv_timer_extended_compare
 .text.TIMER0_IRQHandler
                0x0000000000001a98       0xc8 _build/nrf52832_xxaa_nrf_drv_timer.c.o
                0x0000000000001a98                TIMER0_IRQHandler
 .text.UARTE0_UART0_IRQHandler
                0x0000000000001b60      0x2f4 _build/nrf52832_xxaa_nrf_drv_uart.c.o
                0x0000000000001b60                UARTE0_UART0_IRQHandler
 .text.nrf_saadc_channel_init
                0x0000000000001e54       0x64 _build/nrf52832_xxaa_nrf_saadc.c.o
                0x0000000000001e54                nrf_saadc_channel_init
 .text.timer_handler
                0x0000000000001eb8        0x4 _build/nrf52832_xxaa_main.c.o
                0x0000000000001eb8                timer_handler
 .text.saadc_callback
                0x0000000000001ebc       0x54 _build/nrf52832_xxaa_main.c.o
                0x0000000000001ebc                saadc_callback
 .text.saadc_sampling_event_init
                0x0000000000001f10       0x94 _build/nrf52832_xxaa_main.c.o
                0x0000000000001f10                saadc_sampling_event_init
 .text.saadc_sampling_event_enable
                0x0000000000001fa4       0x1c _build/nrf52832_xxaa_main.c.o
                0x0000000000001fa4                saadc_sampling_event_enable
 .text.saadc_init
                0x0000000000001fc0       0x64 _build/nrf52832_xxaa_main.c.o
                0x0000000000001fc0                saadc_init
 .text.startup.main
                0x0000000000002024       0x4c _build/nrf52832_xxaa_main.c.o
                0x0000000000002024                main
 .text.SEGGER_RTT_WriteNoLock
                0x0000000000002070      0x178 _build/nrf52832_xxaa_SEGGER_RTT.c.o
                0x0000000000002070                SEGGER_RTT_WriteNoLock
 .text.SEGGER_RTT_Init
                0x00000000000021e8       0x60 _build/nrf52832_xxaa_SEGGER_RTT.c.o
                0x00000000000021e8                SEGGER_RTT_Init
 .text          0x0000000000002248       0x3c _build/nrf52832_xxaa_gcc_startup_nrf52.S.o
                0x0000000000002248                Reset_Handler
                0x0000000000002270                NMI_Handler
                0x0000000000002272                HardFault_Handler
                0x0000000000002274                MemoryManagement_Handler
                0x0000000000002276                BusFault_Handler
                0x0000000000002278                UsageFault_Handler
                0x000000000000227a                SVC_Handler
                0x000000000000227c                DebugMon_Handler
                0x000000000000227e                PendSV_Handler
                0x0000000000002280                SysTick_Handler
                0x0000000000002282                TIMER3_IRQHandler
                0x0000000000002282                FPU_IRQHandler
                0x0000000000002282                SPIM0_SPIS0_TWIM0_TWIS0_SPI0_TWI0_IRQHandler
                0x0000000000002282                TIMER4_IRQHandler
                0x0000000000002282                I2S_IRQHandler
                0x0000000000002282                SWI4_EGU4_IRQHandler
                0x0000000000002282                TIMER1_IRQHandler
                0x0000000000002282                PWM2_IRQHandler
                0x0000000000002282                ECB_IRQHandler
                0x0000000000002282                SPIM1_SPIS1_TWIM1_TWIS1_SPI1_TWI1_IRQHandler
                0x0000000000002282                Default_Handler
                0x0000000000002282                CCM_AAR_IRQHandler
                0x0000000000002282                WDT_IRQHandler
                0x0000000000002282                SWI5_EGU5_IRQHandler
                0x0000000000002282                RNG_IRQHandler
                0x0000000000002282                RTC2_IRQHandler
                0x0000000000002282                PWM0_IRQHandler
                0x0000000000002282                SWI3_EGU3_IRQHandler
                0x0000000000002282                SWI1_EGU1_IRQHandler
                0x0000000000002282                SPIM2_SPIS2_SPI2_IRQHandler
                0x0000000000002282                NFCT_IRQHandler
                0x0000000000002282                MWU_IRQHandler
                0x0000000000002282                TIMER2_IRQHandler
                0x0000000000002282                COMP_LPCOMP_IRQHandler
                0x0000000000002282                RTC0_IRQHandler
                0x0000000000002282                SWI2_EGU2_IRQHandler
                0x0000000000002282                GPIOTE_IRQHandler
                0x0000000000002282                PWM1_IRQHandler
                0x0000000000002282                POWER_CLOCK_IRQHandler
                0x0000000000002282                RADIO_IRQHandler
                0x0000000000002282                PDM_IRQHandler
                0x0000000000002282                TEMP_IRQHandler
                0x0000000000002282                QDEC_IRQHandler
 .text.SystemInit
                0x0000000000002284      0x2f0 _build/nrf52832_xxaa_system_nrf52.c.o
                0x0000000000002284                SystemInit
 .text.__locale_ctype_ptr
                0x0000000000002574       0x1c /usr/local/gcc-arm-none-eabi-6-2017-q1-update/bin/../lib/gcc/arm-none-eabi/6.3.1/../../../../arm-none-eabi/lib/thumb/v7e-m/fpv4-sp/hard/libc_nano.a(lib_a-locale.o)
                0x0000000000002574                __locale_ctype_ptr
 .text.__ascii_mbtowc
                0x0000000000002590       0x24 /usr/local/gcc-arm-none-eabi-6-2017-q1-update/bin/../lib/gcc/arm-none-eabi/6.3.1/../../../../arm-none-eabi/lib/thumb/v7e-m/fpv4-sp/hard/libc_nano.a(lib_a-mbtowc_r.o)
                0x0000000000002590                __ascii_mbtowc
 .text.memcpy   0x00000000000025b4       0x16 /usr/local/gcc-arm-none-eabi-6-2017-q1-update/bin/../lib/gcc/arm-none-eabi/6.3.1/../../../../arm-none-eabi/lib/thumb/v7e-m/fpv4-sp/hard/libc_nano.a(lib_a-memcpy-stub.o)
                0x00000000000025b4                memcpy
 *fill*         0x00000000000025ca        0x2 
 .text.snprintf
                0x00000000000025cc       0x68 /usr/local/gcc-arm-none-eabi-6-2017-q1-update/bin/../lib/gcc/arm-none-eabi/6.3.1/../../../../arm-none-eabi/lib/thumb/v7e-m/fpv4-sp/hard/libc_nano.a(lib_a-snprintf.o)
                0x00000000000025cc                snprintf
                0x00000000000025cc                sniprintf
 .text.strcpy   0x0000000000002634       0x10 /usr/local/gcc-arm-none-eabi-6-2017-q1-update/bin/../lib/gcc/arm-none-eabi/6.3.1/../../../../arm-none-eabi/lib/thumb/v7e-m/fpv4-sp/hard/libc_nano.a(lib_a-strcpy.o)
                0x0000000000002634                strcpy
 .text          0x0000000000002644       0x10 /usr/local/gcc-arm-none-eabi-6-2017-q1-update/bin/../lib/gcc/arm-none-eabi/6.3.1/../../../../arm-none-eabi/lib/thumb/v7e-m/fpv4-sp/hard/libc_nano.a(lib_a-strlen.o)
                0x0000000000002644                strlen
 .text.__ascii_wctomb
                0x0000000000002654       0x1a /usr/local/gcc-arm-none-eabi-6-2017-q1-update/bin/../lib/gcc/arm-none-eabi/6.3.1/../../../../arm-none-eabi/lib/thumb/v7e-m/fpv4-sp/hard/libc_nano.a(lib_a-wctomb_r.o)
                0x0000000000002654                __ascii_wctomb
 .text.__ssputs_r
                0x000000000000266e       0xb6 /usr/local/gcc-arm-none-eabi-6-2017-q1-update/bin/../lib/gcc/arm-none-eabi/6.3.1/../../../../arm-none-eabi/lib/thumb/v7e-m/fpv4-sp/hard/libc_nano.a(lib_a-nano-svfprintf.o)
                0x000000000000266e                __ssputs_r
 .text._svfprintf_r
                0x0000000000002724      0x1e8 /usr/local/gcc-arm-none-eabi-6-2017-q1-update/bin/../lib/gcc/arm-none-eabi/6.3.1/../../../../arm-none-eabi/lib/thumb/v7e-m/fpv4-sp/hard/libc_nano.a(lib_a-nano-svfprintf.o)
                0x0000000000002724                _svfprintf_r
                0x0000000000002724                _svfiprintf_r
 .text._printf_common
                0x000000000000290c       0xec /usr/local/gcc-arm-none-eabi-6-2017-q1-update/bin/../lib/gcc/arm-none-eabi/6.3.1/../../../../arm-none-eabi/lib/thumb/v7e-m/fpv4-sp/hard/libc_nano.a(lib_a-nano-vfprintf_i.o)
                0x000000000000290c                _printf_common
 .text._printf_i
                0x00000000000029f8      0x240 /usr/local/gcc-arm-none-eabi-6-2017-q1-update/bin/../lib/gcc/arm-none-eabi/6.3.1/../../../../arm-none-eabi/lib/thumb/v7e-m/fpv4-sp/hard/libc_nano.a(lib_a-nano-vfprintf_i.o)
                0x00000000000029f8                _printf_i
 *fill*         0x0000000000002c38        0x8 
 .text          0x0000000000002c40       0xa0 /usr/local/gcc-arm-none-eabi-6-2017-q1-update/bin/../lib/gcc/arm-none-eabi/6.3.1/../../../../arm-none-eabi/lib/thumb/v7e-m/fpv4-sp/hard/libc_nano.a(lib_a-memchr.o)
                0x0000000000002c40                memchr
 .text.memmove  0x0000000000002ce0       0x34 /usr/local/gcc-arm-none-eabi-6-2017-q1-update/bin/../lib/gcc/arm-none-eabi/6.3.1/../../../../arm-none-eabi/lib/thumb/v7e-m/fpv4-sp/hard/libc_nano.a(lib_a-memmove.o)
                0x0000000000002ce0                memmove
 .text._free_r  0x0000000000002d14       0x9c /usr/local/gcc-arm-none-eabi-6-2017-q1-update/bin/../lib/gcc/arm-none-eabi/6.3.1/../../../../arm-none-eabi/lib/thumb/v7e-m/fpv4-sp/hard/libc_nano.a(lib_a-nano-freer.o)
                0x0000000000002d14                _free_r
 .text._malloc_r
                0x0000000000002db0       0xbc /usr/local/gcc-arm-none-eabi-6-2017-q1-update/bin/../lib/gcc/arm-none-eabi/6.3.1/../../../../arm-none-eabi/lib/thumb/v7e-m/fpv4-sp/hard/libc_nano.a(lib_a-nano-mallocr.o)
                0x0000000000002db0                _malloc_r
 .text._realloc_r
                0x0000000000002e6c       0x4c /usr/local/gcc-arm-none-eabi-6-2017-q1-update/bin/../lib/gcc/arm-none-eabi/6.3.1/../../../../arm-none-eabi/lib/thumb/v7e-m/fpv4-sp/hard/libc_nano.a(lib_a-nano-reallocr.o)
                0x0000000000002e6c                _realloc_r
 .text._sbrk_r  0x0000000000002eb8       0x20 /usr/local/gcc-arm-none-eabi-6-2017-q1-update/bin/../lib/gcc/arm-none-eabi/6.3.1/../../../../arm-none-eabi/lib/thumb/v7e-m/fpv4-sp/hard/libc_nano.a(lib_a-sbrkr.o)
                0x0000000000002eb8                _sbrk_r
 .text.__malloc_lock
                0x0000000000002ed8        0x2 /usr/local/gcc-arm-none-eabi-6-2017-q1-update/bin/../lib/gcc/arm-none-eabi/6.3.1/../../../../arm-none-eabi/lib/thumb/v7e-m/fpv4-sp/hard/libc_nano.a(lib_a-mlock.o)
                0x0000000000002ed8                __malloc_lock
 .text.__malloc_unlock
                0x0000000000002eda        0x2 /usr/local/gcc-arm-none-eabi-6-2017-q1-update/bin/../lib/gcc/arm-none-eabi/6.3.1/../../../../arm-none-eabi/lib/thumb/v7e-m/fpv4-sp/hard/libc_nano.a(lib_a-mlock.o)
                0x0000000000002eda                __malloc_unlock
 .text._malloc_usable_size_r
                0x0000000000002edc       0x12 /usr/local/gcc-arm-none-eabi-6-2017-q1-update/bin/../lib/gcc/arm-none-eabi/6.3.1/../../../../arm-none-eabi/lib/thumb/v7e-m/fpv4-sp/hard/libc_nano.a(lib_a-nano-msizer.o)
                0x0000000000002edc                _malloc_usable_size_r
 *fill*         0x0000000000002eee        0x2 
 .text._sbrk    0x0000000000002ef0       0x1c /usr/local/gcc-arm-none-eabi-6-2017-q1-update/bin/../lib/gcc/arm-none-eabi/6.3.1/../../../../arm-none-eabi/lib/thumb/v7e-m/fpv4-sp/hard/libnosys.a(sbrk.o)
                0x0000000000002ef0                _sbrk
 *(.init)
 .init          0x0000000000002f0c        0x4 /usr/local/gcc-arm-none-eabi-6-2017-q1-update/bin/../lib/gcc/arm-none-eabi/6.3.1/thumb/v7e-m/fpv4-sp/hard/crti.o
                0x0000000000002f0c                _init
 .init          0x0000000000002f10        0x8 /usr/local/gcc-arm-none-eabi-6-2017-q1-update/bin/../lib/gcc/arm-none-eabi/6.3.1/thumb/v7e-m/fpv4-sp/hard/crtn.o
 *(.fini)
 .fini          0x0000000000002f18        0x4 /usr/local/gcc-arm-none-eabi-6-2017-q1-update/bin/../lib/gcc/arm-none-eabi/6.3.1/thumb/v7e-m/fpv4-sp/hard/crti.o
                0x0000000000002f18                _fini
 .fini          0x0000000000002f1c        0x8 /usr/local/gcc-arm-none-eabi-6-2017-q1-update/bin/../lib/gcc/arm-none-eabi/6.3.1/thumb/v7e-m/fpv4-sp/hard/crtn.o
 *crtbegin.o(.ctors)
 *crtbegin?.o(.ctors)
 *(EXCLUDE_FILE(*crtend.o *crtend?.o) .ctors)
 *(SORT(.ctors.*))
 *(.ctors)
 *crtbegin.o(.dtors)
 *crtbegin?.o(.dtors)
 *(EXCLUDE_FILE(*crtend.o *crtend?.o) .dtors)
 *(SORT(.dtors.*))
 *(.dtors)
 *(.rodata*)
 .rodata._global_impure_ptr
                0x0000000000002f24        0x4 /usr/local/gcc-arm-none-eabi-6-2017-q1-update/bin/../lib/gcc/arm-none-eabi/6.3.1/../../../../arm-none-eabi/lib/thumb/v7e-m/fpv4-sp/hard/libc_nano.a(lib_a-impure.o)
                0x0000000000002f24                _global_impure_ptr
 .rodata.nrf_log_backend_serial_std_handler.str1.4
                0x0000000000002f28        0x7 _build/nrf52832_xxaa_nrf_log_backend_serial.c.o
 *fill*         0x0000000000002f2f        0x1 
 .rodata.nrf_log_frontend_std_0.str1.4
                0x0000000000002f30        0xb _build/nrf52832_xxaa_nrf_log_frontend.c.o
 *fill*         0x0000000000002f3b        0x1 
 .rodata.app_error_fault_handler.str1.4
                0x0000000000002f3c       0x18 _build/nrf52832_xxaa_app_error_weak.c.o
 .rodata.m_default_config
                0x0000000000002f54        0x4 _build/nrf52832_xxaa_nrf_drv_saadc.c.o
 .rodata        0x0000000000002f58        0x9 _build/nrf52832_xxaa_main.c.o
 *fill*         0x0000000000002f61        0x3 
 .rodata.m_timer
                0x0000000000002f64        0x8 _build/nrf52832_xxaa_main.c.o
 .rodata.main.str1.4
                0x0000000000002f6c       0x25 _build/nrf52832_xxaa_main.c.o
 *fill*         0x0000000000002f91        0x3 
 .rodata.saadc_callback.str1.4
                0x0000000000002f94       0x11 _build/nrf52832_xxaa_main.c.o
 *fill*         0x0000000000002fa5        0x3 
 .rodata.SEGGER_RTT_ReadNoLock.str1.4
                0x0000000000002fa8       0x18 _build/nrf52832_xxaa_SEGGER_RTT.c.o
                                         0x17 (size before relaxing)
 .rodata._setlocale_r.str1.1
                0x0000000000002fc0        0x8 /usr/local/gcc-arm-none-eabi-6-2017-q1-update/bin/../lib/gcc/arm-none-eabi/6.3.1/../../../../arm-none-eabi/lib/thumb/v7e-m/fpv4-sp/hard/libc_nano.a(lib_a-locale.o)
                                          0x9 (size before relaxing)
 .rodata.str1.1
                0x0000000000002fc8        0x2 /usr/local/gcc-arm-none-eabi-6-2017-q1-update/bin/../lib/gcc/arm-none-eabi/6.3.1/../../../../arm-none-eabi/lib/thumb/v7e-m/fpv4-sp/hard/libc_nano.a(lib_a-locale.o)
 .rodata._ctype_
                0x0000000000002fca      0x101 /usr/local/gcc-arm-none-eabi-6-2017-q1-update/bin/../lib/gcc/arm-none-eabi/6.3.1/../../../../arm-none-eabi/lib/thumb/v7e-m/fpv4-sp/hard/libc_nano.a(lib_a-ctype_.o)
                0x0000000000002fca                _ctype_
 .rodata._svfprintf_r.str1.1
                0x00000000000030cb       0x11 /usr/local/gcc-arm-none-eabi-6-2017-q1-update/bin/../lib/gcc/arm-none-eabi/6.3.1/../../../../arm-none-eabi/lib/thumb/v7e-m/fpv4-sp/hard/libc_nano.a(lib_a-nano-svfprintf.o)
 .rodata._printf_i.str1.1
                0x00000000000030dc       0x22 /usr/local/gcc-arm-none-eabi-6-2017-q1-update/bin/../lib/gcc/arm-none-eabi/6.3.1/../../../../arm-none-eabi/lib/thumb/v7e-m/fpv4-sp/hard/libc_nano.a(lib_a-nano-vfprintf_i.o)
 *(.eh_frame*)
 *fill*         0x00000000000030fe        0x2 
 .eh_frame      0x0000000000003100        0x0 /usr/local/gcc-arm-none-eabi-6-2017-q1-update/bin/../lib/gcc/arm-none-eabi/6.3.1/thumb/v7e-m/fpv4-sp/hard/crtbegin.o
 .eh_frame      0x0000000000003100        0x4 /usr/local/gcc-arm-none-eabi-6-2017-q1-update/bin/../lib/gcc/arm-none-eabi/6.3.1/thumb/v7e-m/fpv4-sp/hard/crtend.o

.glue_7         0x0000000000003104        0x0
 .glue_7        0x0000000000003104        0x0 linker stubs

.glue_7t        0x0000000000003104        0x0
 .glue_7t       0x0000000000003104        0x0 linker stubs

.vfp11_veneer   0x0000000000003104        0x0
 .vfp11_veneer  0x0000000000003104        0x0 linker stubs

.v4_bx          0x0000000000003104        0x0
 .v4_bx         0x0000000000003104        0x0 linker stubs

.iplt           0x0000000000003104        0x0
 .iplt          0x0000000000003104        0x0 /usr/local/gcc-arm-none-eabi-6-2017-q1-update/bin/../lib/gcc/arm-none-eabi/6.3.1/thumb/v7e-m/fpv4-sp/hard/crtbegin.o

.ARM.extab
 *(.ARM.extab* .gnu.linkonce.armextab.*)
                0x0000000000003104                __exidx_start = .

.ARM.exidx      0x0000000000003104        0x8
 *(.ARM.exidx* .gnu.linkonce.armexidx.*)
 .ARM.exidx     0x0000000000003104        0x8 /usr/local/gcc-arm-none-eabi-6-2017-q1-update/bin/../lib/gcc/arm-none-eabi/6.3.1/../../../../arm-none-eabi/lib/thumb/v7e-m/fpv4-sp/hard/crt0.o
                0x000000000000310c                __exidx_end = .
                0x000000000000310c                __etext = .

.rel.dyn        0x000000000000310c        0x0
 .rel.iplt      0x000000000000310c        0x0 /usr/local/gcc-arm-none-eabi-6-2017-q1-update/bin/../lib/gcc/arm-none-eabi/6.3.1/thumb/v7e-m/fpv4-sp/hard/crtbegin.o

.data           0x0000000020000000      0x1e0 load address 0x000000000000310c
                0x0000000020000000                __data_start__ = .
 *(vtable)
 *(.data*)
 .data._impure_ptr
                0x0000000020000000        0x4 /usr/local/gcc-arm-none-eabi-6-2017-q1-update/bin/../lib/gcc/arm-none-eabi/6.3.1/../../../../arm-none-eabi/lib/thumb/v7e-m/fpv4-sp/hard/libc_nano.a(lib_a-impure.o)
                0x0000000020000000                _impure_ptr
 .data.impure_data
                0x0000000020000004       0x60 /usr/local/gcc-arm-none-eabi-6-2017-q1-update/bin/../lib/gcc/arm-none-eabi/6.3.1/../../../../arm-none-eabi/lib/thumb/v7e-m/fpv4-sp/hard/libc_nano.a(lib_a-impure.o)
 .data.SystemCoreClock
                0x0000000020000064        0x4 _build/nrf52832_xxaa_system_nrf52.c.o
                0x0000000020000064                SystemCoreClock
 .data.__global_locale
                0x0000000020000068      0x16c /usr/local/gcc-arm-none-eabi-6-2017-q1-update/bin/../lib/gcc/arm-none-eabi/6.3.1/../../../../arm-none-eabi/lib/thumb/v7e-m/fpv4-sp/hard/libc_nano.a(lib_a-locale.o)
                0x0000000020000068                __global_locale
                0x00000000200001d4                . = ALIGN (0x4)
                0x00000000200001d4                PROVIDE (__preinit_array_start, .)
 *(.preinit_array)
                0x00000000200001d4                PROVIDE (__preinit_array_end, .)
                0x00000000200001d4                . = ALIGN (0x4)
                0x00000000200001d4                PROVIDE (__init_array_start, .)
 *(SORT(.init_array.*))
 *(.init_array)
 .init_array    0x00000000200001d4        0x4 /usr/local/gcc-arm-none-eabi-6-2017-q1-update/bin/../lib/gcc/arm-none-eabi/6.3.1/thumb/v7e-m/fpv4-sp/hard/crtbegin.o
                0x00000000200001d8                PROVIDE (__init_array_end, .)
                0x00000000200001d8                . = ALIGN (0x4)
                [!provide]                        PROVIDE (__fini_array_start, .)
 *(SORT(.fini_array.*))
 *(.fini_array)
 .fini_array    0x00000000200001d8        0x4 /usr/local/gcc-arm-none-eabi-6-2017-q1-update/bin/../lib/gcc/arm-none-eabi/6.3.1/thumb/v7e-m/fpv4-sp/hard/crtbegin.o
                [!provide]                        PROVIDE (__fini_array_end, .)
 *(.jcr*)
 .jcr           0x00000000200001dc        0x0 /usr/local/gcc-arm-none-eabi-6-2017-q1-update/bin/../lib/gcc/arm-none-eabi/6.3.1/thumb/v7e-m/fpv4-sp/hard/crtbegin.o
 .jcr           0x00000000200001dc        0x4 /usr/local/gcc-arm-none-eabi-6-2017-q1-update/bin/../lib/gcc/arm-none-eabi/6.3.1/thumb/v7e-m/fpv4-sp/hard/crtend.o
                0x00000000200001e0                . = ALIGN (0x4)
                0x00000000200001e0                __data_end__ = .
LOAD /usr/local/gcc-arm-none-eabi-6-2017-q1-update/bin/../lib/gcc/arm-none-eabi/6.3.1/thumb/v7e-m/fpv4-sp/hard/crti.o
LOAD /usr/local/gcc-arm-none-eabi-6-2017-q1-update/bin/../lib/gcc/arm-none-eabi/6.3.1/thumb/v7e-m/fpv4-sp/hard/crtbegin.o
LOAD /usr/local/gcc-arm-none-eabi-6-2017-q1-update/bin/../lib/gcc/arm-none-eabi/6.3.1/../../../../arm-none-eabi/lib/thumb/v7e-m/fpv4-sp/hard/crt0.o
LOAD /usr/local/gcc-arm-none-eabi-6-2017-q1-update/bin/../lib/gcc/arm-none-eabi/6.3.1/../../../../arm-none-eabi/lib/thumb/v7e-m/fpv4-sp/hard/libc_nano.a
LOAD /usr/local/gcc-arm-none-eabi-6-2017-q1-update/bin/../lib/gcc/arm-none-eabi/6.3.1/../../../../arm-none-eabi/lib/thumb/v7e-m/fpv4-sp/hard/libnosys.a
LOAD _build/nrf52832_xxaa_nrf_log_backend_serial.c.o
LOAD _build/nrf52832_xxaa_nrf_log_frontend.c.o
LOAD _build/nrf52832_xxaa_app_error.c.o
LOAD _build/nrf52832_xxaa_app_error_weak.c.o
LOAD _build/nrf52832_xxaa_app_timer.c.o
LOAD _build/nrf52832_xxaa_app_util_platform.c.o
LOAD _build/nrf52832_xxaa_nrf_assert.c.o
LOAD _build/nrf52832_xxaa_nrf_pwr_mgmt.c.o
LOAD _build/nrf52832_xxaa_sdk_errors.c.o
LOAD _build/nrf52832_xxaa_boards.c.o
LOAD _build/nrf52832_xxaa_nrf_drv_common.c.o
LOAD _build/nrf52832_xxaa_nrf_drv_power.c.o
LOAD _build/nrf52832_xxaa_nrf_drv_ppi.c.o
LOAD _build/nrf52832_xxaa_nrf_drv_saadc.c.o
LOAD _build/nrf52832_xxaa_nrf_drv_timer.c.o
LOAD _build/nrf52832_xxaa_nrf_drv_uart.c.o
LOAD _build/nrf52832_xxaa_nrf_saadc.c.o
LOAD _build/nrf52832_xxaa_main.c.o
LOAD _build/nrf52832_xxaa_RTT_Syscalls_GCC.c.o
LOAD _build/nrf52832_xxaa_SEGGER_RTT.c.o
LOAD _build/nrf52832_xxaa_SEGGER_RTT_printf.c.o
LOAD _build/nrf52832_xxaa_gcc_startup_nrf52.S.o
LOAD _build/nrf52832_xxaa_system_nrf52.c.o
LOAD _build/nrf52832_xxaa_nrf_drv_gpiote.c.o
LOAD _build/nrf52832_xxaa_nrf_drv_clock.c.o
LOAD _build/nrf52832_xxaa_app_timer_appsh.c.o
LOAD _build/nrf52832_xxaa_app_scheduler.c.o
LOAD /usr/local/gcc-arm-none-eabi-6-2017-q1-update/bin/../lib/gcc/arm-none-eabi/6.3.1/../../../../arm-none-eabi/lib/thumb/v7e-m/fpv4-sp/hard/libm.a
START GROUP
LOAD /usr/local/gcc-arm-none-eabi-6-2017-q1-update/bin/../lib/gcc/arm-none-eabi/6.3.1/thumb/v7e-m/fpv4-sp/hard/libgcc.a
LOAD /usr/local/gcc-arm-none-eabi-6-2017-q1-update/bin/../lib/gcc/arm-none-eabi/6.3.1/../../../../arm-none-eabi/lib/thumb/v7e-m/fpv4-sp/hard/libc_nano.a
END GROUP
START GROUP
LOAD /usr/local/gcc-arm-none-eabi-6-2017-q1-update/bin/../lib/gcc/arm-none-eabi/6.3.1/thumb/v7e-m/fpv4-sp/hard/libgcc.a
LOAD /usr/local/gcc-arm-none-eabi-6-2017-q1-update/bin/../lib/gcc/arm-none-eabi/6.3.1/../../../../arm-none-eabi/lib/thumb/v7e-m/fpv4-sp/hard/libc_nano.a
END GROUP
LOAD /usr/local/gcc-arm-none-eabi-6-2017-q1-update/bin/../lib/gcc/arm-none-eabi/6.3.1/thumb/v7e-m/fpv4-sp/hard/crtend.o
LOAD /usr/local/gcc-arm-none-eabi-6-2017-q1-update/bin/../lib/gcc/arm-none-eabi/6.3.1/thumb/v7e-m/fpv4-sp/hard/crtn.o
START GROUP
LOAD /usr/local/gcc-arm-none-eabi-6-2017-q1-update/bin/../lib/gcc/arm-none-eabi/6.3.1/thumb/v7e-m/fpv4-sp/hard/libgcc.a
LOAD /usr/local/gcc-arm-none-eabi-6-2017-q1-update/bin/../lib/gcc/arm-none-eabi/6.3.1/../../../../arm-none-eabi/lib/thumb/v7e-m/fpv4-sp/hard/libc.a
LOAD /usr/local/gcc-arm-none-eabi-6-2017-q1-update/bin/../lib/gcc/arm-none-eabi/6.3.1/../../../../arm-none-eabi/lib/thumb/v7e-m/fpv4-sp/hard/libnosys.a
END GROUP

.igot.plt       0x00000000200001e0        0x0 load address 0x00000000000032ec
 .igot.plt      0x00000000200001e0        0x0 /usr/local/gcc-arm-none-eabi-6-2017-q1-update/bin/../lib/gcc/arm-none-eabi/6.3.1/thumb/v7e-m/fpv4-sp/hard/crtbegin.o

.fs_data        0x00000000200001e0        0x0
                [!provide]                        PROVIDE (__start_fs_data, .)
 *(.fs_data)
                [!provide]                        PROVIDE (__stop_fs_data, .)

.pwr_mgmt_data  0x00000000200001e0        0x0
                0x00000000200001e0                PROVIDE (__start_pwr_mgmt_data, .)
 *(.pwr_mgmt_data)
                0x00000000200001e0                PROVIDE (__stop_pwr_mgmt_data, .)

.bss            0x00000000200001e0      0x770 load address 0x00000000000032ec
                0x00000000200001e0                . = ALIGN (0x4)
                0x00000000200001e0                __bss_start__ = .
 *(.bss*)
 .bss           0x00000000200001e0       0x1c /usr/local/gcc-arm-none-eabi-6-2017-q1-update/bin/../lib/gcc/arm-none-eabi/6.3.1/thumb/v7e-m/fpv4-sp/hard/crtbegin.o
 .bss.m_blocking_mode
                0x00000000200001fc        0x1 _build/nrf52832_xxaa_nrf_log_backend_serial.c.o
 .bss.m_initialized
                0x00000000200001fd        0x1 _build/nrf52832_xxaa_nrf_log_backend_serial.c.o
 *fill*         0x00000000200001fe        0x2 
 .bss.m_log_data
                0x0000000020000200      0x418 _build/nrf52832_xxaa_nrf_log_frontend.c.o
 .bss.m_evt_schedule_func
                0x0000000020000618        0x4 _build/nrf52832_xxaa_app_timer.c.o
 .bss.m_op_queue
                0x000000002000061c        0x8 _build/nrf52832_xxaa_app_timer.c.o
 .bss.m_rtc1_reset
                0x0000000020000624        0x1 _build/nrf52832_xxaa_app_timer.c.o
 .bss.m_rtc1_running
                0x0000000020000625        0x1 _build/nrf52832_xxaa_app_timer.c.o
 *fill*         0x0000000020000626        0x2 
 .bss.m_ticks_elapsed
                0x0000000020000628        0x8 _build/nrf52832_xxaa_app_timer.c.o
 .bss.m_ticks_elapsed_q_read_ind
                0x0000000020000630        0x1 _build/nrf52832_xxaa_app_timer.c.o
 .bss.m_ticks_elapsed_q_write_ind
                0x0000000020000631        0x1 _build/nrf52832_xxaa_app_timer.c.o
 *fill*         0x0000000020000632        0x2 
 .bss.m_ticks_latest
                0x0000000020000634        0x4 _build/nrf52832_xxaa_app_timer.c.o
 .bss.mp_timer_id_head
                0x0000000020000638        0x4 _build/nrf52832_xxaa_app_timer.c.o
 .bss.m_in_critical_region
                0x000000002000063c        0x4 _build/nrf52832_xxaa_app_util_platform.c.o
 .bss.m_next_handler
                0x0000000020000640        0x1 _build/nrf52832_xxaa_nrf_pwr_mgmt.c.o
 .bss.m_sysoff_guard
                0x0000000020000641        0x1 _build/nrf52832_xxaa_nrf_pwr_mgmt.c.o
 .bss.m_initialized
                0x0000000020000642        0x1 _build/nrf52832_xxaa_nrf_drv_power.c.o
 *fill*         0x0000000020000643        0x1 
 .bss.m_channels_allocated
                0x0000000020000644        0x4 _build/nrf52832_xxaa_nrf_drv_ppi.c.o
 .bss.m_drv_state
                0x0000000020000648        0x1 _build/nrf52832_xxaa_nrf_drv_ppi.c.o
 *fill*         0x0000000020000649        0x3 
 .bss.m_cb      0x000000002000064c       0x30 _build/nrf52832_xxaa_nrf_drv_saadc.c.o
 .bss.m_cb      0x000000002000067c        0xc _build/nrf52832_xxaa_nrf_drv_timer.c.o
 .bss.m_cb      0x0000000020000688       0x20 _build/nrf52832_xxaa_nrf_drv_uart.c.o
 .bss.m_adc_evt_counter
                0x00000000200006a8        0x4 _build/nrf52832_xxaa_main.c.o
 .bss.m_buffer_pool
                0x00000000200006ac        0x8 _build/nrf52832_xxaa_main.c.o
 .bss.m_ppi_channel
                0x00000000200006b4        0x1 _build/nrf52832_xxaa_main.c.o
 *fill*         0x00000000200006b5        0x3 
 .bss._acDownBuffer
                0x00000000200006b8       0x10 _build/nrf52832_xxaa_SEGGER_RTT.c.o
 .bss._acUpBuffer
                0x00000000200006c8      0x200 _build/nrf52832_xxaa_SEGGER_RTT.c.o
 .bss.__malloc_free_list
                0x00000000200008c8        0x4 /usr/local/gcc-arm-none-eabi-6-2017-q1-update/bin/../lib/gcc/arm-none-eabi/6.3.1/../../../../arm-none-eabi/lib/thumb/v7e-m/fpv4-sp/hard/libc_nano.a(lib_a-nano-mallocr.o)
                0x00000000200008c8                __malloc_free_list
 .bss.__malloc_sbrk_start
                0x00000000200008cc        0x4 /usr/local/gcc-arm-none-eabi-6-2017-q1-update/bin/../lib/gcc/arm-none-eabi/6.3.1/../../../../arm-none-eabi/lib/thumb/v7e-m/fpv4-sp/hard/libc_nano.a(lib_a-nano-mallocr.o)
                0x00000000200008cc                __malloc_sbrk_start
 .bss.heap_end.5239
                0x00000000200008d0        0x4 /usr/local/gcc-arm-none-eabi-6-2017-q1-update/bin/../lib/gcc/arm-none-eabi/6.3.1/../../../../arm-none-eabi/lib/thumb/v7e-m/fpv4-sp/hard/libnosys.a(sbrk.o)
 *(COMMON)
 COMMON         0x00000000200008d4       0x78 _build/nrf52832_xxaa_SEGGER_RTT.c.o
                0x00000000200008d4                _SEGGER_RTT
 COMMON         0x000000002000094c        0x4 /usr/local/gcc-arm-none-eabi-6-2017-q1-update/bin/../lib/gcc/arm-none-eabi/6.3.1/../../../../arm-none-eabi/lib/thumb/v7e-m/fpv4-sp/hard/libc_nano.a(lib_a-reent.o)
                0x000000002000094c                errno
                0x0000000020000950                . = ALIGN (0x4)
                0x0000000020000950                __bss_end__ = .

.heap           0x0000000020000950     0x2000
                0x0000000020000950                __HeapBase = .
                0x0000000020000950                __end__ = .
                0x0000000020000950                PROVIDE (end, .)
 *(.heap*)
 .heap          0x0000000020000950     0x2000 _build/nrf52832_xxaa_gcc_startup_nrf52.S.o
                0x0000000020002950                __HeapLimit = .

.stack_dummy    0x0000000020000950     0x2000
 *(.stack*)
 .stack         0x0000000020000950     0x2000 _build/nrf52832_xxaa_gcc_startup_nrf52.S.o
                0x0000000020010000                __StackTop = (ORIGIN (RAM) + LENGTH (RAM))
                0x000000002000e000                __StackLimit = (__StackTop - SIZEOF (.stack_dummy))
                0x0000000020010000                PROVIDE (__stack, __StackTop)
                0x0000000000000001                ASSERT ((__StackLimit >= __HeapLimit), region RAM overflowed with stack)
OUTPUT(_build/nrf52832_xxaa.out elf32-littlearm)

.ARM.attributes
                0x0000000000000000       0x30
 .ARM.attributes
                0x0000000000000000       0x22 /usr/local/gcc-arm-none-eabi-6-2017-q1-update/bin/../lib/gcc/arm-none-eabi/6.3.1/thumb/v7e-m/fpv4-sp/hard/crti.o
 .ARM.attributes
                0x0000000000000022       0x34 /usr/local/gcc-arm-none-eabi-6-2017-q1-update/bin/../lib/gcc/arm-none-eabi/6.3.1/thumb/v7e-m/fpv4-sp/hard/crtbegin.o
 .ARM.attributes
                0x0000000000000056       0x20 /usr/local/gcc-arm-none-eabi-6-2017-q1-update/bin/../lib/gcc/arm-none-eabi/6.3.1/../../../../arm-none-eabi/lib/thumb/v7e-m/fpv4-sp/hard/crt0.o
 .ARM.attributes
                0x0000000000000076       0x34 /usr/local/gcc-arm-none-eabi-6-2017-q1-update/bin/../lib/gcc/arm-none-eabi/6.3.1/../../../../arm-none-eabi/lib/thumb/v7e-m/fpv4-sp/hard/libc_nano.a(lib_a-exit.o)
 .ARM.attributes
                0x00000000000000aa       0x34 /usr/local/gcc-arm-none-eabi-6-2017-q1-update/bin/../lib/gcc/arm-none-eabi/6.3.1/../../../../arm-none-eabi/lib/thumb/v7e-m/fpv4-sp/hard/libc_nano.a(lib_a-impure.o)
 .ARM.attributes
                0x00000000000000de       0x34 /usr/local/gcc-arm-none-eabi-6-2017-q1-update/bin/../lib/gcc/arm-none-eabi/6.3.1/../../../../arm-none-eabi/lib/thumb/v7e-m/fpv4-sp/hard/libc_nano.a(lib_a-init.o)
 .ARM.attributes
                0x0000000000000112       0x34 /usr/local/gcc-arm-none-eabi-6-2017-q1-update/bin/../lib/gcc/arm-none-eabi/6.3.1/../../../../arm-none-eabi/lib/thumb/v7e-m/fpv4-sp/hard/libc_nano.a(lib_a-memset.o)
 .ARM.attributes
                0x0000000000000146       0x34 /usr/local/gcc-arm-none-eabi-6-2017-q1-update/bin/../lib/gcc/arm-none-eabi/6.3.1/../../../../arm-none-eabi/lib/thumb/v7e-m/fpv4-sp/hard/libnosys.a(_exit.o)
 .ARM.attributes
                0x000000000000017a       0x39 _build/nrf52832_xxaa_nrf_log_backend_serial.c.o
 .ARM.attributes
                0x00000000000001b3       0x39 _build/nrf52832_xxaa_nrf_log_frontend.c.o
 .ARM.attributes
                0x00000000000001ec       0x39 _build/nrf52832_xxaa_app_error.c.o
 .ARM.attributes
                0x0000000000000225       0x39 _build/nrf52832_xxaa_app_error_weak.c.o
 .ARM.attributes
                0x000000000000025e       0x39 _build/nrf52832_xxaa_app_timer.c.o
 .ARM.attributes
                0x0000000000000297       0x39 _build/nrf52832_xxaa_app_util_platform.c.o
 .ARM.attributes
                0x00000000000002d0       0x39 _build/nrf52832_xxaa_nrf_pwr_mgmt.c.o
 .ARM.attributes
                0x0000000000000309       0x39 _build/nrf52832_xxaa_nrf_drv_common.c.o
 .ARM.attributes
                0x0000000000000342       0x39 _build/nrf52832_xxaa_nrf_drv_power.c.o
 .ARM.attributes
                0x000000000000037b       0x39 _build/nrf52832_xxaa_nrf_drv_ppi.c.o
 .ARM.attributes
                0x00000000000003b4       0x39 _build/nrf52832_xxaa_nrf_drv_saadc.c.o
 .ARM.attributes
                0x00000000000003ed       0x39 _build/nrf52832_xxaa_nrf_drv_timer.c.o
 .ARM.attributes
                0x0000000000000426       0x39 _build/nrf52832_xxaa_nrf_drv_uart.c.o
 .ARM.attributes
                0x000000000000045f       0x39 _build/nrf52832_xxaa_nrf_saadc.c.o
 .ARM.attributes
                0x0000000000000498       0x39 _build/nrf52832_xxaa_main.c.o
 .ARM.attributes
                0x00000000000004d1       0x39 _build/nrf52832_xxaa_SEGGER_RTT.c.o
 .ARM.attributes
                0x000000000000050a       0x1c _build/nrf52832_xxaa_gcc_startup_nrf52.S.o
 .ARM.attributes
                0x0000000000000526       0x39 _build/nrf52832_xxaa_system_nrf52.c.o
 .ARM.attributes
                0x000000000000055f       0x34 /usr/local/gcc-arm-none-eabi-6-2017-q1-update/bin/../lib/gcc/arm-none-eabi/6.3.1/../../../../arm-none-eabi/lib/thumb/v7e-m/fpv4-sp/hard/libc_nano.a(lib_a-locale.o)
 .ARM.attributes
                0x0000000000000593       0x34 /usr/local/gcc-arm-none-eabi-6-2017-q1-update/bin/../lib/gcc/arm-none-eabi/6.3.1/../../../../arm-none-eabi/lib/thumb/v7e-m/fpv4-sp/hard/libc_nano.a(lib_a-mbtowc_r.o)
 .ARM.attributes
                0x00000000000005c7       0x34 /usr/local/gcc-arm-none-eabi-6-2017-q1-update/bin/../lib/gcc/arm-none-eabi/6.3.1/../../../../arm-none-eabi/lib/thumb/v7e-m/fpv4-sp/hard/libc_nano.a(lib_a-memcpy-stub.o)
 .ARM.attributes
                0x00000000000005fb       0x34 /usr/local/gcc-arm-none-eabi-6-2017-q1-update/bin/../lib/gcc/arm-none-eabi/6.3.1/../../../../arm-none-eabi/lib/thumb/v7e-m/fpv4-sp/hard/libc_nano.a(lib_a-snprintf.o)
 .ARM.attributes
                0x000000000000062f       0x34 /usr/local/gcc-arm-none-eabi-6-2017-q1-update/bin/../lib/gcc/arm-none-eabi/6.3.1/../../../../arm-none-eabi/lib/thumb/v7e-m/fpv4-sp/hard/libc_nano.a(lib_a-strcpy.o)
 .ARM.attributes
                0x0000000000000663       0x1b /usr/local/gcc-arm-none-eabi-6-2017-q1-update/bin/../lib/gcc/arm-none-eabi/6.3.1/../../../../arm-none-eabi/lib/thumb/v7e-m/fpv4-sp/hard/libc_nano.a(lib_a-strlen.o)
 .ARM.attributes
                0x000000000000067e       0x34 /usr/local/gcc-arm-none-eabi-6-2017-q1-update/bin/../lib/gcc/arm-none-eabi/6.3.1/../../../../arm-none-eabi/lib/thumb/v7e-m/fpv4-sp/hard/libc_nano.a(lib_a-wctomb_r.o)
 .ARM.attributes
                0x00000000000006b2       0x34 /usr/local/gcc-arm-none-eabi-6-2017-q1-update/bin/../lib/gcc/arm-none-eabi/6.3.1/../../../../arm-none-eabi/lib/thumb/v7e-m/fpv4-sp/hard/libc_nano.a(lib_a-ctype_.o)
 .ARM.attributes
                0x00000000000006e6       0x34 /usr/local/gcc-arm-none-eabi-6-2017-q1-update/bin/../lib/gcc/arm-none-eabi/6.3.1/../../../../arm-none-eabi/lib/thumb/v7e-m/fpv4-sp/hard/libc_nano.a(lib_a-nano-svfprintf.o)
 .ARM.attributes
                0x000000000000071a       0x34 /usr/local/gcc-arm-none-eabi-6-2017-q1-update/bin/../lib/gcc/arm-none-eabi/6.3.1/../../../../arm-none-eabi/lib/thumb/v7e-m/fpv4-sp/hard/libc_nano.a(lib_a-nano-vfprintf_i.o)
 .ARM.attributes
                0x000000000000074e       0x20 /usr/local/gcc-arm-none-eabi-6-2017-q1-update/bin/../lib/gcc/arm-none-eabi/6.3.1/../../../../arm-none-eabi/lib/thumb/v7e-m/fpv4-sp/hard/libc_nano.a(lib_a-memchr.o)
 .ARM.attributes
                0x000000000000076e       0x34 /usr/local/gcc-arm-none-eabi-6-2017-q1-update/bin/../lib/gcc/arm-none-eabi/6.3.1/../../../../arm-none-eabi/lib/thumb/v7e-m/fpv4-sp/hard/libc_nano.a(lib_a-memmove.o)
 .ARM.attributes
                0x00000000000007a2       0x34 /usr/local/gcc-arm-none-eabi-6-2017-q1-update/bin/../lib/gcc/arm-none-eabi/6.3.1/../../../../arm-none-eabi/lib/thumb/v7e-m/fpv4-sp/hard/libc_nano.a(lib_a-nano-freer.o)
 .ARM.attributes
                0x00000000000007d6       0x34 /usr/local/gcc-arm-none-eabi-6-2017-q1-update/bin/../lib/gcc/arm-none-eabi/6.3.1/../../../../arm-none-eabi/lib/thumb/v7e-m/fpv4-sp/hard/libc_nano.a(lib_a-nano-mallocr.o)
 .ARM.attributes
                0x000000000000080a       0x34 /usr/local/gcc-arm-none-eabi-6-2017-q1-update/bin/../lib/gcc/arm-none-eabi/6.3.1/../../../../arm-none-eabi/lib/thumb/v7e-m/fpv4-sp/hard/libc_nano.a(lib_a-nano-reallocr.o)
 .ARM.attributes
                0x000000000000083e       0x34 /usr/local/gcc-arm-none-eabi-6-2017-q1-update/bin/../lib/gcc/arm-none-eabi/6.3.1/../../../../arm-none-eabi/lib/thumb/v7e-m/fpv4-sp/hard/libc_nano.a(lib_a-sbrkr.o)
 .ARM.attributes
                0x0000000000000872       0x34 /usr/local/gcc-arm-none-eabi-6-2017-q1-update/bin/../lib/gcc/arm-none-eabi/6.3.1/../../../../arm-none-eabi/lib/thumb/v7e-m/fpv4-sp/hard/libc_nano.a(lib_a-mlock.o)
 .ARM.attributes
                0x00000000000008a6       0x34 /usr/local/gcc-arm-none-eabi-6-2017-q1-update/bin/../lib/gcc/arm-none-eabi/6.3.1/../../../../arm-none-eabi/lib/thumb/v7e-m/fpv4-sp/hard/libc_nano.a(lib_a-nano-msizer.o)
 .ARM.attributes
                0x00000000000008da       0x34 /usr/local/gcc-arm-none-eabi-6-2017-q1-update/bin/../lib/gcc/arm-none-eabi/6.3.1/../../../../arm-none-eabi/lib/thumb/v7e-m/fpv4-sp/hard/libc_nano.a(lib_a-reent.o)
 .ARM.attributes
                0x000000000000090e       0x34 /usr/local/gcc-arm-none-eabi-6-2017-q1-update/bin/../lib/gcc/arm-none-eabi/6.3.1/thumb/v7e-m/fpv4-sp/hard/crtend.o
 .ARM.attributes
                0x0000000000000942       0x22 /usr/local/gcc-arm-none-eabi-6-2017-q1-update/bin/../lib/gcc/arm-none-eabi/6.3.1/thumb/v7e-m/fpv4-sp/hard/crtn.o
 .ARM.attributes
                0x0000000000000964       0x34 /usr/local/gcc-arm-none-eabi-6-2017-q1-update/bin/../lib/gcc/arm-none-eabi/6.3.1/../../../../arm-none-eabi/lib/thumb/v7e-m/fpv4-sp/hard/libnosys.a(sbrk.o)

.comment        0x0000000000000000       0x7f
 .comment       0x0000000000000000       0x7f _build/nrf52832_xxaa_nrf_log_backend_serial.c.o
                                         0x80 (size before relaxing)
 .comment       0x000000000000007f       0x80 _build/nrf52832_xxaa_nrf_log_frontend.c.o
 .comment       0x000000000000007f       0x80 _build/nrf52832_xxaa_app_error.c.o
 .comment       0x000000000000007f       0x80 _build/nrf52832_xxaa_app_error_weak.c.o
 .comment       0x000000000000007f       0x80 _build/nrf52832_xxaa_app_timer.c.o
 .comment       0x000000000000007f       0x80 _build/nrf52832_xxaa_app_util_platform.c.o
 .comment       0x000000000000007f       0x80 _build/nrf52832_xxaa_nrf_pwr_mgmt.c.o
 .comment       0x000000000000007f       0x80 _build/nrf52832_xxaa_nrf_drv_common.c.o
 .comment       0x000000000000007f       0x80 _build/nrf52832_xxaa_nrf_drv_power.c.o
 .comment       0x000000000000007f       0x80 _build/nrf52832_xxaa_nrf_drv_ppi.c.o
 .comment       0x000000000000007f       0x80 _build/nrf52832_xxaa_nrf_drv_saadc.c.o
 .comment       0x000000000000007f       0x80 _build/nrf52832_xxaa_nrf_drv_timer.c.o
 .comment       0x000000000000007f       0x80 _build/nrf52832_xxaa_nrf_drv_uart.c.o
 .comment       0x000000000000007f       0x80 _build/nrf52832_xxaa_nrf_saadc.c.o
 .comment       0x000000000000007f       0x80 _build/nrf52832_xxaa_main.c.o
 .comment       0x000000000000007f       0x80 _build/nrf52832_xxaa_SEGGER_RTT.c.o
 .comment       0x000000000000007f       0x80 _build/nrf52832_xxaa_system_nrf52.c.o

.debug_frame    0x0000000000000000     0x1668
 .debug_frame   0x0000000000000000       0x28 /usr/local/gcc-arm-none-eabi-6-2017-q1-update/bin/../lib/gcc/arm-none-eabi/6.3.1/../../../../arm-none-eabi/lib/thumb/v7e-m/fpv4-sp/hard/libc_nano.a(lib_a-exit.o)
 .debug_frame   0x0000000000000028       0x2c /usr/local/gcc-arm-none-eabi-6-2017-q1-update/bin/../lib/gcc/arm-none-eabi/6.3.1/../../../../arm-none-eabi/lib/thumb/v7e-m/fpv4-sp/hard/libc_nano.a(lib_a-init.o)
 .debug_frame   0x0000000000000054       0x20 /usr/local/gcc-arm-none-eabi-6-2017-q1-update/bin/../lib/gcc/arm-none-eabi/6.3.1/../../../../arm-none-eabi/lib/thumb/v7e-m/fpv4-sp/hard/libc_nano.a(lib_a-memset.o)
 .debug_frame   0x0000000000000074       0x20 /usr/local/gcc-arm-none-eabi-6-2017-q1-update/bin/../lib/gcc/arm-none-eabi/6.3.1/../../../../arm-none-eabi/lib/thumb/v7e-m/fpv4-sp/hard/libnosys.a(_exit.o)
 .debug_frame   0x0000000000000094       0xc4 _build/nrf52832_xxaa_nrf_log_backend_serial.c.o
 .debug_frame   0x0000000000000158      0x2c4 _build/nrf52832_xxaa_nrf_log_frontend.c.o
 .debug_frame   0x000000000000041c       0x70 _build/nrf52832_xxaa_app_error.c.o
 .debug_frame   0x000000000000048c       0x28 _build/nrf52832_xxaa_app_error_weak.c.o
 .debug_frame   0x00000000000004b4      0x114 _build/nrf52832_xxaa_app_timer.c.o
 .debug_frame   0x00000000000005c8       0x50 _build/nrf52832_xxaa_app_util_platform.c.o
 .debug_frame   0x0000000000000618       0x5c _build/nrf52832_xxaa_nrf_pwr_mgmt.c.o
 .debug_frame   0x0000000000000674       0x3c _build/nrf52832_xxaa_nrf_drv_common.c.o
 .debug_frame   0x00000000000006b0       0xd0 _build/nrf52832_xxaa_nrf_drv_power.c.o
 .debug_frame   0x0000000000000780      0x174 _build/nrf52832_xxaa_nrf_drv_ppi.c.o
 .debug_frame   0x00000000000008f4      0x1f8 _build/nrf52832_xxaa_nrf_drv_saadc.c.o
 .debug_frame   0x0000000000000aec      0x170 _build/nrf52832_xxaa_nrf_drv_timer.c.o
 .debug_frame   0x0000000000000c5c      0x1b0 _build/nrf52832_xxaa_nrf_drv_uart.c.o
 .debug_frame   0x0000000000000e0c       0x34 _build/nrf52832_xxaa_nrf_saadc.c.o
 .debug_frame   0x0000000000000e40       0xb4 _build/nrf52832_xxaa_main.c.o
 .debug_frame   0x0000000000000ef4      0x2cc _build/nrf52832_xxaa_SEGGER_RTT.c.o
 .debug_frame   0x00000000000011c0       0x48 _build/nrf52832_xxaa_system_nrf52.c.o
 .debug_frame   0x0000000000001208       0x68 /usr/local/gcc-arm-none-eabi-6-2017-q1-update/bin/../lib/gcc/arm-none-eabi/6.3.1/../../../../arm-none-eabi/lib/thumb/v7e-m/fpv4-sp/hard/libc_nano.a(lib_a-locale.o)
 .debug_frame   0x0000000000001270       0x48 /usr/local/gcc-arm-none-eabi-6-2017-q1-update/bin/../lib/gcc/arm-none-eabi/6.3.1/../../../../arm-none-eabi/lib/thumb/v7e-m/fpv4-sp/hard/libc_nano.a(lib_a-mbtowc_r.o)
 .debug_frame   0x00000000000012b8       0x28 /usr/local/gcc-arm-none-eabi-6-2017-q1-update/bin/../lib/gcc/arm-none-eabi/6.3.1/../../../../arm-none-eabi/lib/thumb/v7e-m/fpv4-sp/hard/libc_nano.a(lib_a-memcpy-stub.o)
 .debug_frame   0x00000000000012e0       0x7c /usr/local/gcc-arm-none-eabi-6-2017-q1-update/bin/../lib/gcc/arm-none-eabi/6.3.1/../../../../arm-none-eabi/lib/thumb/v7e-m/fpv4-sp/hard/libc_nano.a(lib_a-snprintf.o)
 .debug_frame   0x000000000000135c       0x20 /usr/local/gcc-arm-none-eabi-6-2017-q1-update/bin/../lib/gcc/arm-none-eabi/6.3.1/../../../../arm-none-eabi/lib/thumb/v7e-m/fpv4-sp/hard/libc_nano.a(lib_a-strcpy.o)
 .debug_frame   0x000000000000137c       0x3c /usr/local/gcc-arm-none-eabi-6-2017-q1-update/bin/../lib/gcc/arm-none-eabi/6.3.1/../../../../arm-none-eabi/lib/thumb/v7e-m/fpv4-sp/hard/libc_nano.a(lib_a-wctomb_r.o)
 .debug_frame   0x00000000000013b8       0x90 /usr/local/gcc-arm-none-eabi-6-2017-q1-update/bin/../lib/gcc/arm-none-eabi/6.3.1/../../../../arm-none-eabi/lib/thumb/v7e-m/fpv4-sp/hard/libc_nano.a(lib_a-nano-svfprintf.o)
 .debug_frame   0x0000000000001448       0x60 /usr/local/gcc-arm-none-eabi-6-2017-q1-update/bin/../lib/gcc/arm-none-eabi/6.3.1/../../../../arm-none-eabi/lib/thumb/v7e-m/fpv4-sp/hard/libc_nano.a(lib_a-nano-vfprintf_i.o)
 .debug_frame   0x00000000000014a8       0x28 /usr/local/gcc-arm-none-eabi-6-2017-q1-update/bin/../lib/gcc/arm-none-eabi/6.3.1/../../../../arm-none-eabi/lib/thumb/v7e-m/fpv4-sp/hard/libc_nano.a(lib_a-memmove.o)
 .debug_frame   0x00000000000014d0       0x38 /usr/local/gcc-arm-none-eabi-6-2017-q1-update/bin/../lib/gcc/arm-none-eabi/6.3.1/../../../../arm-none-eabi/lib/thumb/v7e-m/fpv4-sp/hard/libc_nano.a(lib_a-nano-freer.o)
 .debug_frame   0x0000000000001508       0x2c /usr/local/gcc-arm-none-eabi-6-2017-q1-update/bin/../lib/gcc/arm-none-eabi/6.3.1/../../../../arm-none-eabi/lib/thumb/v7e-m/fpv4-sp/hard/libc_nano.a(lib_a-nano-mallocr.o)
 .debug_frame   0x0000000000001534       0x3c /usr/local/gcc-arm-none-eabi-6-2017-q1-update/bin/../lib/gcc/arm-none-eabi/6.3.1/../../../../arm-none-eabi/lib/thumb/v7e-m/fpv4-sp/hard/libc_nano.a(lib_a-nano-reallocr.o)
 .debug_frame   0x0000000000001570       0x2c /usr/local/gcc-arm-none-eabi-6-2017-q1-update/bin/../lib/gcc/arm-none-eabi/6.3.1/../../../../arm-none-eabi/lib/thumb/v7e-m/fpv4-sp/hard/libc_nano.a(lib_a-sbrkr.o)
 .debug_frame   0x000000000000159c       0x30 /usr/local/gcc-arm-none-eabi-6-2017-q1-update/bin/../lib/gcc/arm-none-eabi/6.3.1/../../../../arm-none-eabi/lib/thumb/v7e-m/fpv4-sp/hard/libc_nano.a(lib_a-mlock.o)
 .debug_frame   0x00000000000015cc       0x20 /usr/local/gcc-arm-none-eabi-6-2017-q1-update/bin/../lib/gcc/arm-none-eabi/6.3.1/../../../../arm-none-eabi/lib/thumb/v7e-m/fpv4-sp/hard/libc_nano.a(lib_a-nano-msizer.o)
 .debug_frame   0x00000000000015ec       0x5c /usr/local/gcc-arm-none-eabi-6-2017-q1-update/bin/../lib/gcc/arm-none-eabi/6.3.1/../../../../arm-none-eabi/lib/thumb/v7e-m/fpv4-sp/hard/libc_nano.a(lib_a-reent.o)
 .debug_frame   0x0000000000001648       0x20 /usr/local/gcc-arm-none-eabi-6-2017-q1-update/bin/../lib/gcc/arm-none-eabi/6.3.1/../../../../arm-none-eabi/lib/thumb/v7e-m/fpv4-sp/hard/libnosys.a(sbrk.o)

.debug_info     0x0000000000000000    0x1be34
 .debug_info    0x0000000000000000     0x13ce _build/nrf52832_xxaa_nrf_log_backend_serial.c.o
 .debug_info    0x00000000000013ce     0x1d3d _build/nrf52832_xxaa_nrf_log_frontend.c.o
 .debug_info    0x000000000000310b      0xbc6 _build/nrf52832_xxaa_app_error.c.o
 .debug_info    0x0000000000003cd1      0xc47 _build/nrf52832_xxaa_app_error_weak.c.o
 .debug_info    0x0000000000004918     0x2433 _build/nrf52832_xxaa_app_timer.c.o
 .debug_info    0x0000000000006d4b      0xa74 _build/nrf52832_xxaa_app_util_platform.c.o
 .debug_info    0x00000000000077bf     0x1258 _build/nrf52832_xxaa_nrf_pwr_mgmt.c.o
 .debug_info    0x0000000000008a17      0xed8 _build/nrf52832_xxaa_nrf_drv_common.c.o
 .debug_info    0x00000000000098ef     0x1640 _build/nrf52832_xxaa_nrf_drv_power.c.o
 .debug_info    0x000000000000af2f     0x1ab2 _build/nrf52832_xxaa_nrf_drv_ppi.c.o
 .debug_info    0x000000000000c9e1     0x2803 _build/nrf52832_xxaa_nrf_drv_saadc.c.o
 .debug_info    0x000000000000f1e4     0x1e15 _build/nrf52832_xxaa_nrf_drv_timer.c.o
 .debug_info    0x0000000000010ff9     0x4ba8 _build/nrf52832_xxaa_nrf_drv_uart.c.o
 .debug_info    0x0000000000015ba1      0xf0e _build/nrf52832_xxaa_nrf_saadc.c.o
 .debug_info    0x0000000000016aaf     0x1a45 _build/nrf52832_xxaa_main.c.o
 .debug_info    0x00000000000184f4     0x2b6a _build/nrf52832_xxaa_SEGGER_RTT.c.o
 .debug_info    0x000000000001b05e      0xdd6 _build/nrf52832_xxaa_system_nrf52.c.o

.debug_abbrev   0x0000000000000000     0x3ae9
 .debug_abbrev  0x0000000000000000      0x3ee _build/nrf52832_xxaa_nrf_log_backend_serial.c.o
 .debug_abbrev  0x00000000000003ee      0x41c _build/nrf52832_xxaa_nrf_log_frontend.c.o
 .debug_abbrev  0x000000000000080a      0x235 _build/nrf52832_xxaa_app_error.c.o
 .debug_abbrev  0x0000000000000a3f      0x244 _build/nrf52832_xxaa_app_error_weak.c.o
 .debug_abbrev  0x0000000000000c83      0x47c _build/nrf52832_xxaa_app_timer.c.o
 .debug_abbrev  0x00000000000010ff      0x249 _build/nrf52832_xxaa_app_util_platform.c.o
 .debug_abbrev  0x0000000000001348      0x389 _build/nrf52832_xxaa_nrf_pwr_mgmt.c.o
 .debug_abbrev  0x00000000000016d1      0x29f _build/nrf52832_xxaa_nrf_drv_common.c.o
 .debug_abbrev  0x0000000000001970      0x42d _build/nrf52832_xxaa_nrf_drv_power.c.o
 .debug_abbrev  0x0000000000001d9d      0x3f1 _build/nrf52832_xxaa_nrf_drv_ppi.c.o
 .debug_abbrev  0x000000000000218e      0x531 _build/nrf52832_xxaa_nrf_drv_saadc.c.o
 .debug_abbrev  0x00000000000026bf      0x447 _build/nrf52832_xxaa_nrf_drv_timer.c.o
 .debug_abbrev  0x0000000000002b06      0x45b _build/nrf52832_xxaa_nrf_drv_uart.c.o
 .debug_abbrev  0x0000000000002f61      0x24f _build/nrf52832_xxaa_nrf_saadc.c.o
 .debug_abbrev  0x00000000000031b0      0x395 _build/nrf52832_xxaa_main.c.o
 .debug_abbrev  0x0000000000003545      0x3c2 _build/nrf52832_xxaa_SEGGER_RTT.c.o
 .debug_abbrev  0x0000000000003907      0x1e2 _build/nrf52832_xxaa_system_nrf52.c.o

.debug_loc      0x0000000000000000     0xc4a2
 .debug_loc     0x0000000000000000     0x11cc _build/nrf52832_xxaa_nrf_log_backend_serial.c.o
 .debug_loc     0x00000000000011cc     0x1c66 _build/nrf52832_xxaa_nrf_log_frontend.c.o
 .debug_loc     0x0000000000002e32      0x145 _build/nrf52832_xxaa_app_error.c.o
 .debug_loc     0x0000000000002f77       0x63 _build/nrf52832_xxaa_app_error_weak.c.o
 .debug_loc     0x0000000000002fda      0xe07 _build/nrf52832_xxaa_app_timer.c.o
 .debug_loc     0x0000000000003de1       0x83 _build/nrf52832_xxaa_nrf_pwr_mgmt.c.o
 .debug_loc     0x0000000000003e64       0xea _build/nrf52832_xxaa_nrf_drv_common.c.o
 .debug_loc     0x0000000000003f4e      0x24d _build/nrf52832_xxaa_nrf_drv_power.c.o
 .debug_loc     0x000000000000419b      0x8be _build/nrf52832_xxaa_nrf_drv_ppi.c.o
 .debug_loc     0x0000000000004a59     0x12d6 _build/nrf52832_xxaa_nrf_drv_saadc.c.o
 .debug_loc     0x0000000000005d2f      0x982 _build/nrf52832_xxaa_nrf_drv_timer.c.o
 .debug_loc     0x00000000000066b1     0x2850 _build/nrf52832_xxaa_nrf_drv_uart.c.o
 .debug_loc     0x0000000000008f01       0x53 _build/nrf52832_xxaa_nrf_saadc.c.o
 .debug_loc     0x0000000000008f54      0x2de _build/nrf52832_xxaa_main.c.o
 .debug_loc     0x0000000000009232     0x3270 _build/nrf52832_xxaa_SEGGER_RTT.c.o

.debug_aranges  0x0000000000000000      0x5a8
 .debug_aranges
                0x0000000000000000       0x48 _build/nrf52832_xxaa_nrf_log_backend_serial.c.o
 .debug_aranges
                0x0000000000000048       0x98 _build/nrf52832_xxaa_nrf_log_frontend.c.o
 .debug_aranges
                0x00000000000000e0       0x30 _build/nrf52832_xxaa_app_error.c.o
 .debug_aranges
                0x0000000000000110       0x20 _build/nrf52832_xxaa_app_error_weak.c.o
 .debug_aranges
                0x0000000000000130       0x60 _build/nrf52832_xxaa_app_timer.c.o
 .debug_aranges
                0x0000000000000190       0x38 _build/nrf52832_xxaa_app_util_platform.c.o
 .debug_aranges
                0x00000000000001c8       0x30 _build/nrf52832_xxaa_nrf_pwr_mgmt.c.o
 .debug_aranges
                0x00000000000001f8       0x28 _build/nrf52832_xxaa_nrf_drv_common.c.o
 .debug_aranges
                0x0000000000000220       0x58 _build/nrf52832_xxaa_nrf_drv_power.c.o
 .debug_aranges
                0x0000000000000278       0x88 _build/nrf52832_xxaa_nrf_drv_ppi.c.o
 .debug_aranges
                0x0000000000000300       0x80 _build/nrf52832_xxaa_nrf_drv_saadc.c.o
 .debug_aranges
                0x0000000000000380       0x88 _build/nrf52832_xxaa_nrf_drv_timer.c.o
 .debug_aranges
                0x0000000000000408       0x70 _build/nrf52832_xxaa_nrf_drv_uart.c.o
 .debug_aranges
                0x0000000000000478       0x20 _build/nrf52832_xxaa_nrf_saadc.c.o
 .debug_aranges
                0x0000000000000498       0x48 _build/nrf52832_xxaa_main.c.o
 .debug_aranges
                0x00000000000004e0       0xa0 _build/nrf52832_xxaa_SEGGER_RTT.c.o
 .debug_aranges
                0x0000000000000580       0x28 _build/nrf52832_xxaa_system_nrf52.c.o

.debug_ranges   0x0000000000000000     0x29f0
 .debug_ranges  0x0000000000000000      0x108 _build/nrf52832_xxaa_nrf_log_backend_serial.c.o
 .debug_ranges  0x0000000000000108      0x240 _build/nrf52832_xxaa_nrf_log_frontend.c.o
 .debug_ranges  0x0000000000000348       0x20 _build/nrf52832_xxaa_app_error.c.o
 .debug_ranges  0x0000000000000368       0x10 _build/nrf52832_xxaa_app_error_weak.c.o
 .debug_ranges  0x0000000000000378      0x4b0 _build/nrf52832_xxaa_app_timer.c.o
 .debug_ranges  0x0000000000000828       0x28 _build/nrf52832_xxaa_app_util_platform.c.o
 .debug_ranges  0x0000000000000850       0x78 _build/nrf52832_xxaa_nrf_pwr_mgmt.c.o
 .debug_ranges  0x00000000000008c8       0x38 _build/nrf52832_xxaa_nrf_drv_common.c.o
 .debug_ranges  0x0000000000000900      0x238 _build/nrf52832_xxaa_nrf_drv_power.c.o
 .debug_ranges  0x0000000000000b38      0x288 _build/nrf52832_xxaa_nrf_drv_ppi.c.o
 .debug_ranges  0x0000000000000dc0      0xa58 _build/nrf52832_xxaa_nrf_drv_saadc.c.o
 .debug_ranges  0x0000000000001818      0x240 _build/nrf52832_xxaa_nrf_drv_timer.c.o
 .debug_ranges  0x0000000000001a58      0x830 _build/nrf52832_xxaa_nrf_drv_uart.c.o
 .debug_ranges  0x0000000000002288       0x10 _build/nrf52832_xxaa_nrf_saadc.c.o
 .debug_ranges  0x0000000000002298      0x160 _build/nrf52832_xxaa_main.c.o
 .debug_ranges  0x00000000000023f8      0x4f0 _build/nrf52832_xxaa_SEGGER_RTT.c.o
 .debug_ranges  0x00000000000028e8      0x108 _build/nrf52832_xxaa_system_nrf52.c.o

.debug_macro    0x0000000000000000    0x153a9
 .debug_macro   0x0000000000000000      0x2ff _build/nrf52832_xxaa_nrf_log_backend_serial.c.o
 .debug_macro   0x00000000000002ff      0x8f8 _build/nrf52832_xxaa_nrf_log_backend_serial.c.o
 .debug_macro   0x0000000000000bf7       0x22 _build/nrf52832_xxaa_nrf_log_backend_serial.c.o
 .debug_macro   0x0000000000000c19       0x4f _build/nrf52832_xxaa_nrf_log_backend_serial.c.o
 .debug_macro   0x0000000000000c68       0x51 _build/nrf52832_xxaa_nrf_log_backend_serial.c.o
 .debug_macro   0x0000000000000cb9       0xef _build/nrf52832_xxaa_nrf_log_backend_serial.c.o
 .debug_macro   0x0000000000000da8       0x6a _build/nrf52832_xxaa_nrf_log_backend_serial.c.o
 .debug_macro   0x0000000000000e12      0x1df _build/nrf52832_xxaa_nrf_log_backend_serial.c.o
 .debug_macro   0x0000000000000ff1       0x22 _build/nrf52832_xxaa_nrf_log_backend_serial.c.o
 .debug_macro   0x0000000000001013       0x58 _build/nrf52832_xxaa_nrf_log_backend_serial.c.o
 .debug_macro   0x000000000000106b       0x35 _build/nrf52832_xxaa_nrf_log_backend_serial.c.o
 .debug_macro   0x00000000000010a0       0x9c _build/nrf52832_xxaa_nrf_log_backend_serial.c.o
 .debug_macro   0x000000000000113c      0x16d _build/nrf52832_xxaa_nrf_log_backend_serial.c.o
 .debug_macro   0x00000000000012a9       0x58 _build/nrf52832_xxaa_nrf_log_backend_serial.c.o
 .debug_macro   0x0000000000001301       0x1f _build/nrf52832_xxaa_nrf_log_backend_serial.c.o
 .debug_macro   0x0000000000001320       0x43 _build/nrf52832_xxaa_nrf_log_backend_serial.c.o
 .debug_macro   0x0000000000001363       0x20 _build/nrf52832_xxaa_nrf_log_backend_serial.c.o
 .debug_macro   0x0000000000001383      0x187 _build/nrf52832_xxaa_nrf_log_backend_serial.c.o
 .debug_macro   0x000000000000150a      0x330 _build/nrf52832_xxaa_nrf_log_backend_serial.c.o
 .debug_macro   0x000000000000183a       0x10 _build/nrf52832_xxaa_nrf_log_backend_serial.c.o
 .debug_macro   0x000000000000184a       0x35 _build/nrf52832_xxaa_nrf_log_backend_serial.c.o
 .debug_macro   0x000000000000187f      0x1a7 _build/nrf52832_xxaa_nrf_log_backend_serial.c.o
 .debug_macro   0x0000000000001a26      0x16d _build/nrf52832_xxaa_nrf_log_backend_serial.c.o
 .debug_macro   0x0000000000001b93       0x2e _build/nrf52832_xxaa_nrf_log_backend_serial.c.o
 .debug_macro   0x0000000000001bc1       0x22 _build/nrf52832_xxaa_nrf_log_backend_serial.c.o
 .debug_macro   0x0000000000001be3       0x8e _build/nrf52832_xxaa_nrf_log_backend_serial.c.o
 .debug_macro   0x0000000000001c71       0xa3 _build/nrf52832_xxaa_nrf_log_backend_serial.c.o
 .debug_macro   0x0000000000001d14       0x28 _build/nrf52832_xxaa_nrf_log_backend_serial.c.o
 .debug_macro   0x0000000000001d3c       0x2d _build/nrf52832_xxaa_nrf_log_backend_serial.c.o
 .debug_macro   0x0000000000001d69       0x3b _build/nrf52832_xxaa_nrf_log_backend_serial.c.o
 .debug_macro   0x0000000000001da4       0x50 _build/nrf52832_xxaa_nrf_log_backend_serial.c.o
 .debug_macro   0x0000000000001df4      0xe66 _build/nrf52832_xxaa_nrf_log_backend_serial.c.o
 .debug_macro   0x0000000000002c5a      0x392 _build/nrf52832_xxaa_nrf_log_backend_serial.c.o
 .debug_macro   0x0000000000002fec     0xcc76 _build/nrf52832_xxaa_nrf_log_backend_serial.c.o
 .debug_macro   0x000000000000fc62     0x130f _build/nrf52832_xxaa_nrf_log_backend_serial.c.o
 .debug_macro   0x0000000000010f71       0x82 _build/nrf52832_xxaa_nrf_log_backend_serial.c.o
 .debug_macro   0x0000000000010ff3      0x395 _build/nrf52832_xxaa_nrf_log_backend_serial.c.o
 .debug_macro   0x0000000000011388       0x4b _build/nrf52832_xxaa_nrf_log_backend_serial.c.o
 .debug_macro   0x00000000000113d3       0x1c _build/nrf52832_xxaa_nrf_log_backend_serial.c.o
 .debug_macro   0x00000000000113ef       0x10 _build/nrf52832_xxaa_nrf_log_backend_serial.c.o
 .debug_macro   0x00000000000113ff       0x10 _build/nrf52832_xxaa_nrf_log_backend_serial.c.o
 .debug_macro   0x000000000001140f       0xb6 _build/nrf52832_xxaa_nrf_log_backend_serial.c.o
 .debug_macro   0x00000000000114c5       0x16 _build/nrf52832_xxaa_nrf_log_backend_serial.c.o
 .debug_macro   0x00000000000114db      0x145 _build/nrf52832_xxaa_nrf_log_backend_serial.c.o
 .debug_macro   0x0000000000011620       0x2b _build/nrf52832_xxaa_nrf_log_backend_serial.c.o
 .debug_macro   0x000000000001164b       0x10 _build/nrf52832_xxaa_nrf_log_backend_serial.c.o
 .debug_macro   0x000000000001165b       0x77 _build/nrf52832_xxaa_nrf_log_backend_serial.c.o
 .debug_macro   0x00000000000116d2       0x28 _build/nrf52832_xxaa_nrf_log_backend_serial.c.o
 .debug_macro   0x00000000000116fa       0x22 _build/nrf52832_xxaa_nrf_log_backend_serial.c.o
 .debug_macro   0x000000000001171c       0x52 _build/nrf52832_xxaa_nrf_log_backend_serial.c.o
 .debug_macro   0x000000000001176e       0x9c _build/nrf52832_xxaa_nrf_log_backend_serial.c.o
 .debug_macro   0x000000000001180a       0x3a _build/nrf52832_xxaa_nrf_log_backend_serial.c.o
 .debug_macro   0x0000000000011844      0x114 _build/nrf52832_xxaa_nrf_log_backend_serial.c.o
 .debug_macro   0x0000000000011958      0x308 _build/nrf52832_xxaa_nrf_log_frontend.c.o
 .debug_macro   0x0000000000011c60       0x22 _build/nrf52832_xxaa_nrf_log_frontend.c.o
 .debug_macro   0x0000000000011c82      0x16a _build/nrf52832_xxaa_nrf_log_frontend.c.o
 .debug_macro   0x0000000000011dec       0x5a _build/nrf52832_xxaa_nrf_log_frontend.c.o
 .debug_macro   0x0000000000011e46       0x2e _build/nrf52832_xxaa_nrf_log_frontend.c.o
 .debug_macro   0x0000000000011e74      0x2c4 _build/nrf52832_xxaa_app_error.c.o
 .debug_macro   0x0000000000012138       0x35 _build/nrf52832_xxaa_app_error.c.o
 .debug_macro   0x000000000001216d       0x22 _build/nrf52832_xxaa_app_error.c.o
 .debug_macro   0x000000000001218f       0x16 _build/nrf52832_xxaa_app_error.c.o
 .debug_macro   0x00000000000121a5       0x97 _build/nrf52832_xxaa_app_error.c.o
 .debug_macro   0x000000000001223c       0xf6 _build/nrf52832_xxaa_app_error.c.o
 .debug_macro   0x0000000000012332       0x16 _build/nrf52832_xxaa_app_error.c.o
 .debug_macro   0x0000000000012348      0x39b _build/nrf52832_xxaa_app_error.c.o
 .debug_macro   0x00000000000126e3      0x164 _build/nrf52832_xxaa_app_error.c.o
 .debug_macro   0x0000000000012847       0x16 _build/nrf52832_xxaa_app_error.c.o
 .debug_macro   0x000000000001285d      0x2c4 _build/nrf52832_xxaa_app_error_weak.c.o
 .debug_macro   0x0000000000012b21       0x1c _build/nrf52832_xxaa_app_error_weak.c.o
 .debug_macro   0x0000000000012b3d      0x313 _build/nrf52832_xxaa_app_timer.c.o
 .debug_macro   0x0000000000012e50       0x36 _build/nrf52832_xxaa_app_timer.c.o
 .debug_macro   0x0000000000012e86       0x16 _build/nrf52832_xxaa_app_timer.c.o
 .debug_macro   0x0000000000012e9c       0x22 _build/nrf52832_xxaa_app_timer.c.o
 .debug_macro   0x0000000000012ebe       0x10 _build/nrf52832_xxaa_app_timer.c.o
 .debug_macro   0x0000000000012ece      0x245 _build/nrf52832_xxaa_app_util_platform.c.o
 .debug_macro   0x0000000000013113      0x32f _build/nrf52832_xxaa_nrf_pwr_mgmt.c.o
 .debug_macro   0x0000000000013442       0x4d _build/nrf52832_xxaa_nrf_pwr_mgmt.c.o
 .debug_macro   0x000000000001348f       0x16 _build/nrf52832_xxaa_nrf_pwr_mgmt.c.o
 .debug_macro   0x00000000000134a5      0x2af _build/nrf52832_xxaa_nrf_drv_common.c.o
 .debug_macro   0x0000000000013754       0x22 _build/nrf52832_xxaa_nrf_drv_common.c.o
 .debug_macro   0x0000000000013776      0x2a6 _build/nrf52832_xxaa_nrf_drv_power.c.o
 .debug_macro   0x0000000000013a1c       0x1c _build/nrf52832_xxaa_nrf_drv_power.c.o
 .debug_macro   0x0000000000013a38      0x34d _build/nrf52832_xxaa_nrf_drv_ppi.c.o
 .debug_macro   0x0000000000013d85       0x64 _build/nrf52832_xxaa_nrf_drv_ppi.c.o
 .debug_macro   0x0000000000013de9       0x16 _build/nrf52832_xxaa_nrf_drv_ppi.c.o
 .debug_macro   0x0000000000013dff      0x32a _build/nrf52832_xxaa_nrf_drv_saadc.c.o
 .debug_macro   0x0000000000014129       0x28 _build/nrf52832_xxaa_nrf_drv_saadc.c.o
 .debug_macro   0x0000000000014151       0x22 _build/nrf52832_xxaa_nrf_drv_saadc.c.o
 .debug_macro   0x0000000000014173      0x32a _build/nrf52832_xxaa_nrf_drv_timer.c.o
 .debug_macro   0x000000000001449d       0x1c _build/nrf52832_xxaa_nrf_drv_timer.c.o
 .debug_macro   0x00000000000144b9       0x34 _build/nrf52832_xxaa_nrf_drv_timer.c.o
 .debug_macro   0x00000000000144ed      0x37e _build/nrf52832_xxaa_nrf_drv_uart.c.o
 .debug_macro   0x000000000001486b       0x10 _build/nrf52832_xxaa_nrf_drv_uart.c.o
 .debug_macro   0x000000000001487b       0x43 _build/nrf52832_xxaa_nrf_drv_uart.c.o
 .debug_macro   0x00000000000148be      0x24c _build/nrf52832_xxaa_nrf_saadc.c.o
 .debug_macro   0x0000000000014b0a      0x45e _build/nrf52832_xxaa_main.c.o
 .debug_macro   0x0000000000014f68       0x1f _build/nrf52832_xxaa_main.c.o
 .debug_macro   0x0000000000014f87       0x30 _build/nrf52832_xxaa_main.c.o
 .debug_macro   0x0000000000014fb7       0x10 _build/nrf52832_xxaa_main.c.o
 .debug_macro   0x0000000000014fc7       0x1c _build/nrf52832_xxaa_main.c.o
 .debug_macro   0x0000000000014fe3       0x10 _build/nrf52832_xxaa_main.c.o
 .debug_macro   0x0000000000014ff3      0x28d _build/nrf52832_xxaa_SEGGER_RTT.c.o
 .debug_macro   0x0000000000015280       0x34 _build/nrf52832_xxaa_SEGGER_RTT.c.o
 .debug_macro   0x00000000000152b4       0xf5 _build/nrf52832_xxaa_system_nrf52.c.o

.debug_line     0x0000000000000000     0x9cb0
 .debug_line    0x0000000000000000      0x7c1 _build/nrf52832_xxaa_nrf_log_backend_serial.c.o
 .debug_line    0x00000000000007c1      0xa60 _build/nrf52832_xxaa_nrf_log_frontend.c.o
 .debug_line    0x0000000000001221      0x639 _build/nrf52832_xxaa_app_error.c.o
 .debug_line    0x000000000000185a      0x60e _build/nrf52832_xxaa_app_error_weak.c.o
 .debug_line    0x0000000000001e68      0xa59 _build/nrf52832_xxaa_app_timer.c.o
 .debug_line    0x00000000000028c1      0x537 _build/nrf52832_xxaa_app_util_platform.c.o
 .debug_line    0x0000000000002df8      0x700 _build/nrf52832_xxaa_nrf_pwr_mgmt.c.o
 .debug_line    0x00000000000034f8      0x615 _build/nrf52832_xxaa_nrf_drv_common.c.o
 .debug_line    0x0000000000003b0d      0x7d7 _build/nrf52832_xxaa_nrf_drv_power.c.o
 .debug_line    0x00000000000042e4      0xa66 _build/nrf52832_xxaa_nrf_drv_ppi.c.o
 .debug_line    0x0000000000004d4a      0xf91 _build/nrf52832_xxaa_nrf_drv_saadc.c.o
 .debug_line    0x0000000000005cdb      0xac8 _build/nrf52832_xxaa_nrf_drv_timer.c.o
 .debug_line    0x00000000000067a3     0x114a _build/nrf52832_xxaa_nrf_drv_uart.c.o
 .debug_line    0x00000000000078ed      0x534 _build/nrf52832_xxaa_nrf_saadc.c.o
 .debug_line    0x0000000000007e21      0xb4d _build/nrf52832_xxaa_main.c.o
 .debug_line    0x000000000000896e      0xef2 _build/nrf52832_xxaa_SEGGER_RTT.c.o
 .debug_line    0x0000000000009860      0x450 _build/nrf52832_xxaa_system_nrf52.c.o

.debug_str      0x0000000000000000    0x6ff96
 .debug_str     0x0000000000000000    0x644e7 _build/nrf52832_xxaa_nrf_log_backend_serial.c.o
                                      0x650d9 (size before relaxing)
 .debug_str     0x00000000000644e7     0x1c80 _build/nrf52832_xxaa_nrf_log_frontend.c.o
                                      0x65d92 (size before relaxing)
 .debug_str     0x0000000000066167      0x11d _build/nrf52832_xxaa_app_error.c.o
                                      0x656e1 (size before relaxing)
 .debug_str     0x0000000000066284       0xff _build/nrf52832_xxaa_app_error_weak.c.o
                                      0x656de (size before relaxing)
 .debug_str     0x0000000000066383      0xf88 _build/nrf52832_xxaa_app_timer.c.o
                                      0x64e1c (size before relaxing)
 .debug_str     0x000000000006730b       0xb3 _build/nrf52832_xxaa_app_util_platform.c.o
                                      0x6092c (size before relaxing)
 .debug_str     0x00000000000673be      0x9b8 _build/nrf52832_xxaa_nrf_pwr_mgmt.c.o
                                      0x66301 (size before relaxing)
 .debug_str     0x0000000000067d76      0x7ea _build/nrf52832_xxaa_nrf_drv_common.c.o
                                      0x647fd (size before relaxing)
 .debug_str     0x0000000000068560      0x5de _build/nrf52832_xxaa_nrf_drv_power.c.o
                                      0x645f0 (size before relaxing)
 .debug_str     0x0000000000068b3e      0xb35 _build/nrf52832_xxaa_nrf_drv_ppi.c.o
                                      0x66938 (size before relaxing)
 .debug_str     0x0000000000069673     0x176a _build/nrf52832_xxaa_nrf_drv_saadc.c.o
                                      0x672f9 (size before relaxing)
 .debug_str     0x000000000006addd     0x1299 _build/nrf52832_xxaa_nrf_drv_timer.c.o
                                      0x67427 (size before relaxing)
 .debug_str     0x000000000006c076     0x1acc _build/nrf52832_xxaa_nrf_drv_uart.c.o
                                      0x67dc5 (size before relaxing)
 .debug_str     0x000000000006db42       0x39 _build/nrf52832_xxaa_nrf_saadc.c.o
                                      0x60c09 (size before relaxing)
 .debug_str     0x000000000006db7b     0x1da4 _build/nrf52832_xxaa_main.c.o
                                      0x6a28e (size before relaxing)
 .debug_str     0x000000000006f91f      0x32c _build/nrf52832_xxaa_SEGGER_RTT.c.o
                                      0x6137b (size before relaxing)
 .debug_str     0x000000000006fc4b      0x34b _build/nrf52832_xxaa_system_nrf52.c.o
                                      0x5bafb (size before relaxing)
