Archive member included to satisfy reference by file (symbol)

/usr/local/gcc-arm-none-eabi-6-2017-q1-update/bin/../lib/gcc/arm-none-eabi/6.3.1/../../../../arm-none-eabi/lib/thumb/v7e-m/fpv4-sp/hard/libc_nano.a(lib_a-exit.o)
                              /usr/local/gcc-arm-none-eabi-6-2017-q1-update/bin/../lib/gcc/arm-none-eabi/6.3.1/../../../../arm-none-eabi/lib/thumb/v7e-m/fpv4-sp/hard/crt0.o (exit)
/usr/local/gcc-arm-none-eabi-6-2017-q1-update/bin/../lib/gcc/arm-none-eabi/6.3.1/../../../../arm-none-eabi/lib/thumb/v7e-m/fpv4-sp/hard/libc_nano.a(lib_a-impure.o)
                              /usr/local/gcc-arm-none-eabi-6-2017-q1-update/bin/../lib/gcc/arm-none-eabi/6.3.1/../../../../arm-none-eabi/lib/thumb/v7e-m/fpv4-sp/hard/libc_nano.a(lib_a-exit.o) (_global_impure_ptr)
/usr/local/gcc-arm-none-eabi-6-2017-q1-update/bin/../lib/gcc/arm-none-eabi/6.3.1/../../../../arm-none-eabi/lib/thumb/v7e-m/fpv4-sp/hard/libc_nano.a(lib_a-init.o)
                              /usr/local/gcc-arm-none-eabi-6-2017-q1-update/bin/../lib/gcc/arm-none-eabi/6.3.1/../../../../arm-none-eabi/lib/thumb/v7e-m/fpv4-sp/hard/crt0.o (__libc_init_array)
/usr/local/gcc-arm-none-eabi-6-2017-q1-update/bin/../lib/gcc/arm-none-eabi/6.3.1/../../../../arm-none-eabi/lib/thumb/v7e-m/fpv4-sp/hard/libc_nano.a(lib_a-memset.o)
                              /usr/local/gcc-arm-none-eabi-6-2017-q1-update/bin/../lib/gcc/arm-none-eabi/6.3.1/../../../../arm-none-eabi/lib/thumb/v7e-m/fpv4-sp/hard/crt0.o (memset)
/usr/local/gcc-arm-none-eabi-6-2017-q1-update/bin/../lib/gcc/arm-none-eabi/6.3.1/../../../../arm-none-eabi/lib/thumb/v7e-m/fpv4-sp/hard/libnosys.a(_exit.o)
                              /usr/local/gcc-arm-none-eabi-6-2017-q1-update/bin/../lib/gcc/arm-none-eabi/6.3.1/../../../../arm-none-eabi/lib/thumb/v7e-m/fpv4-sp/hard/libc_nano.a(lib_a-exit.o) (_exit)
/usr/local/gcc-arm-none-eabi-6-2017-q1-update/bin/../lib/gcc/arm-none-eabi/6.3.1/thumb/v7e-m/fpv4-sp/hard/libgcc.a(_arm_addsubdf3.o)
                              _build/nrf52832_xxaa_fsr_adc.c.o (__aeabi_f2d)
/usr/local/gcc-arm-none-eabi-6-2017-q1-update/bin/../lib/gcc/arm-none-eabi/6.3.1/thumb/v7e-m/fpv4-sp/hard/libgcc.a(_arm_muldivdf3.o)
                              _build/nrf52832_xxaa_fsr_adc.c.o (__aeabi_dmul)
/usr/local/gcc-arm-none-eabi-6-2017-q1-update/bin/../lib/gcc/arm-none-eabi/6.3.1/thumb/v7e-m/fpv4-sp/hard/libgcc.a(_arm_truncdfsf2.o)
                              _build/nrf52832_xxaa_fsr_adc.c.o (__aeabi_d2f)
/usr/local/gcc-arm-none-eabi-6-2017-q1-update/bin/../lib/gcc/arm-none-eabi/6.3.1/../../../../arm-none-eabi/lib/thumb/v7e-m/fpv4-sp/hard/libc_nano.a(lib_a-memcpy-stub.o)
                              _build/nrf52832_xxaa_SEGGER_RTT.c.o (memcpy)
/usr/local/gcc-arm-none-eabi-6-2017-q1-update/bin/../lib/gcc/arm-none-eabi/6.3.1/../../../../arm-none-eabi/lib/thumb/v7e-m/fpv4-sp/hard/libc_nano.a(lib_a-strcpy.o)
                              _build/nrf52832_xxaa_SEGGER_RTT.c.o (strcpy)
/usr/local/gcc-arm-none-eabi-6-2017-q1-update/bin/../lib/gcc/arm-none-eabi/6.3.1/../../../../arm-none-eabi/lib/thumb/v7e-m/fpv4-sp/hard/libc_nano.a(lib_a-strlen.o)
                              _build/nrf52832_xxaa_fsr_ble.c.o (strlen)

Allocating common symbols
Common symbol       size              file

nrf_nvic_state      0xc               _build/nrf52832_xxaa_app_util_platform.c.o
_SEGGER_RTT         0x78              _build/nrf52832_xxaa_SEGGER_RTT.c.o

Discarded input sections

 .text          0x0000000000000000        0x0 /usr/local/gcc-arm-none-eabi-6-2017-q1-update/bin/../lib/gcc/arm-none-eabi/6.3.1/thumb/v7e-m/fpv4-sp/hard/crti.o
 .data          0x0000000000000000        0x0 /usr/local/gcc-arm-none-eabi-6-2017-q1-update/bin/../lib/gcc/arm-none-eabi/6.3.1/thumb/v7e-m/fpv4-sp/hard/crti.o
 .bss           0x0000000000000000        0x0 /usr/local/gcc-arm-none-eabi-6-2017-q1-update/bin/../lib/gcc/arm-none-eabi/6.3.1/thumb/v7e-m/fpv4-sp/hard/crti.o
 .data          0x0000000000000000        0x4 /usr/local/gcc-arm-none-eabi-6-2017-q1-update/bin/../lib/gcc/arm-none-eabi/6.3.1/thumb/v7e-m/fpv4-sp/hard/crtbegin.o
 .data          0x0000000000000000        0x0 /usr/local/gcc-arm-none-eabi-6-2017-q1-update/bin/../lib/gcc/arm-none-eabi/6.3.1/../../../../arm-none-eabi/lib/thumb/v7e-m/fpv4-sp/hard/crt0.o
 .bss           0x0000000000000000        0x0 /usr/local/gcc-arm-none-eabi-6-2017-q1-update/bin/../lib/gcc/arm-none-eabi/6.3.1/../../../../arm-none-eabi/lib/thumb/v7e-m/fpv4-sp/hard/crt0.o
 .ARM.extab     0x0000000000000000        0x0 /usr/local/gcc-arm-none-eabi-6-2017-q1-update/bin/../lib/gcc/arm-none-eabi/6.3.1/../../../../arm-none-eabi/lib/thumb/v7e-m/fpv4-sp/hard/crt0.o
 .text          0x0000000000000000        0x0 /usr/local/gcc-arm-none-eabi-6-2017-q1-update/bin/../lib/gcc/arm-none-eabi/6.3.1/../../../../arm-none-eabi/lib/thumb/v7e-m/fpv4-sp/hard/libc_nano.a(lib_a-exit.o)
[...]
Memory Configuration

Name             Origin             Length             Attributes
FLASH            0x000000000001f000 0x0000000000061000 xr
RAM              0x0000000020002128 0x000000000000ded8 xrw
*default*        0x0000000000000000 0xffffffffffffffff

Linker script and memory map


.text           0x000000000001f000     0x6f6c
 *(.isr_vector)
 .isr_vector    0x000000000001f000      0x400 _build/nrf52832_xxaa_gcc_startup_nrf52.S.o
                0x000000000001f000                __isr_vector
 *(.text*)
 .text          0x000000000001f400       0x6c /usr/local/gcc-arm-none-eabi-6-2017-q1-update/bin/../lib/gcc/arm-none-eabi/6.3.1/thumb/v7e-m/fpv4-sp/hard/crtbegin.o
 .text          0x000000000001f46c       0x74 /usr/local/gcc-arm-none-eabi-6-2017-q1-update/bin/../lib/gcc/arm-none-eabi/6.3.1/../../../../arm-none-eabi/lib/thumb/v7e-m/fpv4-sp/hard/crt0.o
                0x000000000001f46c                _mainCRTStartup
                0x000000000001f46c                _start
 .text.exit     0x000000000001f4e0       0x28 /usr/local/gcc-arm-none-eabi-6-2017-q1-update/bin/../lib/gcc/arm-none-eabi/6.3.1/../../../../arm-none-eabi/lib/thumb/v7e-m/fpv4-sp/hard/libc_nano.a(lib_a-exit.o)
                0x000000000001f4e0                exit
 .text.__libc_init_array
                0x000000000001f508       0x48 /usr/local/gcc-arm-none-eabi-6-2017-q1-update/bin/../lib/gcc/arm-none-eabi/6.3.1/../../../../arm-none-eabi/lib/thumb/v7e-m/fpv4-sp/hard/libc_nano.a(lib_a-init.o)
                0x000000000001f508                __libc_init_array
 .text.memset   0x000000000001f550       0x10 /usr/local/gcc-arm-none-eabi-6-2017-q1-update/bin/../lib/gcc/arm-none-eabi/6.3.1/../../../../arm-none-eabi/lib/thumb/v7e-m/fpv4-sp/hard/libc_nano.a(lib_a-memset.o)
                0x000000000001f550                memset
 .text._exit    0x000000000001f560        0x4 /usr/local/gcc-arm-none-eabi-6-2017-q1-update/bin/../lib/gcc/arm-none-eabi/6.3.1/../../../../arm-none-eabi/lib/thumb/v7e-m/fpv4-sp/hard/libnosys.a(_exit.o)
                0x000000000001f560                _exit
 .text.app_error_handler_bare
                0x000000000001f564       0x2c _build/nrf52832_xxaa_app_error.c.o
                0x000000000001f564                app_error_handler_bare
 .text.NVIC_SystemReset
                0x000000000001f590       0x28 _build/nrf52832_xxaa_app_error_weak.c.o
 .text.app_error_fault_handler
                0x000000000001f5b8       0x18 _build/nrf52832_xxaa_app_error_weak.c.o
                0x000000000001f5b8                app_error_fault_handler
 .text.NVIC_EnableIRQ
                0x000000000001f5d0       0x34 _build/nrf52832_xxaa_app_timer.c.o
 .text.NVIC_DisableIRQ
                0x000000000001f604       0x34 _build/nrf52832_xxaa_app_timer.c.o
 .text.NVIC_SetPendingIRQ
                0x000000000001f638       0x34 _build/nrf52832_xxaa_app_timer.c.o
 .text.NVIC_ClearPendingIRQ
                0x000000000001f66c       0x34 _build/nrf52832_xxaa_app_timer.c.o
 .text.NVIC_SetPriority
                0x000000000001f6a0       0x54 _build/nrf52832_xxaa_app_timer.c.o
 .text.is_word_aligned
                0x000000000001f6f4       0x24 _build/nrf52832_xxaa_app_timer.c.o
 .text.nrf_delay_us
                0x000000000001f718       0xa8 _build/nrf52832_xxaa_app_timer.c.o
 .text.rtc1_init
                0x000000000001f7c0       0x24 _build/nrf52832_xxaa_app_timer.c.o
 .text.rtc1_start
                0x000000000001f7e4       0x44 _build/nrf52832_xxaa_app_timer.c.o
 .text.rtc1_stop
                0x000000000001f828       0x54 _build/nrf52832_xxaa_app_timer.c.o
 .text.rtc1_counter_get
                0x000000000001f87c       0x18 _build/nrf52832_xxaa_app_timer.c.o
 .text.ticks_diff_get
                0x000000000001f894       0x20 _build/nrf52832_xxaa_app_timer.c.o
 .text.rtc1_compare0_set
                0x000000000001f8b4       0x20 _build/nrf52832_xxaa_app_timer.c.o
 .text.timer_list_insert
                0x000000000001f8d4       0xb4 _build/nrf52832_xxaa_app_timer.c.o
 .text.timer_list_remove
                0x000000000001f988       0xa8 _build/nrf52832_xxaa_app_timer.c.o
 .text.timer_timeouts_check_sched
                0x000000000001fa30        0xe _build/nrf52832_xxaa_app_timer.c.o
 .text.timer_list_handler_sched
                0x000000000001fa3e        0xe _build/nrf52832_xxaa_app_timer.c.o
 .text.timeout_handler_exec
                0x000000000001fa4c       0x4c _build/nrf52832_xxaa_app_timer.c.o
 .text.timer_timeouts_check
                0x000000000001fa98       0xc8 _build/nrf52832_xxaa_app_timer.c.o
 .text.elapsed_ticks_acquire
                0x000000000001fb60       0x80 _build/nrf52832_xxaa_app_timer.c.o
 .text.list_deletions_handler
                0x000000000001fbe0       0xa0 _build/nrf52832_xxaa_app_timer.c.o
 .text.expired_timers_handler
                0x000000000001fc80       0x9c _build/nrf52832_xxaa_app_timer.c.o
 .text.list_insertions_handler
                0x000000000001fd1c      0x160 _build/nrf52832_xxaa_app_timer.c.o
 .text.compare_reg_update
                0x000000000001fe7c       0xb4 _build/nrf52832_xxaa_app_timer.c.o
 .text.timer_list_handler
                0x000000000001ff30       0x78 _build/nrf52832_xxaa_app_timer.c.o
 .text.user_op_enque
                0x000000000001ffa8       0x20 _build/nrf52832_xxaa_app_timer.c.o
 .text.user_op_alloc
                0x000000000001ffc8       0x5c _build/nrf52832_xxaa_app_timer.c.o
 .text.timer_start_op_schedule
                0x0000000000020024       0x84 _build/nrf52832_xxaa_app_timer.c.o
 .text.timer_stop_op_schedule
                0x00000000000200a8       0x66 _build/nrf52832_xxaa_app_timer.c.o
 *fill*         0x000000000002010e        0x2 
 .text.RTC1_IRQHandler
                0x0000000000020110       0x40 _build/nrf52832_xxaa_app_timer.c.o
                0x0000000000020110                RTC1_IRQHandler
 .text.SWI0_EGU0_IRQHandler
                0x0000000000020150        0xc _build/nrf52832_xxaa_app_timer.c.o
                0x0000000000020150                SWI0_EGU0_IRQHandler
 .text.app_timer_init
                0x000000000002015c       0xac _build/nrf52832_xxaa_app_timer.c.o
                0x000000000002015c                app_timer_init
 .text.app_timer_create
                0x0000000000020208       0x68 _build/nrf52832_xxaa_app_timer.c.o
                0x0000000000020208                app_timer_create
 .text.app_timer_start
                0x0000000000020270       0x68 _build/nrf52832_xxaa_app_timer.c.o
                0x0000000000020270                app_timer_start
 .text.app_timer_stop
                0x00000000000202d8       0x48 _build/nrf52832_xxaa_app_timer.c.o
                0x00000000000202d8                app_timer_stop
 .text.__sd_nvic_irq_disable
                0x0000000000020320       0x20 _build/nrf52832_xxaa_app_util_platform.c.o
 .text.__sd_nvic_irq_enable
                0x0000000000020340       0x10 _build/nrf52832_xxaa_app_util_platform.c.o
 .text.sd_nvic_critical_region_enter
                0x0000000000020350       0x74 _build/nrf52832_xxaa_app_util_platform.c.o
 .text.sd_nvic_critical_region_exit
                0x00000000000203c4       0x50 _build/nrf52832_xxaa_app_util_platform.c.o
 .text.app_util_critical_region_enter
                0x0000000000020414       0x16 _build/nrf52832_xxaa_app_util_platform.c.o
                0x0000000000020414                app_util_critical_region_enter
 .text.app_util_critical_region_exit
                0x000000000002042a       0x1a _build/nrf52832_xxaa_app_util_platform.c.o
                0x000000000002042a                app_util_critical_region_exit
 .text.fs_queued_op_count_get
                0x0000000000020444       0x2c _build/nrf52832_xxaa_fstorage.c.o
                0x0000000000020444                fs_queued_op_count_get
 .text.nrf_clock_int_disable
                0x0000000000020470       0x1e _build/nrf52832_xxaa_nrf_drv_clock.c.o
 .text.nrf_clock_event_clear
                0x000000000002048e       0x2c _build/nrf52832_xxaa_nrf_drv_clock.c.o
 .text.nrf_clock_event_check
                0x00000000000204ba       0x28 _build/nrf52832_xxaa_nrf_drv_clock.c.o
 .text.nrf_clock_lf_src_set
                0x00000000000204e2       0x24 _build/nrf52832_xxaa_nrf_drv_clock.c.o
 *fill*         0x0000000000020506        0x2 
 .text.nrf_drv_common_irq_enable_check
                0x0000000000020508       0x40 _build/nrf52832_xxaa_nrf_drv_clock.c.o
 .text.nrf_drv_common_power_clock_irq_init
                0x0000000000020548       0x22 _build/nrf52832_xxaa_nrf_drv_clock.c.o
 *fill*         0x000000000002056a        0x2 
 .text.nrf_drv_clock_init
                0x000000000002056c       0x60 _build/nrf52832_xxaa_nrf_drv_clock.c.o
                0x000000000002056c                nrf_drv_clock_init
 .text.item_dequeue
                0x00000000000205cc       0x2a _build/nrf52832_xxaa_nrf_drv_clock.c.o
 *fill*         0x00000000000205f6        0x2 
 .text.clock_clk_started_notify
                0x00000000000205f8       0x48 _build/nrf52832_xxaa_nrf_drv_clock.c.o
 .text.POWER_CLOCK_IRQHandler
                0x0000000000020640       0x5c _build/nrf52832_xxaa_nrf_drv_clock.c.o
                0x0000000000020640                POWER_CLOCK_IRQHandler
 .text.nrf_drv_clock_on_soc_event
                0x000000000002069c       0x1c _build/nrf52832_xxaa_nrf_drv_clock.c.o
                0x000000000002069c                nrf_drv_clock_on_soc_event
 .text.nrf_drv_clock_on_sd_enable
                0x00000000000206b8       0x48 _build/nrf52832_xxaa_nrf_drv_clock.c.o
                0x00000000000206b8                nrf_drv_clock_on_sd_enable
 .text.nrf_ppi_channel_enable
                0x0000000000020700       0x28 _build/nrf52832_xxaa_nrf_drv_ppi.c.o
 .text.nrf_ppi_channel_disable
                0x0000000000020728       0x28 _build/nrf52832_xxaa_nrf_drv_ppi.c.o
 .text.nrf_ppi_channel_endpoint_setup
                0x0000000000020750       0x38 _build/nrf52832_xxaa_nrf_drv_ppi.c.o
 .text.nrf_drv_ppi_channel_to_mask
                0x0000000000020788       0x1e _build/nrf52832_xxaa_nrf_drv_ppi.c.o
 *fill*         0x00000000000207a6        0x2 
 .text.is_programmable_app_channel
                0x00000000000207a8       0x30 _build/nrf52832_xxaa_nrf_drv_ppi.c.o
 .text.are_app_channels
                0x00000000000207d8       0x28 _build/nrf52832_xxaa_nrf_drv_ppi.c.o
 .text.is_app_channel
                0x0000000000020800       0x24 _build/nrf52832_xxaa_nrf_drv_ppi.c.o
 .text.is_allocated_channel
                0x0000000000020824       0x30 _build/nrf52832_xxaa_nrf_drv_ppi.c.o
 .text.channel_allocated_set
                0x0000000000020854       0x2c _build/nrf52832_xxaa_nrf_drv_ppi.c.o
 .text.nrf_drv_ppi_init
                0x0000000000020880       0x30 _build/nrf52832_xxaa_nrf_drv_ppi.c.o
                0x0000000000020880                nrf_drv_ppi_init
 .text.nrf_drv_ppi_channel_alloc
                0x00000000000208b0       0xa4 _build/nrf52832_xxaa_nrf_drv_ppi.c.o
                0x00000000000208b0                nrf_drv_ppi_channel_alloc
 .text.nrf_drv_ppi_channel_assign
                0x0000000000020954       0x70 _build/nrf52832_xxaa_nrf_drv_ppi.c.o
                0x0000000000020954                nrf_drv_ppi_channel_assign
 .text.nrf_drv_ppi_channel_enable
                0x00000000000209c4       0x62 _build/nrf52832_xxaa_nrf_drv_ppi.c.o
                0x00000000000209c4                nrf_drv_ppi_channel_enable
 .text.nrf_drv_ppi_channel_disable
                0x0000000000020a26       0x66 _build/nrf52832_xxaa_nrf_drv_ppi.c.o
                0x0000000000020a26                nrf_drv_ppi_channel_disable
 .text.nrf_timer_task_trigger
                0x0000000000020a8c       0x22 _build/nrf52832_xxaa_nrf_drv_timer.c.o
 .text.nrf_timer_event_clear
                0x0000000000020aae       0x2e _build/nrf52832_xxaa_nrf_drv_timer.c.o
 .text.nrf_timer_event_check
                0x0000000000020adc       0x2a _build/nrf52832_xxaa_nrf_drv_timer.c.o
 .text.nrf_timer_shorts_enable
                0x0000000000020b06       0x26 _build/nrf52832_xxaa_nrf_drv_timer.c.o
 .text.nrf_timer_shorts_disable
                0x0000000000020b2c       0x28 _build/nrf52832_xxaa_nrf_drv_timer.c.o
 .text.nrf_timer_int_enable
                0x0000000000020b54       0x1e _build/nrf52832_xxaa_nrf_drv_timer.c.o
 .text.nrf_timer_int_disable
                0x0000000000020b72       0x1e _build/nrf52832_xxaa_nrf_drv_timer.c.o
 .text.nrf_timer_int_enable_check
                0x0000000000020b90       0x2a _build/nrf52832_xxaa_nrf_drv_timer.c.o
 .text.nrf_timer_mode_set
                0x0000000000020bba       0x30 _build/nrf52832_xxaa_nrf_drv_timer.c.o
 .text.nrf_timer_bit_width_set
                0x0000000000020bea       0x30 _build/nrf52832_xxaa_nrf_drv_timer.c.o
 .text.nrf_timer_frequency_set
                0x0000000000020c1a       0x30 _build/nrf52832_xxaa_nrf_drv_timer.c.o
 .text.nrf_timer_cc_write
                0x0000000000020c4a       0x28 _build/nrf52832_xxaa_nrf_drv_timer.c.o
 .text.nrf_timer_compare_event_get
                0x0000000000020c72       0x20 _build/nrf52832_xxaa_nrf_drv_timer.c.o
 .text.nrf_timer_compare_int_get
                0x0000000000020c92       0x1e _build/nrf52832_xxaa_nrf_drv_timer.c.o
 .text.nrf_drv_get_IRQn
                0x0000000000020cb0       0x1e _build/nrf52832_xxaa_nrf_drv_timer.c.o
 *fill*         0x0000000000020cce        0x2 
 .text.nrf_drv_timer_init
                0x0000000000020cd0       0xdc _build/nrf52832_xxaa_nrf_drv_timer.c.o
                0x0000000000020cd0                nrf_drv_timer_init
 .text.nrf_drv_timer_enable
                0x0000000000020dac       0x38 _build/nrf52832_xxaa_nrf_drv_timer.c.o
                0x0000000000020dac                nrf_drv_timer_enable
 .text.nrf_drv_timer_disable
                0x0000000000020de4       0x38 _build/nrf52832_xxaa_nrf_drv_timer.c.o
                0x0000000000020de4                nrf_drv_timer_disable
 .text.nrf_drv_timer_compare
                0x0000000000020e1c       0x54 _build/nrf52832_xxaa_nrf_drv_timer.c.o
                0x0000000000020e1c                nrf_drv_timer_compare
 .text.nrf_drv_timer_extended_compare
                0x0000000000020e70       0x52 _build/nrf52832_xxaa_nrf_drv_timer.c.o
                0x0000000000020e70                nrf_drv_timer_extended_compare
 .text.irq_handler
                0x0000000000020ec2       0x76 _build/nrf52832_xxaa_nrf_drv_timer.c.o
 .text.TIMER1_IRQHandler
                0x0000000000020f38       0x1c _build/nrf52832_xxaa_nrf_drv_timer.c.o
                0x0000000000020f38                TIMER1_IRQHandler
 .text.nrf_saadc_task_trigger
                0x0000000000020f54       0x24 _build/nrf52832_xxaa_nrf_drv_saadc.c.o
 .text.nrf_saadc_task_address_get
                0x0000000000020f78       0x20 _build/nrf52832_xxaa_nrf_drv_saadc.c.o
 .text.nrf_saadc_event_check
                0x0000000000020f98       0x2c _build/nrf52832_xxaa_nrf_drv_saadc.c.o
 .text.nrf_saadc_event_clear
                0x0000000000020fc4       0x34 _build/nrf52832_xxaa_nrf_drv_saadc.c.o
 .text.nrf_saadc_channel_input_set
                0x0000000000020ff8       0x40 _build/nrf52832_xxaa_nrf_drv_saadc.c.o
 .text.nrf_saadc_int_enable
                0x0000000000021038       0x20 _build/nrf52832_xxaa_nrf_drv_saadc.c.o
 .text.nrf_saadc_int_disable
                0x0000000000021058       0x20 _build/nrf52832_xxaa_nrf_drv_saadc.c.o
 .text.nrf_saadc_enable
                0x0000000000021078       0x1c _build/nrf52832_xxaa_nrf_drv_saadc.c.o
 .text.nrf_saadc_buffer_init
                0x0000000000021094       0x2c _build/nrf52832_xxaa_nrf_drv_saadc.c.o
 .text.nrf_saadc_resolution_set
                0x00000000000210c0       0x24 _build/nrf52832_xxaa_nrf_drv_saadc.c.o
 .text.nrf_saadc_oversample_set
                0x00000000000210e4       0x24 _build/nrf52832_xxaa_nrf_drv_saadc.c.o
 .text.SAADC_IRQHandler
                0x0000000000021108      0x240 _build/nrf52832_xxaa_nrf_drv_saadc.c.o
                0x0000000000021108                SAADC_IRQHandler
 .text.nrf_drv_saadc_init
                0x0000000000021348       0xc8 _build/nrf52832_xxaa_nrf_drv_saadc.c.o
                0x0000000000021348                nrf_drv_saadc_init
 .text.nrf_drv_saadc_channel_init
                0x0000000000021410       0x90 _build/nrf52832_xxaa_nrf_drv_saadc.c.o
                0x0000000000021410                nrf_drv_saadc_channel_init
 .text.nrf_drv_saadc_sample_task_get
                0x00000000000214a0       0x24 _build/nrf52832_xxaa_nrf_drv_saadc.c.o
                0x00000000000214a0                nrf_drv_saadc_sample_task_get
 .text.nrf_drv_saadc_buffer_convert
                0x00000000000214c4      0x104 _build/nrf52832_xxaa_nrf_drv_saadc.c.o
                0x00000000000214c4                nrf_drv_saadc_buffer_convert
 .text.nrf_drv_saadc_calibrate_offset
                0x00000000000215c8       0x44 _build/nrf52832_xxaa_nrf_drv_saadc.c.o
                0x00000000000215c8                nrf_drv_saadc_calibrate_offset
 .text.nrf_drv_saadc_is_busy
                0x000000000002160c       0x24 _build/nrf52832_xxaa_nrf_drv_saadc.c.o
                0x000000000002160c                nrf_drv_saadc_is_busy
 .text.nrf_drv_saadc_abort
                0x0000000000021630       0x68 _build/nrf52832_xxaa_nrf_drv_saadc.c.o
                0x0000000000021630                nrf_drv_saadc_abort
 .text.nrf_saadc_channel_input_set
                0x0000000000021698       0x40 _build/nrf52832_xxaa_nrf_saadc.c.o
 .text.nrf_saadc_channel_init
                0x00000000000216d8       0x88 _build/nrf52832_xxaa_nrf_saadc.c.o
                0x00000000000216d8                nrf_saadc_channel_init
 .text.nrf_rtc_int_disable
                0x0000000000021760       0x1e _build/nrf52832_xxaa_nrf_drv_rtc.c.o
 .text.nrf_rtc_int_is_enabled
                0x000000000002177e       0x20 _build/nrf52832_xxaa_nrf_drv_rtc.c.o
 .text.nrf_rtc_event_pending
                0x000000000002179e       0x20 _build/nrf52832_xxaa_nrf_drv_rtc.c.o
 .text.nrf_rtc_event_clear
                0x00000000000217be       0x2e _build/nrf52832_xxaa_nrf_drv_rtc.c.o
 .text.nrf_rtc_event_disable
                0x00000000000217ec       0x1e _build/nrf52832_xxaa_nrf_drv_rtc.c.o
 *fill*         0x000000000002180a        0x2 
 .text.nrf_drv_rtc_int_handler
                0x000000000002180c      0x100 _build/nrf52832_xxaa_nrf_drv_rtc.c.o
 .text.RTC2_IRQHandler
                0x000000000002190c       0x18 _build/nrf52832_xxaa_nrf_drv_rtc.c.o
                0x000000000002190c                RTC2_IRQHandler
 .text.NVIC_EnableIRQ
                0x0000000000021924       0x34 _build/nrf52832_xxaa_nrf_drv_common.c.o
 .text.NVIC_ClearPendingIRQ
                0x0000000000021958       0x34 _build/nrf52832_xxaa_nrf_drv_common.c.o
 .text.NVIC_SetPriority
                0x000000000002198c       0x54 _build/nrf52832_xxaa_nrf_drv_common.c.o
 .text.nrf_drv_common_irq_enable
                0x00000000000219e0       0x3a _build/nrf52832_xxaa_nrf_drv_common.c.o
                0x00000000000219e0                nrf_drv_common_irq_enable
 .text.nrf_gpiote_event_is_set
                0x0000000000021a1a       0x28 _build/nrf52832_xxaa_nrf_drv_gpiote.c.o
 .text.nrf_gpiote_event_clear
                0x0000000000021a42       0x32 _build/nrf52832_xxaa_nrf_drv_gpiote.c.o
 .text.nrf_gpiote_event_addr_get
                0x0000000000021a74       0x20 _build/nrf52832_xxaa_nrf_drv_gpiote.c.o
 .text.nrf_gpiote_int_enable
                0x0000000000021a94       0x20 _build/nrf52832_xxaa_nrf_drv_gpiote.c.o
 .text.nrf_gpiote_int_is_enabled
                0x0000000000021ab4       0x24 _build/nrf52832_xxaa_nrf_drv_gpiote.c.o
 .text.nrf_gpiote_event_pin_get
                0x0000000000021ad8       0x2c _build/nrf52832_xxaa_nrf_drv_gpiote.c.o
 .text.nrf_gpiote_event_polarity_get
                0x0000000000021b04       0x2c _build/nrf52832_xxaa_nrf_drv_gpiote.c.o
 .text.nrf_gpiote_task_configure
                0x0000000000021b30       0x7c _build/nrf52832_xxaa_nrf_drv_gpiote.c.o
 .text.nrf_gpio_pin_port_decode
                0x0000000000021bac       0x18 _build/nrf52832_xxaa_nrf_drv_gpiote.c.o
 .text.nrf_gpio_cfg
                0x0000000000021bc4       0x52 _build/nrf52832_xxaa_nrf_drv_gpiote.c.o
 .text.nrf_gpio_cfg_output
                0x0000000000021c16       0x24 _build/nrf52832_xxaa_nrf_drv_gpiote.c.o
 .text.nrf_gpio_cfg_sense_set
                0x0000000000021c3a       0x58 _build/nrf52832_xxaa_nrf_drv_gpiote.c.o
 .text.nrf_gpio_pin_set
                0x0000000000021c92       0x2a _build/nrf52832_xxaa_nrf_drv_gpiote.c.o
 .text.nrf_gpio_pin_clear
                0x0000000000021cbc       0x2a _build/nrf52832_xxaa_nrf_drv_gpiote.c.o
 .text.nrf_gpio_pin_sense_get
                0x0000000000021ce6       0x2e _build/nrf52832_xxaa_nrf_drv_gpiote.c.o
 .text.nrf_gpio_port_in_read
                0x0000000000021d14       0x1a _build/nrf52832_xxaa_nrf_drv_gpiote.c.o
 .text.nrf_gpio_port_out_set
                0x0000000000021d2e       0x1e _build/nrf52832_xxaa_nrf_drv_gpiote.c.o
 .text.nrf_gpio_port_out_clear
                0x0000000000021d4c       0x1e _build/nrf52832_xxaa_nrf_drv_gpiote.c.o
 .text.nrf_gpio_ports_read
                0x0000000000021d6a       0x52 _build/nrf52832_xxaa_nrf_drv_gpiote.c.o
 .text.nrf_bitmask_bit_is_set
                0x0000000000021dbc       0x3a _build/nrf52832_xxaa_nrf_drv_gpiote.c.o
 .text.nrf_bitmask_bit_set
                0x0000000000021df6       0x4a _build/nrf52832_xxaa_nrf_drv_gpiote.c.o
 .text.pin_in_use
                0x0000000000021e40       0x30 _build/nrf52832_xxaa_nrf_drv_gpiote.c.o
 .text.pin_in_use_by_te_set
                0x0000000000021e70       0x58 _build/nrf52832_xxaa_nrf_drv_gpiote.c.o
 .text.pin_in_use_set
                0x0000000000021ec8       0x24 _build/nrf52832_xxaa_nrf_drv_gpiote.c.o
 .text.pin_in_use_clear
                0x0000000000021eec       0x24 _build/nrf52832_xxaa_nrf_drv_gpiote.c.o
 .text.channel_port_get
                0x0000000000021f10       0x24 _build/nrf52832_xxaa_nrf_drv_gpiote.c.o
 .text.channel_handler_get
                0x0000000000021f34       0x20 _build/nrf52832_xxaa_nrf_drv_gpiote.c.o
 .text.channel_port_alloc
                0x0000000000021f54       0x74 _build/nrf52832_xxaa_nrf_drv_gpiote.c.o
 .text.channel_free
                0x0000000000021fc8       0x3c _build/nrf52832_xxaa_nrf_drv_gpiote.c.o
 .text.nrf_drv_gpiote_init
                0x0000000000022004       0x80 _build/nrf52832_xxaa_nrf_drv_gpiote.c.o
                0x0000000000022004                nrf_drv_gpiote_init
 .text.nrf_drv_gpiote_is_init
                0x0000000000022084       0x24 _build/nrf52832_xxaa_nrf_drv_gpiote.c.o
                0x0000000000022084                nrf_drv_gpiote_is_init
 .text.nrf_drv_gpiote_out_init
                0x00000000000220a8       0x8c _build/nrf52832_xxaa_nrf_drv_gpiote.c.o
                0x00000000000220a8                nrf_drv_gpiote_out_init
 .text.nrf_drv_gpiote_out_set
                0x0000000000022134       0x16 _build/nrf52832_xxaa_nrf_drv_gpiote.c.o
                0x0000000000022134                nrf_drv_gpiote_out_set
 .text.nrf_drv_gpiote_out_clear
                0x000000000002214a       0x16 _build/nrf52832_xxaa_nrf_drv_gpiote.c.o
                0x000000000002214a                nrf_drv_gpiote_out_clear
 .text.GPIOTE_IRQHandler
                0x0000000000022160      0x2e8 _build/nrf52832_xxaa_nrf_drv_gpiote.c.o
                0x0000000000022160                GPIOTE_IRQHandler
 .text.NVIC_ClearPendingIRQ
                0x0000000000022448       0x34 _build/nrf52832_xxaa_main.c.o
 .text.sd_app_evt_wait
                0x000000000002247c        0x8 _build/nrf52832_xxaa_main.c.o
 .text.power_manage
                0x0000000000022484       0x44 _build/nrf52832_xxaa_main.c.o
 .text.main     0x00000000000224c8       0x16 _build/nrf52832_xxaa_main.c.o
                0x00000000000224c8                main
 .text.sd_ble_gatts_service_add
                0x00000000000224de        0x8 _build/nrf52832_xxaa_ble_fsrs.c.o
 .text.sd_ble_gatts_characteristic_add
                0x00000000000224e6        0x8 _build/nrf52832_xxaa_ble_fsrs.c.o
 .text.sd_ble_gatts_hvx
                0x00000000000224ee        0x8 _build/nrf52832_xxaa_ble_fsrs.c.o
 .text.sd_ble_uuid_vs_add
                0x00000000000224f6        0x8 _build/nrf52832_xxaa_ble_fsrs.c.o
 .text.on_connect
                0x00000000000224fe       0x1e _build/nrf52832_xxaa_ble_fsrs.c.o
 .text.on_disconnect
                0x000000000002251c       0x1e _build/nrf52832_xxaa_ble_fsrs.c.o
 .text.on_write
                0x000000000002253a       0x4c _build/nrf52832_xxaa_ble_fsrs.c.o
 .text.data_char_add
                0x0000000000022586      0x164 _build/nrf52832_xxaa_ble_fsrs.c.o
 .text.ble_fsrs_on_ble_evt
                0x00000000000226ea       0x4e _build/nrf52832_xxaa_ble_fsrs.c.o
                0x00000000000226ea                ble_fsrs_on_ble_evt
 .text.ble_fsrs_init
                0x0000000000022738       0xa0 _build/nrf52832_xxaa_ble_fsrs.c.o
                0x0000000000022738                ble_fsrs_init
 .text.ble_fsrs_data_notify
                0x00000000000227d8       0x52 _build/nrf52832_xxaa_ble_fsrs.c.o
                0x00000000000227d8                ble_fsrs_data_notify
 .text.sd_ble_gap_disconnect
                0x000000000002282a        0x8 _build/nrf52832_xxaa_fsr_ble.c.o
 .text.sd_ble_gap_ppcp_set
                0x0000000000022832        0x8 _build/nrf52832_xxaa_fsr_ble.c.o
 .text.sd_ble_gap_device_name_set
                0x000000000002283a        0x8 _build/nrf52832_xxaa_fsr_ble.c.o
 .text.sd_ble_gap_sec_params_reply
                0x0000000000022842        0x8 _build/nrf52832_xxaa_fsr_ble.c.o
 .text.sd_ble_gatts_rw_authorize_reply
                0x000000000002284a        0x8 _build/nrf52832_xxaa_fsr_ble.c.o
 .text.sd_ble_gatts_sys_attr_set
                0x0000000000022852        0x8 _build/nrf52832_xxaa_fsr_ble.c.o
 .text.sd_ble_gatts_exchange_mtu_reply
                0x000000000002285a        0x8 _build/nrf52832_xxaa_fsr_ble.c.o
 .text.sd_ble_user_mem_reply
                0x0000000000022862        0x8 _build/nrf52832_xxaa_fsr_ble.c.o
 .text.sd_power_system_off
                0x000000000002286a        0x8 _build/nrf52832_xxaa_fsr_ble.c.o
 *fill*         0x0000000000022872        0x2 
 .text.gap_params_init
                0x0000000000022874       0x84 _build/nrf52832_xxaa_fsr_ble.c.o
 .text.data_subscr_handler
                0x00000000000228f8       0x24 _build/nrf52832_xxaa_fsr_ble.c.o
                0x00000000000228f8                data_subscr_handler
 .text.services_init
                0x000000000002291c       0x58 _build/nrf52832_xxaa_fsr_ble.c.o
 .text.on_conn_params_evt
                0x0000000000022974       0x3c _build/nrf52832_xxaa_fsr_ble.c.o
 .text.conn_params_error_handler
                0x00000000000229b0       0x16 _build/nrf52832_xxaa_fsr_ble.c.o
 *fill*         0x00000000000229c6        0x2 
 .text.conn_params_init
                0x00000000000229c8       0x60 _build/nrf52832_xxaa_fsr_ble.c.o
 .text.sleep_mode_enter
                0x0000000000022a28       0x24 _build/nrf52832_xxaa_fsr_ble.c.o
 .text.on_adv_evt
                0x0000000000022a4c       0x26 _build/nrf52832_xxaa_fsr_ble.c.o
 *fill*         0x0000000000022a72        0x2 
 .text.on_ble_evt
                0x0000000000022a74      0x2e4 _build/nrf52832_xxaa_fsr_ble.c.o
 .text.ble_evt_dispatch
                0x0000000000022d58       0x30 _build/nrf52832_xxaa_fsr_ble.c.o
 .text.ble_stack_init
                0x0000000000022d88       0x9c _build/nrf52832_xxaa_fsr_ble.c.o
 .text.adc_complete_handler
                0x0000000000022e24       0x3c _build/nrf52832_xxaa_fsr_ble.c.o
 .text.advertising_init
                0x0000000000022e60       0xa4 _build/nrf52832_xxaa_fsr_ble.c.o
 .text.fsr_ble_init
                0x0000000000022f04       0x68 _build/nrf52832_xxaa_fsr_ble.c.o
                0x0000000000022f04                fsr_ble_init
 .text.nrf_timer_event_address_get
                0x0000000000022f6c       0x1e _build/nrf52832_xxaa_fsr_adc.c.o
 .text.nrf_timer_frequency_get
                0x0000000000022f8a       0x1c _build/nrf52832_xxaa_fsr_adc.c.o
 .text.nrf_timer_compare_event_get
                0x0000000000022fa6       0x20 _build/nrf52832_xxaa_fsr_adc.c.o
 .text.nrf_timer_ms_to_ticks
                0x0000000000022fc6       0x2c _build/nrf52832_xxaa_fsr_adc.c.o
 .text.nrf_drv_timer_compare_event_address_get
                0x0000000000022ff2       0x28 _build/nrf52832_xxaa_fsr_adc.c.o
 .text.nrf_drv_timer_ms_to_ticks
                0x000000000002301a       0x28 _build/nrf52832_xxaa_fsr_adc.c.o
 *fill*         0x0000000000023042        0x2 
 .text.nrf_delay_us
                0x0000000000023044       0xa8 _build/nrf52832_xxaa_fsr_adc.c.o
 .text.timer_handler_SAADC
                0x00000000000230ec       0x22 _build/nrf52832_xxaa_fsr_adc.c.o
 *fill*         0x000000000002310e        0x2 
 .text.convert_buffers
                0x0000000000023110       0x4c _build/nrf52832_xxaa_fsr_adc.c.o
 *fill*         0x000000000002315c        0x4 
 .text.saadc_callback
                0x0000000000023160      0x128 _build/nrf52832_xxaa_fsr_adc.c.o
 .text.fsr_adc_init
                0x0000000000023288      0x1d4 _build/nrf52832_xxaa_fsr_adc.c.o
                0x0000000000023288                fsr_adc_init
 .text.fsr_adc_sample_begin
                0x000000000002345c       0x38 _build/nrf52832_xxaa_fsr_adc.c.o
                0x000000000002345c                fsr_adc_sample_begin
 .text.fsr_adc_sample_end
                0x0000000000023494       0x40 _build/nrf52832_xxaa_fsr_adc.c.o
                0x0000000000023494                fsr_adc_sample_end
 .text.check_saadc_done_sample
                0x00000000000234d4       0x2c _build/nrf52832_xxaa_fsr_adc.c.o
                0x00000000000234d4                check_saadc_done_sample
 .text.check_saadc_calibration
                0x0000000000023500       0x28 _build/nrf52832_xxaa_fsr_adc.c.o
                0x0000000000023500                check_saadc_calibration
 .text.sd_ble_gap_addr_get
                0x0000000000023528        0x8 _build/nrf52832_xxaa_ble_advdata.c.o
 .text.sd_ble_gap_adv_data_set
                0x0000000000023530        0x8 _build/nrf52832_xxaa_ble_advdata.c.o
 .text.sd_ble_gap_appearance_get
                0x0000000000023538        0x8 _build/nrf52832_xxaa_ble_advdata.c.o
 .text.sd_ble_gap_device_name_get
                0x0000000000023540        0x8 _build/nrf52832_xxaa_ble_advdata.c.o
 .text.sd_ble_uuid_encode
                0x0000000000023548        0x8 _build/nrf52832_xxaa_ble_advdata.c.o
 .text.uint16_encode
                0x0000000000023550       0x30 _build/nrf52832_xxaa_ble_advdata.c.o
 .text.ble_device_addr_encode
                0x0000000000023580       0xce _build/nrf52832_xxaa_ble_advdata.c.o
 .text.name_encode
                0x000000000002364e      0x11a _build/nrf52832_xxaa_ble_advdata.c.o
 .text.appearance_encode
                0x0000000000023768       0x98 _build/nrf52832_xxaa_ble_advdata.c.o
 .text.flags_encode
                0x0000000000023800       0x80 _build/nrf52832_xxaa_ble_advdata.c.o
 .text.tx_power_level_encode
                0x0000000000023880       0x80 _build/nrf52832_xxaa_ble_advdata.c.o
 .text.uuid_list_sized_encode
                0x0000000000023900      0x138 _build/nrf52832_xxaa_ble_advdata.c.o
 .text.uuid_list_encode
                0x0000000000023a38       0x5c _build/nrf52832_xxaa_ble_advdata.c.o
 .text.conn_int_check
                0x0000000000023a94       0x82 _build/nrf52832_xxaa_ble_advdata.c.o
 .text.conn_int_encode
                0x0000000000023b16       0xbe _build/nrf52832_xxaa_ble_advdata.c.o
 .text.manuf_specific_data_encode
                0x0000000000023bd4       0xde _build/nrf52832_xxaa_ble_advdata.c.o
 .text.service_data_encode
                0x0000000000023cb2       0xfe _build/nrf52832_xxaa_ble_advdata.c.o
 .text.adv_data_encode
                0x0000000000023db0      0x1bc _build/nrf52832_xxaa_ble_advdata.c.o
                0x0000000000023db0                adv_data_encode
 .text.advdata_check
                0x0000000000023f6c       0x26 _build/nrf52832_xxaa_ble_advdata.c.o
 .text.srdata_check
                0x0000000000023f92       0x22 _build/nrf52832_xxaa_ble_advdata.c.o
 .text.ble_advdata_set
                0x0000000000023fb4       0xc0 _build/nrf52832_xxaa_ble_advdata.c.o
                0x0000000000023fb4                ble_advdata_set
 .text.sd_ble_gap_adv_start
                0x0000000000024074        0x8 _build/nrf52832_xxaa_ble_advertising.c.o
 .text.whitelist_has_entries
                0x000000000002407c       0x18 _build/nrf52832_xxaa_ble_advertising.c.o
 .text.addr_is_valid
                0x0000000000024094       0x38 _build/nrf52832_xxaa_ble_advertising.c.o
 .text.adv_mode_next_get
                0x00000000000240cc       0x34 _build/nrf52832_xxaa_ble_advertising.c.o
 .text.on_connected
                0x0000000000024100       0x28 _build/nrf52832_xxaa_ble_advertising.c.o
 .text.on_disconnected
                0x0000000000024128       0x4c _build/nrf52832_xxaa_ble_advertising.c.o
 .text.on_timeout
                0x0000000000024174       0x4c _build/nrf52832_xxaa_ble_advertising.c.o
 .text.flash_access_in_progress
                0x00000000000241c0       0x22 _build/nrf52832_xxaa_ble_advertising.c.o
 *fill*         0x00000000000241e2        0x2 
 .text.adv_mode_next_avail_get
                0x00000000000241e4       0x84 _build/nrf52832_xxaa_ble_advertising.c.o
 .text.set_adv_mode_directed
                0x0000000000024268       0x3c _build/nrf52832_xxaa_ble_advertising.c.o
 .text.set_adv_mode_directed_slow
                0x00000000000242a4       0x48 _build/nrf52832_xxaa_ble_advertising.c.o
 .text.set_adv_mode_fast
                0x00000000000242ec       0x84 _build/nrf52832_xxaa_ble_advertising.c.o
 .text.set_adv_mode_slow
                0x0000000000024370       0x84 _build/nrf52832_xxaa_ble_advertising.c.o
 .text.ble_advertising_init
                0x00000000000243f4      0x200 _build/nrf52832_xxaa_ble_advertising.c.o
                0x00000000000243f4                ble_advertising_init
 .text.ble_advertising_start
                0x00000000000245f4      0x1cc _build/nrf52832_xxaa_ble_advertising.c.o
                0x00000000000245f4                ble_advertising_start
 .text.ble_advertising_on_ble_evt
                0x00000000000247c0       0x3a _build/nrf52832_xxaa_ble_advertising.c.o
                0x00000000000247c0                ble_advertising_on_ble_evt
 .text.sd_ble_gap_conn_param_update
                0x00000000000247fa        0x8 _build/nrf52832_xxaa_ble_conn_params.c.o
 .text.sd_ble_gap_disconnect
                0x0000000000024802        0x8 _build/nrf52832_xxaa_ble_conn_params.c.o
 .text.sd_ble_gap_ppcp_set
                0x000000000002480a        0x8 _build/nrf52832_xxaa_ble_conn_params.c.o
 .text.sd_ble_gap_ppcp_get
                0x0000000000024812        0x8 _build/nrf52832_xxaa_ble_conn_params.c.o
 *fill*         0x000000000002481a        0x2 
 .text.is_conn_params_ok
                0x000000000002481c       0x38 _build/nrf52832_xxaa_ble_conn_params.c.o
 .text.update_timeout_handler
                0x0000000000024854       0xb4 _build/nrf52832_xxaa_ble_conn_params.c.o
 .text.ble_conn_params_init
                0x0000000000024908       0x98 _build/nrf52832_xxaa_ble_conn_params.c.o
                0x0000000000024908                ble_conn_params_init
 .text.conn_params_negotiation
                0x00000000000249a0       0xac _build/nrf52832_xxaa_ble_conn_params.c.o
 .text.on_connect
                0x0000000000024a4c       0x48 _build/nrf52832_xxaa_ble_conn_params.c.o
 .text.on_disconnect
                0x0000000000024a94       0x50 _build/nrf52832_xxaa_ble_conn_params.c.o
 .text.on_write
                0x0000000000024ae4       0x68 _build/nrf52832_xxaa_ble_conn_params.c.o
 .text.on_conn_params_update
                0x0000000000024b4c       0x28 _build/nrf52832_xxaa_ble_conn_params.c.o
 .text.ble_conn_params_on_ble_evt
                0x0000000000024b74       0x4c _build/nrf52832_xxaa_ble_conn_params.c.o
                0x0000000000024b74                ble_conn_params_on_ble_evt
 .text.uint16_decode
                0x0000000000024bc0       0x2a _build/nrf52832_xxaa_ble_srv_common.c.o
 .text.ble_srv_is_notification_enabled
                0x0000000000024bea       0x2a _build/nrf52832_xxaa_ble_srv_common.c.o
                0x0000000000024bea                ble_srv_is_notification_enabled
 .text          0x0000000000024c14       0x3c _build/nrf52832_xxaa_gcc_startup_nrf52.S.o
                0x0000000000024c14                Reset_Handler
                0x0000000000024c3c                NMI_Handler
                0x0000000000024c3e                HardFault_Handler
                0x0000000000024c40                MemoryManagement_Handler
                0x0000000000024c42                BusFault_Handler
                0x0000000000024c44                UsageFault_Handler
                0x0000000000024c46                SVC_Handler
                0x0000000000024c48                DebugMon_Handler
                0x0000000000024c4a                PendSV_Handler
                0x0000000000024c4c                SysTick_Handler
                0x0000000000024c4e                UARTE0_UART0_IRQHandler
                0x0000000000024c4e                TIMER4_IRQHandler
                0x0000000000024c4e                I2S_IRQHandler
                0x0000000000024c4e                SWI4_EGU4_IRQHandler
                0x0000000000024c4e                TIMER0_IRQHandler
                0x0000000000024c4e                PWM2_IRQHandler
                0x0000000000024c4e                ECB_IRQHandler
                0x0000000000024c4e                SPIM1_SPIS1_TWIM1_TWIS1_SPI1_TWI1_IRQHandler
                0x0000000000024c4e                Default_Handler
                0x0000000000024c4e                CCM_AAR_IRQHandler
                0x0000000000024c4e                WDT_IRQHandler
                0x0000000000024c4e                SWI5_EGU5_IRQHandler
                0x0000000000024c4e                RNG_IRQHandler
                0x0000000000024c4e                PWM0_IRQHandler
                0x0000000000024c4e                SWI3_EGU3_IRQHandler
                0x0000000000024c4e                SWI1_EGU1_IRQHandler
                0x0000000000024c4e                SPIM2_SPIS2_SPI2_IRQHandler
                0x0000000000024c4e                NFCT_IRQHandler
                0x0000000000024c4e                MWU_IRQHandler
                0x0000000000024c4e                TIMER2_IRQHandler
                0x0000000000024c4e                COMP_LPCOMP_IRQHandler
                0x0000000000024c4e                RTC0_IRQHandler
                0x0000000000024c4e                PWM1_IRQHandler
                0x0000000000024c4e                RADIO_IRQHandler
                0x0000000000024c4e                PDM_IRQHandler
                0x0000000000024c4e                TEMP_IRQHandler
                0x0000000000024c4e                QDEC_IRQHandler
                0x0000000000024c4e                TIMER3_IRQHandler
                0x0000000000024c4e                FPU_IRQHandler
                0x0000000000024c4e                SPIM0_SPIS0_TWIM0_TWIS0_SPI0_TWI0_IRQHandler
 .text.NVIC_SystemReset
                0x0000000000024c50       0x28 _build/nrf52832_xxaa_system_nrf52.c.o
 .text.SystemCoreClockUpdate
                0x0000000000024c78       0x1c _build/nrf52832_xxaa_system_nrf52.c.o
                0x0000000000024c78                SystemCoreClockUpdate
 .text.SystemInit
                0x0000000000024c94      0x278 _build/nrf52832_xxaa_system_nrf52.c.o
                0x0000000000024c94                SystemInit
 .text.errata_16
                0x0000000000024f0c       0x44 _build/nrf52832_xxaa_system_nrf52.c.o
 .text.errata_31
                0x0000000000024f50       0x64 _build/nrf52832_xxaa_system_nrf52.c.o
 .text.errata_32
                0x0000000000024fb4       0x44 _build/nrf52832_xxaa_system_nrf52.c.o
 .text.errata_36
                0x0000000000024ff8       0x64 _build/nrf52832_xxaa_system_nrf52.c.o
 .text.errata_37
                0x000000000002505c       0x44 _build/nrf52832_xxaa_system_nrf52.c.o
 .text.errata_57
                0x00000000000250a0       0x44 _build/nrf52832_xxaa_system_nrf52.c.o
 .text.errata_66
                0x00000000000250e4       0x44 _build/nrf52832_xxaa_system_nrf52.c.o
 .text.errata_108
                0x0000000000025128       0x64 _build/nrf52832_xxaa_system_nrf52.c.o
 .text.NVIC_EnableIRQ
                0x000000000002518c       0x34 _build/nrf52832_xxaa_softdevice_handler.c.o
 .text.NVIC_DisableIRQ
                0x00000000000251c0       0x34 _build/nrf52832_xxaa_softdevice_handler.c.o
 .text.NVIC_GetPriority
                0x00000000000251f4       0x50 _build/nrf52832_xxaa_softdevice_handler.c.o
 .text.sd_evt_get
                0x0000000000025244        0x8 _build/nrf52832_xxaa_softdevice_handler.c.o
 .text.sd_softdevice_enable
                0x000000000002524c        0x8 _build/nrf52832_xxaa_softdevice_handler.c.o
 .text.is_word_aligned
                0x0000000000025254       0x24 _build/nrf52832_xxaa_softdevice_handler.c.o
 .text.sd_ble_enable
                0x0000000000025278        0x8 _build/nrf52832_xxaa_softdevice_handler.c.o
 .text.sd_ble_evt_get
                0x0000000000025280        0x8 _build/nrf52832_xxaa_softdevice_handler.c.o
 .text.__sd_nvic_app_accessible_irq
                0x0000000000025288       0x60 _build/nrf52832_xxaa_softdevice_handler.c.o
 .text.__sd_nvic_is_app_accessible_priority
                0x00000000000252e8       0x3c _build/nrf52832_xxaa_softdevice_handler.c.o
 .text.sd_nvic_EnableIRQ
                0x0000000000025324       0x88 _build/nrf52832_xxaa_softdevice_handler.c.o
 .text.nrf_drv_common_irq_enable_check
                0x00000000000253ac       0x40 _build/nrf52832_xxaa_softdevice_handler.c.o
 .text.softdevice_fault_handler
                0x00000000000253ec       0x1e _build/nrf52832_xxaa_softdevice_handler.c.o
                0x00000000000253ec                softdevice_fault_handler
 *fill*         0x000000000002540a        0x2 
 .text.intern_softdevice_events_execute
                0x000000000002540c      0x108 _build/nrf52832_xxaa_softdevice_handler.c.o
                0x000000000002540c                intern_softdevice_events_execute
 .text.softdevice_handler_is_enabled
                0x0000000000025514       0x18 _build/nrf52832_xxaa_softdevice_handler.c.o
                0x0000000000025514                softdevice_handler_is_enabled
 .text.softdevice_handler_init
                0x000000000002552c       0xa8 _build/nrf52832_xxaa_softdevice_handler.c.o
                0x000000000002552c                softdevice_handler_init
 .text.softdevice_ble_evt_handler_set
                0x00000000000255d4       0x2c _build/nrf52832_xxaa_softdevice_handler.c.o
                0x00000000000255d4                softdevice_ble_evt_handler_set
 .text.SWI2_EGU2_IRQHandler
                0x0000000000025600       0x38 _build/nrf52832_xxaa_softdevice_handler.c.o
                0x0000000000025600                SWI2_EGU2_IRQHandler
 .text.softdevice_enable_get_default_config
                0x0000000000025638       0x54 _build/nrf52832_xxaa_softdevice_handler.c.o
                0x0000000000025638                softdevice_enable_get_default_config
 .text.softdevice_enable
                0x000000000002568c       0x30 _build/nrf52832_xxaa_softdevice_handler.c.o
                0x000000000002568c                softdevice_enable
 .text          0x00000000000256bc      0x370 /usr/local/gcc-arm-none-eabi-6-2017-q1-update/bin/../lib/gcc/arm-none-eabi/6.3.1/thumb/v7e-m/fpv4-sp/hard/libgcc.a(_arm_addsubdf3.o)
                0x00000000000256bc                __aeabi_drsub
                0x00000000000256c4                __subdf3
                0x00000000000256c4                __aeabi_dsub
                0x00000000000256c8                __aeabi_dadd
                0x00000000000256c8                __adddf3
                0x0000000000025940                __aeabi_ui2d
                0x0000000000025940                __floatunsidf
                0x0000000000025960                __floatsidf
                0x0000000000025960                __aeabi_i2d
                0x0000000000025984                __extendsfdf2
                0x0000000000025984                __aeabi_f2d
                0x00000000000259c0                __aeabi_ul2d
                0x00000000000259c0                __floatundidf
                0x00000000000259d0                __aeabi_l2d
                0x00000000000259d0                __floatdidf
 .text          0x0000000000025a2c      0x424 /usr/local/gcc-arm-none-eabi-6-2017-q1-update/bin/../lib/gcc/arm-none-eabi/6.3.1/thumb/v7e-m/fpv4-sp/hard/libgcc.a(_arm_muldivdf3.o)
                0x0000000000025a2c                __aeabi_dmul
                0x0000000000025a2c                __muldf3
                0x0000000000025c80                __aeabi_ddiv
                0x0000000000025c80                __divdf3
 .text          0x0000000000025e50       0xa0 /usr/local/gcc-arm-none-eabi-6-2017-q1-update/bin/../lib/gcc/arm-none-eabi/6.3.1/thumb/v7e-m/fpv4-sp/hard/libgcc.a(_arm_truncdfsf2.o)
                0x0000000000025e50                __aeabi_d2f
                0x0000000000025e50                __truncdfsf2
 .text.memcpy   0x0000000000025ef0       0x16 /usr/local/gcc-arm-none-eabi-6-2017-q1-update/bin/../lib/gcc/arm-none-eabi/6.3.1/../../../../arm-none-eabi/lib/thumb/v7e-m/fpv4-sp/hard/libc_nano.a(lib_a-memcpy-stub.o)
                0x0000000000025ef0                memcpy
 .text          0x0000000000025f06       0x10 /usr/local/gcc-arm-none-eabi-6-2017-q1-update/bin/../lib/gcc/arm-none-eabi/6.3.1/../../../../arm-none-eabi/lib/thumb/v7e-m/fpv4-sp/hard/libc_nano.a(lib_a-strlen.o)
                0x0000000000025f06                strlen
 *(.init)
 *fill*         0x0000000000025f16        0x2 
 .init          0x0000000000025f18        0x4 /usr/local/gcc-arm-none-eabi-6-2017-q1-update/bin/../lib/gcc/arm-none-eabi/6.3.1/thumb/v7e-m/fpv4-sp/hard/crti.o
                0x0000000000025f18                _init
 .init          0x0000000000025f1c        0x8 /usr/local/gcc-arm-none-eabi-6-2017-q1-update/bin/../lib/gcc/arm-none-eabi/6.3.1/thumb/v7e-m/fpv4-sp/hard/crtn.o
 *(.fini)
 .fini          0x0000000000025f24        0x4 /usr/local/gcc-arm-none-eabi-6-2017-q1-update/bin/../lib/gcc/arm-none-eabi/6.3.1/thumb/v7e-m/fpv4-sp/hard/crti.o
                0x0000000000025f24                _fini
 .fini          0x0000000000025f28        0x8 /usr/local/gcc-arm-none-eabi-6-2017-q1-update/bin/../lib/gcc/arm-none-eabi/6.3.1/thumb/v7e-m/fpv4-sp/hard/crtn.o
 *crtbegin.o(.ctors)
 *crtbegin?.o(.ctors)
 *(EXCLUDE_FILE(*crtend.o *crtend?.o) .ctors)
 *(SORT(.ctors.*))
 *(.ctors)
 *crtbegin.o(.dtors)
 *crtbegin?.o(.dtors)
 *(EXCLUDE_FILE(*crtend.o *crtend?.o) .dtors)
 *(SORT(.dtors.*))
 *(.dtors)
 *(.rodata*)
 .rodata._global_impure_ptr
                0x0000000000025f30        0x4 /usr/local/gcc-arm-none-eabi-6-2017-q1-update/bin/../lib/gcc/arm-none-eabi/6.3.1/../../../../arm-none-eabi/lib/thumb/v7e-m/fpv4-sp/hard/libc_nano.a(lib_a-impure.o)
                0x0000000000025f30                _global_impure_ptr
 .rodata.m_default_config
                0x0000000000025f34        0x4 _build/nrf52832_xxaa_nrf_drv_saadc.c.o
 .rodata        0x0000000000025f38       0x10 _build/nrf52832_xxaa_ble_fsrs.c.o
 .rodata        0x0000000000025f48        0xc _build/nrf52832_xxaa_fsr_ble.c.o
 .rodata.m_timer
                0x0000000000025f54        0x8 _build/nrf52832_xxaa_fsr_adc.c.o
 .rodata        0x0000000000025f5c        0x8 _build/nrf52832_xxaa_fsr_adc.c.o
 .rodata.m_conn_params_timer_id
                0x0000000000025f64        0x4 _build/nrf52832_xxaa_ble_conn_params.c.o
 *(.eh_frame*)
 .eh_frame      0x0000000000025f68        0x0 /usr/local/gcc-arm-none-eabi-6-2017-q1-update/bin/../lib/gcc/arm-none-eabi/6.3.1/thumb/v7e-m/fpv4-sp/hard/crtbegin.o
 .eh_frame      0x0000000000025f68        0x4 /usr/local/gcc-arm-none-eabi-6-2017-q1-update/bin/../lib/gcc/arm-none-eabi/6.3.1/thumb/v7e-m/fpv4-sp/hard/crtend.o

.glue_7         0x0000000000025f6c        0x0
 .glue_7        0x0000000000025f6c        0x0 linker stubs

.glue_7t        0x0000000000025f6c        0x0
 .glue_7t       0x0000000000025f6c        0x0 linker stubs

.vfp11_veneer   0x0000000000025f6c        0x0
 .vfp11_veneer  0x0000000000025f6c        0x0 linker stubs

.v4_bx          0x0000000000025f6c        0x0
 .v4_bx         0x0000000000025f6c        0x0 linker stubs

.iplt           0x0000000000025f6c        0x0
 .iplt          0x0000000000025f6c        0x0 /usr/local/gcc-arm-none-eabi-6-2017-q1-update/bin/../lib/gcc/arm-none-eabi/6.3.1/thumb/v7e-m/fpv4-sp/hard/crtbegin.o

.ARM.extab
 *(.ARM.extab* .gnu.linkonce.armextab.*)
                0x0000000000025f6c                __exidx_start = .

.ARM.exidx      0x0000000000025f6c        0x8
 *(.ARM.exidx* .gnu.linkonce.armexidx.*)
 .ARM.exidx     0x0000000000025f6c        0x8 /usr/local/gcc-arm-none-eabi-6-2017-q1-update/bin/../lib/gcc/arm-none-eabi/6.3.1/../../../../arm-none-eabi/lib/thumb/v7e-m/fpv4-sp/hard/crt0.o
                0x0000000000025f74                __exidx_end = .
                0x0000000000025f74                __etext = .

.rel.dyn        0x0000000000025f74        0x0
 .rel.iplt      0x0000000000025f74        0x0 /usr/local/gcc-arm-none-eabi-6-2017-q1-update/bin/../lib/gcc/arm-none-eabi/6.3.1/thumb/v7e-m/fpv4-sp/hard/crtbegin.o

.data           0x0000000020002128       0x80 load address 0x0000000000025f74
                0x0000000020002128                __data_start__ = .
 *(vtable)
 *(.data*)
 .data.impure_data
                0x0000000020002128       0x60 /usr/local/gcc-arm-none-eabi-6-2017-q1-update/bin/../lib/gcc/arm-none-eabi/6.3.1/../../../../arm-none-eabi/lib/thumb/v7e-m/fpv4-sp/hard/libc_nano.a(lib_a-impure.o)
 .data.m_conn_handle
                0x0000000020002188        0x2 _build/nrf52832_xxaa_fsr_ble.c.o
 *fill*         0x000000002000218a        0x2 
 .data.m_adc_init
                0x000000002000218c        0x8 _build/nrf52832_xxaa_fsr_ble.c.o
 .data.m_adc_evt_counter
                0x0000000020002194        0x4 _build/nrf52832_xxaa_fsr_adc.c.o
 .data.SystemCoreClock
                0x0000000020002198        0x4 _build/nrf52832_xxaa_system_nrf52.c.o
                0x0000000020002198                SystemCoreClock
                0x000000002000219c                . = ALIGN (0x4)
                0x000000002000219c                PROVIDE (__preinit_array_start, .)
 *(.preinit_array)
                0x000000002000219c                PROVIDE (__preinit_array_end, .)
                0x000000002000219c                . = ALIGN (0x4)
                0x000000002000219c                PROVIDE (__init_array_start, .)
 *(SORT(.init_array.*))
 *(.init_array)
 .init_array    0x000000002000219c        0x4 /usr/local/gcc-arm-none-eabi-6-2017-q1-update/bin/../lib/gcc/arm-none-eabi/6.3.1/thumb/v7e-m/fpv4-sp/hard/crtbegin.o
                0x00000000200021a0                PROVIDE (__init_array_end, .)
                0x00000000200021a0                . = ALIGN (0x4)
                [!provide]                        PROVIDE (__fini_array_start, .)
 *(SORT(.fini_array.*))
 *(.fini_array)
 .fini_array    0x00000000200021a0        0x4 /usr/local/gcc-arm-none-eabi-6-2017-q1-update/bin/../lib/gcc/arm-none-eabi/6.3.1/thumb/v7e-m/fpv4-sp/hard/crtbegin.o
                [!provide]                        PROVIDE (__fini_array_end, .)
 *(.jcr*)
 .jcr           0x00000000200021a4        0x0 /usr/local/gcc-arm-none-eabi-6-2017-q1-update/bin/../lib/gcc/arm-none-eabi/6.3.1/thumb/v7e-m/fpv4-sp/hard/crtbegin.o
 .jcr           0x00000000200021a4        0x4 /usr/local/gcc-arm-none-eabi-6-2017-q1-update/bin/../lib/gcc/arm-none-eabi/6.3.1/thumb/v7e-m/fpv4-sp/hard/crtend.o
                0x00000000200021a8                . = ALIGN (0x4)
                0x00000000200021a8                __data_end__ = .
LOAD /usr/local/gcc-arm-none-eabi-6-2017-q1-update/bin/../lib/gcc/arm-none-eabi/6.3.1/thumb/v7e-m/fpv4-sp/hard/crti.o
LOAD /usr/local/gcc-arm-none-eabi-6-2017-q1-update/bin/../lib/gcc/arm-none-eabi/6.3.1/thumb/v7e-m/fpv4-sp/hard/crtbegin.o
LOAD /usr/local/gcc-arm-none-eabi-6-2017-q1-update/bin/../lib/gcc/arm-none-eabi/6.3.1/../../../../arm-none-eabi/lib/thumb/v7e-m/fpv4-sp/hard/crt0.o
LOAD /usr/local/gcc-arm-none-eabi-6-2017-q1-update/bin/../lib/gcc/arm-none-eabi/6.3.1/../../../../arm-none-eabi/lib/thumb/v7e-m/fpv4-sp/hard/libc_nano.a
LOAD /usr/local/gcc-arm-none-eabi-6-2017-q1-update/bin/../lib/gcc/arm-none-eabi/6.3.1/../../../../arm-none-eabi/lib/thumb/v7e-m/fpv4-sp/hard/libnosys.a
LOAD _build/nrf52832_xxaa_nrf_log_backend_serial.c.o
LOAD _build/nrf52832_xxaa_nrf_log_frontend.c.o
LOAD _build/nrf52832_xxaa_app_button.c.o
LOAD _build/nrf52832_xxaa_app_error.c.o
LOAD _build/nrf52832_xxaa_app_error_weak.c.o
LOAD _build/nrf52832_xxaa_app_fifo.c.o
LOAD _build/nrf52832_xxaa_app_timer.c.o
LOAD _build/nrf52832_xxaa_app_uart_fifo.c.o
LOAD _build/nrf52832_xxaa_app_util_platform.c.o
LOAD _build/nrf52832_xxaa_fstorage.c.o
LOAD _build/nrf52832_xxaa_hardfault_implementation.c.o
LOAD _build/nrf52832_xxaa_nrf_assert.c.o
LOAD _build/nrf52832_xxaa_retarget.c.o
LOAD _build/nrf52832_xxaa_sdk_errors.c.o
LOAD _build/nrf52832_xxaa_boards.c.o
LOAD _build/nrf52832_xxaa_nrf_drv_clock.c.o
LOAD _build/nrf52832_xxaa_nrf_drv_ppi.c.o
LOAD _build/nrf52832_xxaa_nrf_drv_timer.c.o
LOAD _build/nrf52832_xxaa_nrf_drv_saadc.c.o
LOAD _build/nrf52832_xxaa_nrf_saadc.c.o
LOAD _build/nrf52832_xxaa_nrf_drv_rtc.c.o
LOAD _build/nrf52832_xxaa_nrf_drv_common.c.o
LOAD _build/nrf52832_xxaa_nrf_drv_gpiote.c.o
LOAD _build/nrf52832_xxaa_nrf_drv_uart.c.o
LOAD _build/nrf52832_xxaa_bsp.c.o
LOAD _build/nrf52832_xxaa_bsp_btn_ble.c.o
LOAD _build/nrf52832_xxaa_bsp_nfc.c.o
LOAD _build/nrf52832_xxaa_main.c.o
LOAD _build/nrf52832_xxaa_ble_fsrs.c.o
LOAD _build/nrf52832_xxaa_fsr_ble.c.o
LOAD _build/nrf52832_xxaa_fsr_adc.c.o
LOAD _build/nrf52832_xxaa_counter.c.o
LOAD _build/nrf52832_xxaa_RTT_Syscalls_GCC.c.o
LOAD _build/nrf52832_xxaa_SEGGER_RTT.c.o
LOAD _build/nrf52832_xxaa_SEGGER_RTT_printf.c.o
LOAD _build/nrf52832_xxaa_ble_advdata.c.o
LOAD _build/nrf52832_xxaa_ble_advertising.c.o
LOAD _build/nrf52832_xxaa_ble_conn_params.c.o
LOAD _build/nrf52832_xxaa_ble_srv_common.c.o
LOAD _build/nrf52832_xxaa_gcc_startup_nrf52.S.o
LOAD _build/nrf52832_xxaa_system_nrf52.c.o
LOAD _build/nrf52832_xxaa_ble_nus.c.o
LOAD _build/nrf52832_xxaa_softdevice_handler.c.o
LOAD /usr/local/gcc-arm-none-eabi-6-2017-q1-update/bin/../lib/gcc/arm-none-eabi/6.3.1/../../../../arm-none-eabi/lib/thumb/v7e-m/fpv4-sp/hard/libm.a
START GROUP
LOAD /usr/local/gcc-arm-none-eabi-6-2017-q1-update/bin/../lib/gcc/arm-none-eabi/6.3.1/thumb/v7e-m/fpv4-sp/hard/libgcc.a
LOAD /usr/local/gcc-arm-none-eabi-6-2017-q1-update/bin/../lib/gcc/arm-none-eabi/6.3.1/../../../../arm-none-eabi/lib/thumb/v7e-m/fpv4-sp/hard/libc_nano.a
END GROUP
START GROUP
LOAD /usr/local/gcc-arm-none-eabi-6-2017-q1-update/bin/../lib/gcc/arm-none-eabi/6.3.1/thumb/v7e-m/fpv4-sp/hard/libgcc.a
LOAD /usr/local/gcc-arm-none-eabi-6-2017-q1-update/bin/../lib/gcc/arm-none-eabi/6.3.1/../../../../arm-none-eabi/lib/thumb/v7e-m/fpv4-sp/hard/libc_nano.a
END GROUP
LOAD /usr/local/gcc-arm-none-eabi-6-2017-q1-update/bin/../lib/gcc/arm-none-eabi/6.3.1/thumb/v7e-m/fpv4-sp/hard/crtend.o
LOAD /usr/local/gcc-arm-none-eabi-6-2017-q1-update/bin/../lib/gcc/arm-none-eabi/6.3.1/thumb/v7e-m/fpv4-sp/hard/crtn.o
START GROUP
LOAD /usr/local/gcc-arm-none-eabi-6-2017-q1-update/bin/../lib/gcc/arm-none-eabi/6.3.1/thumb/v7e-m/fpv4-sp/hard/libgcc.a
LOAD /usr/local/gcc-arm-none-eabi-6-2017-q1-update/bin/../lib/gcc/arm-none-eabi/6.3.1/../../../../arm-none-eabi/lib/thumb/v7e-m/fpv4-sp/hard/libc.a
LOAD /usr/local/gcc-arm-none-eabi-6-2017-q1-update/bin/../lib/gcc/arm-none-eabi/6.3.1/../../../../arm-none-eabi/lib/thumb/v7e-m/fpv4-sp/hard/libnosys.a
END GROUP

.igot.plt       0x00000000200021a8        0x0 load address 0x0000000000025ff4
 .igot.plt      0x00000000200021a8        0x0 /usr/local/gcc-arm-none-eabi-6-2017-q1-update/bin/../lib/gcc/arm-none-eabi/6.3.1/thumb/v7e-m/fpv4-sp/hard/crtbegin.o

.fs_data        0x00000000200021a8        0x0
                0x00000000200021a8                PROVIDE (__start_fs_data, .)
 *(.fs_data)
                0x00000000200021a8                PROVIDE (__stop_fs_data, .)

.pwr_mgmt_data  0x00000000200021a8        0x0
                [!provide]                        PROVIDE (__start_pwr_mgmt_data, .)
 *(.pwr_mgmt_data)
                [!provide]                        PROVIDE (__stop_pwr_mgmt_data, .)

.bss            0x00000000200021a8      0x39c load address 0x0000000000025ff4
                0x00000000200021a8                . = ALIGN (0x4)
                0x00000000200021a8                __bss_start__ = .
 *(.bss*)
 .bss           0x00000000200021a8       0x1c /usr/local/gcc-arm-none-eabi-6-2017-q1-update/bin/../lib/gcc/arm-none-eabi/6.3.1/thumb/v7e-m/fpv4-sp/hard/crtbegin.o
 .bss.m_op_queue
                0x00000000200021c4        0x8 _build/nrf52832_xxaa_app_timer.c.o
 .bss.mp_timer_id_head
                0x00000000200021cc        0x4 _build/nrf52832_xxaa_app_timer.c.o
 .bss.m_ticks_latest
                0x00000000200021d0        0x4 _build/nrf52832_xxaa_app_timer.c.o
 .bss.m_ticks_elapsed
                0x00000000200021d4        0x8 _build/nrf52832_xxaa_app_timer.c.o
 .bss.m_ticks_elapsed_q_read_ind
                0x00000000200021dc        0x1 _build/nrf52832_xxaa_app_timer.c.o
 .bss.m_ticks_elapsed_q_write_ind
                0x00000000200021dd        0x1 _build/nrf52832_xxaa_app_timer.c.o
 *fill*         0x00000000200021de        0x2 
 .bss.m_evt_schedule_func
                0x00000000200021e0        0x4 _build/nrf52832_xxaa_app_timer.c.o
 .bss.m_rtc1_running
                0x00000000200021e4        0x1 _build/nrf52832_xxaa_app_timer.c.o
 .bss.m_rtc1_reset
                0x00000000200021e5        0x1 _build/nrf52832_xxaa_app_timer.c.o
 *fill*         0x00000000200021e6        0x2 
 .bss.m_queue   0x00000000200021e8       0x68 _build/nrf52832_xxaa_fstorage.c.o
 .bss.m_clock_cb
                0x0000000020002250       0x14 _build/nrf52832_xxaa_nrf_drv_clock.c.o
 .bss.m_drv_state
                0x0000000020002264        0x1 _build/nrf52832_xxaa_nrf_drv_ppi.c.o
 *fill*         0x0000000020002265        0x3 
 .bss.m_channels_allocated
                0x0000000020002268        0x4 _build/nrf52832_xxaa_nrf_drv_ppi.c.o
 .bss.m_cb      0x000000002000226c        0xc _build/nrf52832_xxaa_nrf_drv_timer.c.o
 .bss.m_cb      0x0000000020002278       0x30 _build/nrf52832_xxaa_nrf_drv_saadc.c.o
 .bss.m_handlers
                0x00000000200022a8        0x4 _build/nrf52832_xxaa_nrf_drv_rtc.c.o
 .bss.m_cb      0x00000000200022ac       0x58 _build/nrf52832_xxaa_nrf_drv_gpiote.c.o
 .bss.m_fsrs    0x0000000020002304       0x14 _build/nrf52832_xxaa_fsr_ble.c.o
 .bss.BLE_EVT_BUFFER.9996
                0x0000000020002318       0x50 _build/nrf52832_xxaa_fsr_ble.c.o
 .bss.APP_TIMER_BUF.10022
                0x0000000020002368       0x78 _build/nrf52832_xxaa_fsr_ble.c.o
 .bss.m_buffer_pool
                0x00000000200023e0        0x8 _build/nrf52832_xxaa_fsr_adc.c.o
 .bss.m_saadc_calibrate
                0x00000000200023e8        0x1 _build/nrf52832_xxaa_fsr_adc.c.o
 .bss.m_done_sample
                0x00000000200023e9        0x1 _build/nrf52832_xxaa_fsr_adc.c.o
 .bss.m_ppi_channel_saadc_sample
                0x00000000200023ea        0x1 _build/nrf52832_xxaa_fsr_adc.c.o
 *fill*         0x00000000200023eb        0x1 
 .bss.m_sample_period
                0x00000000200023ec        0x4 _build/nrf52832_xxaa_fsr_adc.c.o
 .bss.m_adc_results_mvolt
                0x00000000200023f0        0x4 _build/nrf52832_xxaa_fsr_adc.c.o
 .bss.m_adc_callback
                0x00000000200023f4        0x4 _build/nrf52832_xxaa_fsr_adc.c.o
 .bss.m_initialized
                0x00000000200023f8        0x1 _build/nrf52832_xxaa_ble_advertising.c.o
 .bss.m_advertising_start_pending
                0x00000000200023f9        0x1 _build/nrf52832_xxaa_ble_advertising.c.o
 .bss.m_adv_evt
                0x00000000200023fa        0x1 _build/nrf52832_xxaa_ble_advertising.c.o
 .bss.m_adv_mode_current
                0x00000000200023fb        0x1 _build/nrf52832_xxaa_ble_advertising.c.o
 .bss.m_adv_modes_config
                0x00000000200023fc       0x20 _build/nrf52832_xxaa_ble_advertising.c.o
 .bss.m_peer_address
                0x000000002000241c        0x7 _build/nrf52832_xxaa_ble_advertising.c.o
 .bss.m_peer_addr_reply_expected
                0x0000000020002423        0x1 _build/nrf52832_xxaa_ble_advertising.c.o
 .bss.m_advdata
                0x0000000020002424       0x3c _build/nrf52832_xxaa_ble_advertising.c.o
 .bss.m_manuf_specific_data
                0x0000000020002460        0xc _build/nrf52832_xxaa_ble_advertising.c.o
 .bss.m_manuf_data_array
                0x000000002000246c       0x1f _build/nrf52832_xxaa_ble_advertising.c.o
 *fill*         0x000000002000248b        0x1 
 .bss.m_service_data
                0x000000002000248c        0xc _build/nrf52832_xxaa_ble_advertising.c.o
 .bss.m_service_data_array
                0x0000000020002498       0x1f _build/nrf52832_xxaa_ble_advertising.c.o
 *fill*         0x00000000200024b7        0x1 
 .bss.m_slave_conn_int
                0x00000000200024b8        0x4 _build/nrf52832_xxaa_ble_advertising.c.o
 .bss.m_current_slave_link_conn_handle
                0x00000000200024bc        0x2 _build/nrf52832_xxaa_ble_advertising.c.o
 *fill*         0x00000000200024be        0x2 
 .bss.m_evt_handler
                0x00000000200024c0        0x4 _build/nrf52832_xxaa_ble_advertising.c.o
 .bss.m_error_handler
                0x00000000200024c4        0x4 _build/nrf52832_xxaa_ble_advertising.c.o
 .bss.m_whitelist_temporarily_disabled
                0x00000000200024c8        0x1 _build/nrf52832_xxaa_ble_advertising.c.o
 .bss.m_whitelist_reply_expected
                0x00000000200024c9        0x1 _build/nrf52832_xxaa_ble_advertising.c.o
 .bss.m_whitelist_in_use
                0x00000000200024ca        0x1 _build/nrf52832_xxaa_ble_advertising.c.o
 *fill*         0x00000000200024cb        0x1 
 .bss.m_conn_params_config
                0x00000000200024cc       0x1c _build/nrf52832_xxaa_ble_conn_params.c.o
 .bss.m_preferred_conn_params
                0x00000000200024e8        0x8 _build/nrf52832_xxaa_ble_conn_params.c.o
 .bss.m_update_count
                0x00000000200024f0        0x1 _build/nrf52832_xxaa_ble_conn_params.c.o
 *fill*         0x00000000200024f1        0x1 
 .bss.m_conn_handle
                0x00000000200024f2        0x2 _build/nrf52832_xxaa_ble_conn_params.c.o
 .bss.m_current_conn_params
                0x00000000200024f4        0x8 _build/nrf52832_xxaa_ble_conn_params.c.o
 .bss.m_conn_params_timer_id_data
                0x00000000200024fc       0x20 _build/nrf52832_xxaa_ble_conn_params.c.o
 .bss.m_change_param
                0x000000002000251c        0x1 _build/nrf52832_xxaa_ble_conn_params.c.o
 *fill*         0x000000002000251d        0x3 
 .bss.m_evt_schedule_func
                0x0000000020002520        0x4 _build/nrf52832_xxaa_softdevice_handler.c.o
 .bss.m_softdevice_enabled
                0x0000000020002524        0x1 _build/nrf52832_xxaa_softdevice_handler.c.o
 .bss.m_suspended
                0x0000000020002525        0x1 _build/nrf52832_xxaa_softdevice_handler.c.o
 *fill*         0x0000000020002526        0x2 
 .bss.mp_ble_evt_buffer
                0x0000000020002528        0x4 _build/nrf52832_xxaa_softdevice_handler.c.o
 .bss.m_ble_evt_buffer_size
                0x000000002000252c        0x2 _build/nrf52832_xxaa_softdevice_handler.c.o
 *fill*         0x000000002000252e        0x2 
 .bss.m_ble_evt_handler
                0x0000000020002530        0x4 _build/nrf52832_xxaa_softdevice_handler.c.o
 .bss.m_sys_evt_handler
                0x0000000020002534        0x4 _build/nrf52832_xxaa_softdevice_handler.c.o
 *(COMMON)
 COMMON         0x0000000020002538        0xc _build/nrf52832_xxaa_app_util_platform.c.o
                0x0000000020002538                nrf_nvic_state
                0x0000000020002544                . = ALIGN (0x4)
                0x0000000020002544                __bss_end__ = .

.heap           0x0000000020002548     0x2000
                0x0000000020002548                __HeapBase = .
                0x0000000020002548                __end__ = .
                [!provide]                        PROVIDE (end, .)
 *(.heap*)
 .heap          0x0000000020002548     0x2000 _build/nrf52832_xxaa_gcc_startup_nrf52.S.o
                0x0000000020004548                __HeapLimit = .

.stack_dummy    0x0000000020002548     0x2000
 *(.stack*)
 .stack         0x0000000020002548     0x2000 _build/nrf52832_xxaa_gcc_startup_nrf52.S.o
                0x0000000020010000                __StackTop = (ORIGIN (RAM) + LENGTH (RAM))
                0x000000002000e000                __StackLimit = (__StackTop - SIZEOF (.stack_dummy))
                0x0000000020010000                PROVIDE (__stack, __StackTop)
                0x0000000000000001                ASSERT ((__StackLimit >= __HeapLimit), region RAM overflowed with stack)
OUTPUT(_build/nrf52832_xxaa.out elf32-littlearm)

.ARM.attributes
                0x0000000000000000       0x30
 .ARM.attributes
                0x0000000000000000       0x22 /usr/local/gcc-arm-none-eabi-6-2017-q1-update/bin/../lib/gcc/arm-none-eabi/6.3.1/thumb/v7e-m/fpv4-sp/hard/crti.o
 .ARM.attributes
                0x0000000000000022       0x34 /usr/local/gcc-arm-none-eabi-6-2017-q1-update/bin/../lib/gcc/arm-none-eabi/6.3.1/thumb/v7e-m/fpv4-sp/hard/crtbegin.o
 .ARM.attributes
                0x0000000000000056       0x20 /usr/local/gcc-arm-none-eabi-6-2017-q1-update/bin/../lib/gcc/arm-none-eabi/6.3.1/../../../../arm-none-eabi/lib/thumb/v7e-m/fpv4-sp/hard/crt0.o
 .ARM.attributes
                0x0000000000000076       0x34 /usr/local/gcc-arm-none-eabi-6-2017-q1-update/bin/../lib/gcc/arm-none-eabi/6.3.1/../../../../arm-none-eabi/lib/thumb/v7e-m/fpv4-sp/hard/libc_nano.a(lib_a-exit.o)
 .ARM.attributes
                0x00000000000000aa       0x34 /usr/local/gcc-arm-none-eabi-6-2017-q1-update/bin/../lib/gcc/arm-none-eabi/6.3.1/../../../../arm-none-eabi/lib/thumb/v7e-m/fpv4-sp/hard/libc_nano.a(lib_a-impure.o)
 .ARM.attributes
                0x00000000000000de       0x34 /usr/local/gcc-arm-none-eabi-6-2017-q1-update/bin/../lib/gcc/arm-none-eabi/6.3.1/../../../../arm-none-eabi/lib/thumb/v7e-m/fpv4-sp/hard/libc_nano.a(lib_a-init.o)
 .ARM.attributes
                0x0000000000000112       0x34 /usr/local/gcc-arm-none-eabi-6-2017-q1-update/bin/../lib/gcc/arm-none-eabi/6.3.1/../../../../arm-none-eabi/lib/thumb/v7e-m/fpv4-sp/hard/libc_nano.a(lib_a-memset.o)
 .ARM.attributes
                0x0000000000000146       0x34 /usr/local/gcc-arm-none-eabi-6-2017-q1-update/bin/../lib/gcc/arm-none-eabi/6.3.1/../../../../arm-none-eabi/lib/thumb/v7e-m/fpv4-sp/hard/libnosys.a(_exit.o)
 .ARM.attributes
                0x000000000000017a       0x39 _build/nrf52832_xxaa_app_error.c.o
 .ARM.attributes
                0x00000000000001b3       0x39 _build/nrf52832_xxaa_app_error_weak.c.o
 .ARM.attributes
                0x00000000000001ec       0x39 _build/nrf52832_xxaa_app_timer.c.o
 .ARM.attributes
                0x0000000000000225       0x39 _build/nrf52832_xxaa_app_util_platform.c.o
 .ARM.attributes
                0x000000000000025e       0x39 _build/nrf52832_xxaa_fstorage.c.o
 .ARM.attributes
                0x0000000000000297       0x39 _build/nrf52832_xxaa_nrf_drv_clock.c.o
 .ARM.attributes
                0x00000000000002d0       0x39 _build/nrf52832_xxaa_nrf_drv_ppi.c.o
 .ARM.attributes
                0x0000000000000309       0x39 _build/nrf52832_xxaa_nrf_drv_timer.c.o
 .ARM.attributes
                0x0000000000000342       0x39 _build/nrf52832_xxaa_nrf_drv_saadc.c.o
 .ARM.attributes
                0x000000000000037b       0x39 _build/nrf52832_xxaa_nrf_saadc.c.o
 .ARM.attributes
                0x00000000000003b4       0x39 _build/nrf52832_xxaa_nrf_drv_rtc.c.o
 .ARM.attributes
                0x00000000000003ed       0x39 _build/nrf52832_xxaa_nrf_drv_common.c.o
 .ARM.attributes
                0x0000000000000426       0x39 _build/nrf52832_xxaa_nrf_drv_gpiote.c.o
 .ARM.attributes
                0x000000000000045f       0x39 _build/nrf52832_xxaa_main.c.o
 .ARM.attributes
                0x0000000000000498       0x39 _build/nrf52832_xxaa_ble_fsrs.c.o
 .ARM.attributes
                0x00000000000004d1       0x39 _build/nrf52832_xxaa_fsr_ble.c.o
 .ARM.attributes
                0x000000000000050a       0x39 _build/nrf52832_xxaa_fsr_adc.c.o
 .ARM.attributes
                0x0000000000000543       0x39 _build/nrf52832_xxaa_ble_advdata.c.o
 .ARM.attributes
                0x000000000000057c       0x39 _build/nrf52832_xxaa_ble_advertising.c.o
 .ARM.attributes
                0x00000000000005b5       0x39 _build/nrf52832_xxaa_ble_conn_params.c.o
 .ARM.attributes
                0x00000000000005ee       0x39 _build/nrf52832_xxaa_ble_srv_common.c.o
 .ARM.attributes
                0x0000000000000627       0x1c _build/nrf52832_xxaa_gcc_startup_nrf52.S.o
 .ARM.attributes
                0x0000000000000643       0x39 _build/nrf52832_xxaa_system_nrf52.c.o
 .ARM.attributes
                0x000000000000067c       0x39 _build/nrf52832_xxaa_softdevice_handler.c.o
 .ARM.attributes
                0x00000000000006b5       0x22 /usr/local/gcc-arm-none-eabi-6-2017-q1-update/bin/../lib/gcc/arm-none-eabi/6.3.1/thumb/v7e-m/fpv4-sp/hard/libgcc.a(_arm_addsubdf3.o)
 .ARM.attributes
                0x00000000000006d7       0x22 /usr/local/gcc-arm-none-eabi-6-2017-q1-update/bin/../lib/gcc/arm-none-eabi/6.3.1/thumb/v7e-m/fpv4-sp/hard/libgcc.a(_arm_muldivdf3.o)
 .ARM.attributes
                0x00000000000006f9       0x22 /usr/local/gcc-arm-none-eabi-6-2017-q1-update/bin/../lib/gcc/arm-none-eabi/6.3.1/thumb/v7e-m/fpv4-sp/hard/libgcc.a(_arm_truncdfsf2.o)
 .ARM.attributes
                0x000000000000071b       0x34 /usr/local/gcc-arm-none-eabi-6-2017-q1-update/bin/../lib/gcc/arm-none-eabi/6.3.1/../../../../arm-none-eabi/lib/thumb/v7e-m/fpv4-sp/hard/libc_nano.a(lib_a-memcpy-stub.o)
 .ARM.attributes
                0x000000000000074f       0x1b /usr/local/gcc-arm-none-eabi-6-2017-q1-update/bin/../lib/gcc/arm-none-eabi/6.3.1/../../../../arm-none-eabi/lib/thumb/v7e-m/fpv4-sp/hard/libc_nano.a(lib_a-strlen.o)
 .ARM.attributes
                0x000000000000076a       0x34 /usr/local/gcc-arm-none-eabi-6-2017-q1-update/bin/../lib/gcc/arm-none-eabi/6.3.1/thumb/v7e-m/fpv4-sp/hard/crtend.o
 .ARM.attributes
                0x000000000000079e       0x22 /usr/local/gcc-arm-none-eabi-6-2017-q1-update/bin/../lib/gcc/arm-none-eabi/6.3.1/thumb/v7e-m/fpv4-sp/hard/crtn.o

.comment        0x0000000000000000       0x7f
 .comment       0x0000000000000000       0x7f _build/nrf52832_xxaa_app_error.c.o
                                         0x80 (size before relaxing)
 .comment       0x000000000000007f       0x80 _build/nrf52832_xxaa_app_error_weak.c.o
 .comment       0x000000000000007f       0x80 _build/nrf52832_xxaa_app_timer.c.o
 .comment       0x000000000000007f       0x80 _build/nrf52832_xxaa_app_util_platform.c.o
 .comment       0x000000000000007f       0x80 _build/nrf52832_xxaa_fstorage.c.o
 .comment       0x000000000000007f       0x80 _build/nrf52832_xxaa_nrf_drv_clock.c.o
 .comment       0x000000000000007f       0x80 _build/nrf52832_xxaa_nrf_drv_ppi.c.o
 .comment       0x000000000000007f       0x80 _build/nrf52832_xxaa_nrf_drv_timer.c.o
 .comment       0x000000000000007f       0x80 _build/nrf52832_xxaa_nrf_drv_saadc.c.o
 .comment       0x000000000000007f       0x80 _build/nrf52832_xxaa_nrf_saadc.c.o
 .comment       0x000000000000007f       0x80 _build/nrf52832_xxaa_nrf_drv_rtc.c.o
 .comment       0x000000000000007f       0x80 _build/nrf52832_xxaa_nrf_drv_common.c.o
 .comment       0x000000000000007f       0x80 _build/nrf52832_xxaa_nrf_drv_gpiote.c.o
 .comment       0x000000000000007f       0x80 _build/nrf52832_xxaa_main.c.o
 .comment       0x000000000000007f       0x80 _build/nrf52832_xxaa_ble_fsrs.c.o
 .comment       0x000000000000007f       0x80 _build/nrf52832_xxaa_fsr_ble.c.o
 .comment       0x000000000000007f       0x80 _build/nrf52832_xxaa_fsr_adc.c.o
 .comment       0x000000000000007f       0x80 _build/nrf52832_xxaa_ble_advdata.c.o
 .comment       0x000000000000007f       0x80 _build/nrf52832_xxaa_ble_advertising.c.o
 .comment       0x000000000000007f       0x80 _build/nrf52832_xxaa_ble_conn_params.c.o
 .comment       0x000000000000007f       0x80 _build/nrf52832_xxaa_ble_srv_common.c.o
 .comment       0x000000000000007f       0x80 _build/nrf52832_xxaa_system_nrf52.c.o
 .comment       0x000000000000007f       0x80 _build/nrf52832_xxaa_softdevice_handler.c.o

.debug_frame    0x0000000000000000     0x8cc4
 .debug_frame   0x0000000000000000       0x28 /usr/local/gcc-arm-none-eabi-6-2017-q1-update/bin/../lib/gcc/arm-none-eabi/6.3.1/../../../../arm-none-eabi/lib/thumb/v7e-m/fpv4-sp/hard/libc_nano.a(lib_a-exit.o)
 .debug_frame   0x0000000000000028       0x2c /usr/local/gcc-arm-none-eabi-6-2017-q1-update/bin/../lib/gcc/arm-none-eabi/6.3.1/../../../../arm-none-eabi/lib/thumb/v7e-m/fpv4-sp/hard/libc_nano.a(lib_a-init.o)
 .debug_frame   0x0000000000000054       0x20 /usr/local/gcc-arm-none-eabi-6-2017-q1-update/bin/../lib/gcc/arm-none-eabi/6.3.1/../../../../arm-none-eabi/lib/thumb/v7e-m/fpv4-sp/hard/libc_nano.a(lib_a-memset.o)
 .debug_frame   0x0000000000000074       0x20 /usr/local/gcc-arm-none-eabi-6-2017-q1-update/bin/../lib/gcc/arm-none-eabi/6.3.1/../../../../arm-none-eabi/lib/thumb/v7e-m/fpv4-sp/hard/libnosys.a(_exit.o)
 .debug_frame   0x0000000000000094       0x80 _build/nrf52832_xxaa_app_error.c.o
 .debug_frame   0x0000000000000114       0x4c _build/nrf52832_xxaa_app_error_weak.c.o
 .debug_frame   0x0000000000000160      0x808 _build/nrf52832_xxaa_app_timer.c.o
 .debug_frame   0x0000000000000968      0x3c8 _build/nrf52832_xxaa_app_util_platform.c.o
 .debug_frame   0x0000000000000d30      0x550 _build/nrf52832_xxaa_fstorage.c.o
 .debug_frame   0x0000000000001280      0xc08 _build/nrf52832_xxaa_nrf_drv_clock.c.o
 .debug_frame   0x0000000000001e88      0x83c _build/nrf52832_xxaa_nrf_drv_ppi.c.o
 .debug_frame   0x00000000000026c4      0x7c8 _build/nrf52832_xxaa_nrf_drv_timer.c.o
 .debug_frame   0x0000000000002e8c      0x6e8 _build/nrf52832_xxaa_nrf_drv_saadc.c.o
 .debug_frame   0x0000000000003574       0x5c _build/nrf52832_xxaa_nrf_saadc.c.o
 .debug_frame   0x00000000000035d0      0x684 _build/nrf52832_xxaa_nrf_drv_rtc.c.o
 .debug_frame   0x0000000000003c54      0x3b4 _build/nrf52832_xxaa_nrf_drv_common.c.o
 .debug_frame   0x0000000000004008      0xd54 _build/nrf52832_xxaa_nrf_drv_gpiote.c.o
 .debug_frame   0x0000000000004d5c      0x33c _build/nrf52832_xxaa_main.c.o
 .debug_frame   0x0000000000005098      0x5a8 _build/nrf52832_xxaa_ble_fsrs.c.o
 .debug_frame   0x0000000000005640      0x980 _build/nrf52832_xxaa_fsr_ble.c.o
 .debug_frame   0x0000000000005fc0      0x23c _build/nrf52832_xxaa_fsr_adc.c.o
 .debug_frame   0x00000000000061fc      0x6fc _build/nrf52832_xxaa_ble_advdata.c.o
 .debug_frame   0x00000000000068f8      0xa04 _build/nrf52832_xxaa_ble_advertising.c.o
 .debug_frame   0x00000000000072fc      0x62c _build/nrf52832_xxaa_ble_conn_params.c.o
 .debug_frame   0x0000000000007928      0x5c8 _build/nrf52832_xxaa_ble_srv_common.c.o
 .debug_frame   0x0000000000007ef0      0x164 _build/nrf52832_xxaa_system_nrf52.c.o
 .debug_frame   0x0000000000008054      0xb28 _build/nrf52832_xxaa_softdevice_handler.c.o
 .debug_frame   0x0000000000008b7c       0xac /usr/local/gcc-arm-none-eabi-6-2017-q1-update/bin/../lib/gcc/arm-none-eabi/6.3.1/thumb/v7e-m/fpv4-sp/hard/libgcc.a(_arm_addsubdf3.o)
 .debug_frame   0x0000000000008c28       0x50 /usr/local/gcc-arm-none-eabi-6-2017-q1-update/bin/../lib/gcc/arm-none-eabi/6.3.1/thumb/v7e-m/fpv4-sp/hard/libgcc.a(_arm_muldivdf3.o)
 .debug_frame   0x0000000000008c78       0x24 /usr/local/gcc-arm-none-eabi-6-2017-q1-update/bin/../lib/gcc/arm-none-eabi/6.3.1/thumb/v7e-m/fpv4-sp/hard/libgcc.a(_arm_truncdfsf2.o)
 .debug_frame   0x0000000000008c9c       0x28 /usr/local/gcc-arm-none-eabi-6-2017-q1-update/bin/../lib/gcc/arm-none-eabi/6.3.1/../../../../arm-none-eabi/lib/thumb/v7e-m/fpv4-sp/hard/libc_nano.a(lib_a-memcpy-stub.o)

.debug_info     0x0000000000000000    0x3be87
 .debug_info    0x0000000000000000      0xb2d _build/nrf52832_xxaa_app_error.c.o
 .debug_info    0x0000000000000b2d      0xb54 _build/nrf52832_xxaa_app_error_weak.c.o
 .debug_info    0x0000000000001681     0x26a5 _build/nrf52832_xxaa_app_timer.c.o
 .debug_info    0x0000000000003d26     0x1883 _build/nrf52832_xxaa_app_util_platform.c.o
 .debug_info    0x00000000000055a9     0x204f _build/nrf52832_xxaa_fstorage.c.o
 .debug_info    0x00000000000075f8     0x466d _build/nrf52832_xxaa_nrf_drv_clock.c.o
 .debug_info    0x000000000000bc65     0x20df _build/nrf52832_xxaa_nrf_drv_ppi.c.o
 .debug_info    0x000000000000dd44     0x2372 _build/nrf52832_xxaa_nrf_drv_timer.c.o
 .debug_info    0x00000000000100b6     0x27ec _build/nrf52832_xxaa_nrf_drv_saadc.c.o
 .debug_info    0x00000000000128a2      0xea8 _build/nrf52832_xxaa_nrf_saadc.c.o
 .debug_info    0x000000000001374a     0x217f _build/nrf52832_xxaa_nrf_drv_rtc.c.o
 .debug_info    0x00000000000158c9     0x1961 _build/nrf52832_xxaa_nrf_drv_common.c.o
 .debug_info    0x000000000001722a     0x2d64 _build/nrf52832_xxaa_nrf_drv_gpiote.c.o
 .debug_info    0x0000000000019f8e     0x17a0 _build/nrf52832_xxaa_main.c.o
 .debug_info    0x000000000001b72e     0x3f90 _build/nrf52832_xxaa_ble_fsrs.c.o
 .debug_info    0x000000000001f6be     0x5546 _build/nrf52832_xxaa_fsr_ble.c.o
 .debug_info    0x0000000000024c04     0x177a _build/nrf52832_xxaa_fsr_adc.c.o
 .debug_info    0x000000000002637e     0x368a _build/nrf52832_xxaa_ble_advdata.c.o
 .debug_info    0x0000000000029a08     0x50a8 _build/nrf52832_xxaa_ble_advertising.c.o
 .debug_info    0x000000000002eab0     0x410c _build/nrf52832_xxaa_ble_conn_params.c.o
 .debug_info    0x0000000000032bbc     0x32c1 _build/nrf52832_xxaa_ble_srv_common.c.o
 .debug_info    0x0000000000035e7d      0xd8f _build/nrf52832_xxaa_system_nrf52.c.o
 .debug_info    0x0000000000036c0c     0x527b _build/nrf52832_xxaa_softdevice_handler.c.o

.debug_abbrev   0x0000000000000000     0x4c7d
 .debug_abbrev  0x0000000000000000      0x218 _build/nrf52832_xxaa_app_error.c.o
 .debug_abbrev  0x0000000000000218      0x216 _build/nrf52832_xxaa_app_error_weak.c.o
 .debug_abbrev  0x000000000000042e      0x401 _build/nrf52832_xxaa_app_timer.c.o
 .debug_abbrev  0x000000000000082f      0x36f _build/nrf52832_xxaa_app_util_platform.c.o
 .debug_abbrev  0x0000000000000b9e      0x3c7 _build/nrf52832_xxaa_fstorage.c.o
 .debug_abbrev  0x0000000000000f65      0x48e _build/nrf52832_xxaa_nrf_drv_clock.c.o
 .debug_abbrev  0x00000000000013f3      0x3ab _build/nrf52832_xxaa_nrf_drv_ppi.c.o
 .debug_abbrev  0x000000000000179e      0x369 _build/nrf52832_xxaa_nrf_drv_timer.c.o
 .debug_abbrev  0x0000000000001b07      0x3db _build/nrf52832_xxaa_nrf_drv_saadc.c.o
 .debug_abbrev  0x0000000000001ee2      0x22a _build/nrf52832_xxaa_nrf_saadc.c.o
 .debug_abbrev  0x000000000000210c      0x3b6 _build/nrf52832_xxaa_nrf_drv_rtc.c.o
 .debug_abbrev  0x00000000000024c2      0x2bd _build/nrf52832_xxaa_nrf_drv_common.c.o
 .debug_abbrev  0x000000000000277f      0x3f3 _build/nrf52832_xxaa_nrf_drv_gpiote.c.o
 .debug_abbrev  0x0000000000002b72      0x349 _build/nrf52832_xxaa_main.c.o
 .debug_abbrev  0x0000000000002ebb      0x34a _build/nrf52832_xxaa_ble_fsrs.c.o
 .debug_abbrev  0x0000000000003205      0x37d _build/nrf52832_xxaa_fsr_ble.c.o
 .debug_abbrev  0x0000000000003582      0x2da _build/nrf52832_xxaa_fsr_adc.c.o
 .debug_abbrev  0x000000000000385c      0x345 _build/nrf52832_xxaa_ble_advdata.c.o
 .debug_abbrev  0x0000000000003ba1      0x403 _build/nrf52832_xxaa_ble_advertising.c.o
 .debug_abbrev  0x0000000000003fa4      0x3b6 _build/nrf52832_xxaa_ble_conn_params.c.o
 .debug_abbrev  0x000000000000435a      0x325 _build/nrf52832_xxaa_ble_srv_common.c.o
 .debug_abbrev  0x000000000000467f      0x1e1 _build/nrf52832_xxaa_system_nrf52.c.o
 .debug_abbrev  0x0000000000004860      0x41d _build/nrf52832_xxaa_softdevice_handler.c.o

.debug_aranges  0x0000000000000000     0x34f0
 .debug_aranges
                0x0000000000000000       0x30 _build/nrf52832_xxaa_app_error.c.o
 .debug_aranges
                0x0000000000000030       0x28 _build/nrf52832_xxaa_app_error_weak.c.o
 .debug_aranges
                0x0000000000000058      0x298 _build/nrf52832_xxaa_app_timer.c.o
 .debug_aranges
                0x00000000000002f0      0x1a8 _build/nrf52832_xxaa_app_util_platform.c.o
 .debug_aranges
                0x0000000000000498      0x200 _build/nrf52832_xxaa_fstorage.c.o
 .debug_aranges
                0x0000000000000698      0x4d8 _build/nrf52832_xxaa_nrf_drv_clock.c.o
 .debug_aranges
                0x0000000000000b70      0x298 _build/nrf52832_xxaa_nrf_drv_ppi.c.o
 .debug_aranges
                0x0000000000000e08      0x278 _build/nrf52832_xxaa_nrf_drv_timer.c.o
 .debug_aranges
                0x0000000000001080      0x250 _build/nrf52832_xxaa_nrf_drv_saadc.c.o
 .debug_aranges
                0x00000000000012d0       0x28 _build/nrf52832_xxaa_nrf_saadc.c.o
 .debug_aranges
                0x00000000000012f8      0x238 _build/nrf52832_xxaa_nrf_drv_rtc.c.o
 .debug_aranges
                0x0000000000001530      0x1a0 _build/nrf52832_xxaa_nrf_drv_common.c.o
 .debug_aranges
                0x00000000000016d0      0x3a8 _build/nrf52832_xxaa_nrf_drv_gpiote.c.o
 .debug_aranges
                0x0000000000001a78      0x188 _build/nrf52832_xxaa_main.c.o
 .debug_aranges
                0x0000000000001c00      0x298 _build/nrf52832_xxaa_ble_fsrs.c.o
 .debug_aranges
                0x0000000000001e98      0x440 _build/nrf52832_xxaa_fsr_ble.c.o
 .debug_aranges
                0x00000000000022d8       0x90 _build/nrf52832_xxaa_fsr_adc.c.o
 .debug_aranges
                0x0000000000002368      0x2e0 _build/nrf52832_xxaa_ble_advdata.c.o
 .debug_aranges
                0x0000000000002648      0x448 _build/nrf52832_xxaa_ble_advertising.c.o
 .debug_aranges
                0x0000000000002a90      0x2b8 _build/nrf52832_xxaa_ble_conn_params.c.o
 .debug_aranges
                0x0000000000002d48      0x2a0 _build/nrf52832_xxaa_ble_srv_common.c.o
 .debug_aranges
                0x0000000000002fe8       0x70 _build/nrf52832_xxaa_system_nrf52.c.o
 .debug_aranges
                0x0000000000003058      0x498 _build/nrf52832_xxaa_softdevice_handler.c.o

.debug_ranges   0x0000000000000000     0x33e0
 .debug_ranges  0x0000000000000000       0x20 _build/nrf52832_xxaa_app_error.c.o
 .debug_ranges  0x0000000000000020       0x18 _build/nrf52832_xxaa_app_error_weak.c.o
 .debug_ranges  0x0000000000000038      0x288 _build/nrf52832_xxaa_app_timer.c.o
 .debug_ranges  0x00000000000002c0      0x198 _build/nrf52832_xxaa_app_util_platform.c.o
 .debug_ranges  0x0000000000000458      0x1f0 _build/nrf52832_xxaa_fstorage.c.o
 .debug_ranges  0x0000000000000648      0x4e0 _build/nrf52832_xxaa_nrf_drv_clock.c.o
 .debug_ranges  0x0000000000000b28      0x288 _build/nrf52832_xxaa_nrf_drv_ppi.c.o
 .debug_ranges  0x0000000000000db0      0x268 _build/nrf52832_xxaa_nrf_drv_timer.c.o
 .debug_ranges  0x0000000000001018      0x240 _build/nrf52832_xxaa_nrf_drv_saadc.c.o
 .debug_ranges  0x0000000000001258       0x18 _build/nrf52832_xxaa_nrf_saadc.c.o
 .debug_ranges  0x0000000000001270      0x228 _build/nrf52832_xxaa_nrf_drv_rtc.c.o
 .debug_ranges  0x0000000000001498      0x190 _build/nrf52832_xxaa_nrf_drv_common.c.o
 .debug_ranges  0x0000000000001628      0x398 _build/nrf52832_xxaa_nrf_drv_gpiote.c.o
 .debug_ranges  0x00000000000019c0      0x178 _build/nrf52832_xxaa_main.c.o
 .debug_ranges  0x0000000000001b38      0x288 _build/nrf52832_xxaa_ble_fsrs.c.o
 .debug_ranges  0x0000000000001dc0      0x430 _build/nrf52832_xxaa_fsr_ble.c.o
 .debug_ranges  0x00000000000021f0       0x80 _build/nrf52832_xxaa_fsr_adc.c.o
 .debug_ranges  0x0000000000002270      0x2d0 _build/nrf52832_xxaa_ble_advdata.c.o
 .debug_ranges  0x0000000000002540      0x438 _build/nrf52832_xxaa_ble_advertising.c.o
 .debug_ranges  0x0000000000002978      0x2a8 _build/nrf52832_xxaa_ble_conn_params.c.o
 .debug_ranges  0x0000000000002c20      0x290 _build/nrf52832_xxaa_ble_srv_common.c.o
 .debug_ranges  0x0000000000002eb0       0x60 _build/nrf52832_xxaa_system_nrf52.c.o
 .debug_ranges  0x0000000000002f10      0x4d0 _build/nrf52832_xxaa_softdevice_handler.c.o

.debug_macro    0x0000000000000000     0x6837
 .debug_macro   0x0000000000000000      0x2a6 _build/nrf52832_xxaa_app_error.c.o
 .debug_macro   0x00000000000002a6       0x35 _build/nrf52832_xxaa_app_error.c.o
 .debug_macro   0x00000000000002db       0x22 _build/nrf52832_xxaa_app_error.c.o
 .debug_macro   0x00000000000002fd       0x16 _build/nrf52832_xxaa_app_error.c.o
 .debug_macro   0x0000000000000313       0x97 _build/nrf52832_xxaa_app_error.c.o
 .debug_macro   0x00000000000003aa       0xf6 _build/nrf52832_xxaa_app_error.c.o
 .debug_macro   0x00000000000004a0       0x22 _build/nrf52832_xxaa_app_error.c.o
 .debug_macro   0x00000000000004c2       0x16 _build/nrf52832_xxaa_app_error.c.o
 .debug_macro   0x00000000000004d8      0x39b _build/nrf52832_xxaa_app_error.c.o
 .debug_macro   0x0000000000000873      0x170 _build/nrf52832_xxaa_app_error.c.o
 .debug_macro   0x00000000000009e3       0x5a _build/nrf52832_xxaa_app_error.c.o
 .debug_macro   0x0000000000000a3d       0x28 _build/nrf52832_xxaa_app_error.c.o
 .debug_macro   0x0000000000000a65       0x22 _build/nrf52832_xxaa_app_error.c.o
 .debug_macro   0x0000000000000a87      0x2a6 _build/nrf52832_xxaa_app_error_weak.c.o
 .debug_macro   0x0000000000000d2d       0x1c _build/nrf52832_xxaa_app_error_weak.c.o
 .debug_macro   0x0000000000000d49      0x33d _build/nrf52832_xxaa_app_timer.c.o
 .debug_macro   0x0000000000001086       0x16 _build/nrf52832_xxaa_app_timer.c.o
 .debug_macro   0x000000000000109c       0x40 _build/nrf52832_xxaa_app_timer.c.o
 .debug_macro   0x00000000000010dc       0x64 _build/nrf52832_xxaa_app_timer.c.o
 .debug_macro   0x0000000000001140       0x10 _build/nrf52832_xxaa_app_timer.c.o
 .debug_macro   0x0000000000001150       0x2e _build/nrf52832_xxaa_app_timer.c.o
 .debug_macro   0x000000000000117e       0x77 _build/nrf52832_xxaa_app_timer.c.o
 .debug_macro   0x00000000000011f5      0x279 _build/nrf52832_xxaa_app_util_platform.c.o
 .debug_macro   0x000000000000146e      0x240 _build/nrf52832_xxaa_fstorage.c.o
 .debug_macro   0x00000000000016ae       0x4d _build/nrf52832_xxaa_fstorage.c.o
 .debug_macro   0x00000000000016fb       0x4f _build/nrf52832_xxaa_fstorage.c.o
 .debug_macro   0x000000000000174a      0x437 _build/nrf52832_xxaa_nrf_drv_clock.c.o
 .debug_macro   0x0000000000001b81       0x10 _build/nrf52832_xxaa_nrf_drv_clock.c.o
 .debug_macro   0x0000000000001b91       0x28 _build/nrf52832_xxaa_nrf_drv_clock.c.o
 .debug_macro   0x0000000000001bb9       0x1c _build/nrf52832_xxaa_nrf_drv_clock.c.o
 .debug_macro   0x0000000000001bd5       0xdb _build/nrf52832_xxaa_nrf_drv_clock.c.o
 .debug_macro   0x0000000000001cb0       0xca _build/nrf52832_xxaa_nrf_drv_clock.c.o
 .debug_macro   0x0000000000001d7a      0x1fb _build/nrf52832_xxaa_nrf_drv_clock.c.o
 .debug_macro   0x0000000000001f75      0x424 _build/nrf52832_xxaa_nrf_drv_clock.c.o
 .debug_macro   0x0000000000002399       0x40 _build/nrf52832_xxaa_nrf_drv_clock.c.o
 .debug_macro   0x00000000000023d9       0x22 _build/nrf52832_xxaa_nrf_drv_clock.c.o
 .debug_macro   0x00000000000023fb      0x1f7 _build/nrf52832_xxaa_nrf_drv_clock.c.o
 .debug_macro   0x00000000000025f2       0x1c _build/nrf52832_xxaa_nrf_drv_clock.c.o
 .debug_macro   0x000000000000260e       0xdc _build/nrf52832_xxaa_nrf_drv_clock.c.o
 .debug_macro   0x00000000000026ea       0x2c _build/nrf52832_xxaa_nrf_drv_clock.c.o
 .debug_macro   0x0000000000002716       0x16 _build/nrf52832_xxaa_nrf_drv_clock.c.o
 .debug_macro   0x000000000000272c       0x10 _build/nrf52832_xxaa_nrf_drv_clock.c.o
 .debug_macro   0x000000000000273c      0x1bf _build/nrf52832_xxaa_nrf_drv_clock.c.o
 .debug_macro   0x00000000000028fb       0x1c _build/nrf52832_xxaa_nrf_drv_clock.c.o
 .debug_macro   0x0000000000002917       0x16 _build/nrf52832_xxaa_nrf_drv_clock.c.o
 .debug_macro   0x000000000000292d      0x176 _build/nrf52832_xxaa_nrf_drv_clock.c.o
 .debug_macro   0x0000000000002aa3      0x390 _build/nrf52832_xxaa_nrf_drv_ppi.c.o
 .debug_macro   0x0000000000002e33       0x22 _build/nrf52832_xxaa_nrf_drv_ppi.c.o
 .debug_macro   0x0000000000002e55       0x40 _build/nrf52832_xxaa_nrf_drv_ppi.c.o
 .debug_macro   0x0000000000002e95       0x16 _build/nrf52832_xxaa_nrf_drv_ppi.c.o
 .debug_macro   0x0000000000002eab       0x22 _build/nrf52832_xxaa_nrf_drv_ppi.c.o
 .debug_macro   0x0000000000002ecd      0x35e _build/nrf52832_xxaa_nrf_drv_timer.c.o
 .debug_macro   0x000000000000322b       0x1c _build/nrf52832_xxaa_nrf_drv_timer.c.o
 .debug_macro   0x0000000000003247       0x34 _build/nrf52832_xxaa_nrf_drv_timer.c.o
 .debug_macro   0x000000000000327b      0x35e _build/nrf52832_xxaa_nrf_drv_saadc.c.o
 .debug_macro   0x00000000000035d9       0x22 _build/nrf52832_xxaa_nrf_drv_saadc.c.o
 .debug_macro   0x00000000000035fb      0x24c _build/nrf52832_xxaa_nrf_saadc.c.o
 .debug_macro   0x0000000000003847      0x35c _build/nrf52832_xxaa_nrf_drv_rtc.c.o
 .debug_macro   0x0000000000003ba3       0x28 _build/nrf52832_xxaa_nrf_drv_rtc.c.o
 .debug_macro   0x0000000000003bcb       0x28 _build/nrf52832_xxaa_nrf_drv_rtc.c.o
 .debug_macro   0x0000000000003bf3      0x2e3 _build/nrf52832_xxaa_nrf_drv_common.c.o
 .debug_macro   0x0000000000003ed6      0x3c5 _build/nrf52832_xxaa_nrf_drv_gpiote.c.o
 .debug_macro   0x000000000000429b       0x16 _build/nrf52832_xxaa_nrf_drv_gpiote.c.o
 .debug_macro   0x00000000000042b1      0x285 _build/nrf52832_xxaa_main.c.o
 .debug_macro   0x0000000000004536      0x2a0 _build/nrf52832_xxaa_ble_fsrs.c.o
 .debug_macro   0x00000000000047d6      0x2ea _build/nrf52832_xxaa_ble_fsrs.c.o
 .debug_macro   0x0000000000004ac0       0x16 _build/nrf52832_xxaa_ble_fsrs.c.o
 .debug_macro   0x0000000000004ad6      0x46f _build/nrf52832_xxaa_fsr_ble.c.o
 .debug_macro   0x0000000000004f45       0x22 _build/nrf52832_xxaa_fsr_ble.c.o
 .debug_macro   0x0000000000004f67       0xa6 _build/nrf52832_xxaa_fsr_ble.c.o
 .debug_macro   0x000000000000500d       0x6a _build/nrf52832_xxaa_fsr_ble.c.o
 .debug_macro   0x0000000000005077       0x46 _build/nrf52832_xxaa_fsr_ble.c.o
 .debug_macro   0x00000000000050bd       0x1c _build/nrf52832_xxaa_fsr_ble.c.o
 .debug_macro   0x00000000000050d9       0x3c _build/nrf52832_xxaa_fsr_ble.c.o
 .debug_macro   0x0000000000005115      0x3a6 _build/nrf52832_xxaa_fsr_adc.c.o
 .debug_macro   0x00000000000054bb      0x2a2 _build/nrf52832_xxaa_ble_advdata.c.o
 .debug_macro   0x000000000000575d       0x64 _build/nrf52832_xxaa_ble_advdata.c.o
 .debug_macro   0x00000000000057c1      0x2dc _build/nrf52832_xxaa_ble_advertising.c.o
 .debug_macro   0x0000000000005a9d      0x312 _build/nrf52832_xxaa_ble_conn_params.c.o
 .debug_macro   0x0000000000005daf      0x10e _build/nrf52832_xxaa_ble_conn_params.c.o
 .debug_macro   0x0000000000005ebd       0x86 _build/nrf52832_xxaa_ble_conn_params.c.o
 .debug_macro   0x0000000000005f43      0x2e2 _build/nrf52832_xxaa_ble_srv_common.c.o
 .debug_macro   0x0000000000006225       0xf5 _build/nrf52832_xxaa_system_nrf52.c.o
 .debug_macro   0x000000000000631a      0x40f _build/nrf52832_xxaa_softdevice_handler.c.o
 .debug_macro   0x0000000000006729       0x52 _build/nrf52832_xxaa_softdevice_handler.c.o
 .debug_macro   0x000000000000677b       0x55 _build/nrf52832_xxaa_softdevice_handler.c.o
 .debug_macro   0x00000000000067d0       0x57 _build/nrf52832_xxaa_softdevice_handler.c.o
 .debug_macro   0x0000000000006827       0x10 _build/nrf52832_xxaa_softdevice_handler.c.o

.debug_line     0x0000000000000000    0x119f9
 .debug_line    0x0000000000000000      0x60c _build/nrf52832_xxaa_app_error.c.o
 .debug_line    0x000000000000060c      0x5f4 _build/nrf52832_xxaa_app_error_weak.c.o
 .debug_line    0x0000000000000c00      0xd8f _build/nrf52832_xxaa_app_timer.c.o
 .debug_line    0x000000000000198f      0x8c5 _build/nrf52832_xxaa_app_util_platform.c.o
 .debug_line    0x0000000000002254      0xb64 _build/nrf52832_xxaa_fstorage.c.o
 .debug_line    0x0000000000002db8     0x1424 _build/nrf52832_xxaa_nrf_drv_clock.c.o
 .debug_line    0x00000000000041dc      0xe00 _build/nrf52832_xxaa_nrf_drv_ppi.c.o
 .debug_line    0x0000000000004fdc      0xd25 _build/nrf52832_xxaa_nrf_drv_timer.c.o
 .debug_line    0x0000000000005d01      0xd9e _build/nrf52832_xxaa_nrf_drv_saadc.c.o
 .debug_line    0x0000000000006a9f      0x529 _build/nrf52832_xxaa_nrf_saadc.c.o
 .debug_line    0x0000000000006fc8      0xca5 _build/nrf52832_xxaa_nrf_drv_rtc.c.o
 .debug_line    0x0000000000007c6d      0x9ab _build/nrf52832_xxaa_nrf_drv_common.c.o
 .debug_line    0x0000000000008618     0x11f2 _build/nrf52832_xxaa_nrf_drv_gpiote.c.o
 .debug_line    0x000000000000980a      0x8ca _build/nrf52832_xxaa_main.c.o
 .debug_line    0x000000000000a0d4      0xbba _build/nrf52832_xxaa_ble_fsrs.c.o
 .debug_line    0x000000000000ac8e     0x12c8 _build/nrf52832_xxaa_fsr_ble.c.o
 .debug_line    0x000000000000bf56      0x9ae _build/nrf52832_xxaa_fsr_adc.c.o
 .debug_line    0x000000000000c904      0xdbf _build/nrf52832_xxaa_ble_advdata.c.o
 .debug_line    0x000000000000d6c3     0x1202 _build/nrf52832_xxaa_ble_advertising.c.o
 .debug_line    0x000000000000e8c5      0xc84 _build/nrf52832_xxaa_ble_conn_params.c.o
 .debug_line    0x000000000000f549      0xc5a _build/nrf52832_xxaa_ble_srv_common.c.o
 .debug_line    0x00000000000101a3      0x4dd _build/nrf52832_xxaa_system_nrf52.c.o
 .debug_line    0x0000000000010680     0x1379 _build/nrf52832_xxaa_softdevice_handler.c.o

.debug_str      0x0000000000000000    0x7aef1
 .debug_str     0x0000000000000000    0x6495f _build/nrf52832_xxaa_app_error.c.o
                                      0x65576 (size before relaxing)
 .debug_str     0x000000000006495f       0xf0 _build/nrf52832_xxaa_app_error_weak.c.o
                                      0x65517 (size before relaxing)
 .debug_str     0x0000000000064a4f     0x2590 _build/nrf52832_xxaa_app_timer.c.o
                                      0x663d1 (size before relaxing)