Archive member included to satisfy reference by file (symbol)

/usr/local/gcc-arm-none-eabi-6-2017-q1-update/bin/../lib/gcc/arm-none-eabi/6.3.1/../../../../arm-none-eabi/lib/thumb/v7e-m/fpv4-sp/hard/libc_nano.a(lib_a-exit.o)
                              /usr/local/gcc-arm-none-eabi-6-2017-q1-update/bin/../lib/gcc/arm-none-eabi/6.3.1/../../../../arm-none-eabi/lib/thumb/v7e-m/fpv4-sp/hard/crt0.o (exit)
/usr/local/gcc-arm-none-eabi-6-2017-q1-update/bin/../lib/gcc/arm-none-eabi/6.3.1/../../../../arm-none-eabi/lib/thumb/v7e-m/fpv4-sp/hard/libc_nano.a(lib_a-impure.o)
                              /usr/local/gcc-arm-none-eabi-6-2017-q1-update/bin/../lib/gcc/arm-none-eabi/6.3.1/../../../../arm-none-eabi/lib/thumb/v7e-m/fpv4-sp/hard/libc_nano.a(lib_a-exit.o) (_global_impure_ptr)
/usr/local/gcc-arm-none-eabi-6-2017-q1-update/bin/../lib/gcc/arm-none-eabi/6.3.1/../../../../arm-none-eabi/lib/thumb/v7e-m/fpv4-sp/hard/libc_nano.a(lib_a-init.o)
                              /usr/local/gcc-arm-none-eabi-6-2017-q1-update/bin/../lib/gcc/arm-none-eabi/6.3.1/../../../../arm-none-eabi/lib/thumb/v7e-m/fpv4-sp/hard/crt0.o (__libc_init_array)
/usr/local/gcc-arm-none-eabi-6-2017-q1-update/bin/../lib/gcc/arm-none-eabi/6.3.1/../../../../arm-none-eabi/lib/thumb/v7e-m/fpv4-sp/hard/libc_nano.a(lib_a-memset.o)
                              /usr/local/gcc-arm-none-eabi-6-2017-q1-update/bin/../lib/gcc/arm-none-eabi/6.3.1/../../../../arm-none-eabi/lib/thumb/v7e-m/fpv4-sp/hard/crt0.o (memset)
/usr/local/gcc-arm-none-eabi-6-2017-q1-update/bin/../lib/gcc/arm-none-eabi/6.3.1/../../../../arm-none-eabi/lib/thumb/v7e-m/fpv4-sp/hard/libnosys.a(_exit.o)
                              /usr/local/gcc-arm-none-eabi-6-2017-q1-update/bin/../lib/gcc/arm-none-eabi/6.3.1/../../../../arm-none-eabi/lib/thumb/v7e-m/fpv4-sp/hard/libc_nano.a(lib_a-exit.o) (_exit)
/usr/local/gcc-arm-none-eabi-6-2017-q1-update/bin/../lib/gcc/arm-none-eabi/6.3.1/../../../../arm-none-eabi/lib/thumb/v7e-m/fpv4-sp/hard/libc_nano.a(lib_a-memcpy-stub.o)
                              _build/nrf52832_xxaa_SEGGER_RTT.c.o (memcpy)
/usr/local/gcc-arm-none-eabi-6-2017-q1-update/bin/../lib/gcc/arm-none-eabi/6.3.1/../../../../arm-none-eabi/lib/thumb/v7e-m/fpv4-sp/hard/libc_nano.a(lib_a-strcpy.o)
                              _build/nrf52832_xxaa_SEGGER_RTT.c.o (strcpy)
/usr/local/gcc-arm-none-eabi-6-2017-q1-update/bin/../lib/gcc/arm-none-eabi/6.3.1/../../../../arm-none-eabi/lib/thumb/v7e-m/fpv4-sp/hard/libc_nano.a(lib_a-strlen.o)
                              _build/nrf52832_xxaa_SEGGER_RTT.c.o (strlen)

Allocating common symbols
Common symbol       size              file

_SEGGER_RTT         0x78              _build/nrf52832_xxaa_SEGGER_RTT.c.o

Discarded input sections

 .text          0x0000000000000000        0x0 /usr/local/gcc-arm-none-eabi-6-2017-q1-update/bin/../lib/gcc/arm-none-eabi/6.3.1/thumb/v7e-m/fpv4-sp/hard/crti.o
 .data          0x0000000000000000        0x0 /usr/local/gcc-arm-none-eabi-6-2017-q1-update/bin/../lib/gcc/arm-none-eabi/6.3.1/thumb/v7e-m/fpv4-sp/hard/crti.o
 .bss           0x0000000000000000        0x0 /usr/local/gcc-arm-none-eabi-6-2017-q1-update/bin/../lib/gcc/arm-none-eabi/6.3.1/thumb/v7e-m/fpv4-sp/hard/crti.o
 .data          0x0000000000000000        0x4 /usr/local/gcc-arm-none-eabi-6-2017-q1-update/bin/../lib/gcc/arm-none-eabi/6.3.1/thumb/v7e-m/fpv4-sp/hard/crtbegin.o
 .data          0x0000000000000000        0x0 /usr/local/gcc-arm-none-eabi-6-2017-q1-update/bin/../lib/gcc/arm-none-eabi/6.3.1/../../../../arm-none-eabi/lib/thumb/v7e-m/fpv4-sp/hard/crt0.o
 .bss           0x0000000000000000        0x0 /usr/local/gcc-arm-none-eabi-6-2017-q1-update/bin/../lib/gcc/arm-none-eabi/6.3.1/../../../../arm-none-eabi/lib/thumb/v7e-m/fpv4-sp/hard/crt0.o
 .ARM.extab     0x0000000000000000        0x0 /usr/local/gcc-arm-none-eabi-6-2017-q1-update/bin/../lib/gcc/arm-none-eabi/6.3.1/../../../../arm-none-eabi/lib/thumb/v7e-m/fpv4-sp/hard/crt0.o
 .text          0x0000000000000000        0x0 /usr/local/gcc-arm-none-eabi-6-2017-q1-update/bin/../lib/gcc/arm-none-eabi/6.3.1/../../../../arm-none-eabi/lib/thumb/v7e-m/fpv4-sp/hard/libc_nano.a(lib_a-exit.o)
 .data          0x0000000000000000        0x0 /usr/local/gcc-arm-none-eabi-6-2017-q1-update/bin/../lib/gcc/arm-none-eabi/6.3.1/../../../../arm-none-eabi/lib/thumb/v7e-m/fpv4-sp/hard/libc_nano.a(lib_a-exit.o)
 .bss           0x0000000000000000        0x0 /usr/local/gcc-arm-none-eabi-6-2017-q1-update/bin/../lib/gcc/arm-none-eabi/6.3.1/../../../../arm-none-eabi/lib/thumb/v7e-m/fpv4-sp/hard/libc_nano.a(lib_a-exit.o)
 .text          0x0000000000000000        0x0 /usr/local/gcc-arm-none-eabi-6-2017-q1-update/bin/../lib/gcc/arm-none-eabi/6.3.1/../../../../arm-none-eabi/lib/thumb/v7e-m/fpv4-sp/hard/libc_nano.a(lib_a-impure.o)
 .data          0x0000000000000000        0x0 /usr/local/gcc-arm-none-eabi-6-2017-q1-update/bin/../lib/gcc/arm-none-eabi/6.3.1/../../../../arm-none-eabi/lib/thumb/v7e-m/fpv4-sp/hard/libc_nano.a(lib_a-impure.o)
[...]
Memory Configuration

Name             Origin             Length             Attributes
FLASH            0x0000000000000000 0x0000000000080000 xr
RAM              0x0000000020000000 0x0000000000010000 xrw
*default*        0x0000000000000000 0xffffffffffffffff

Linker script and memory map


.text           0x0000000000000000     0x1c60
 *(.isr_vector)
 .isr_vector    0x0000000000000000      0x400 _build/nrf52832_xxaa_gcc_startup_nrf52.S.o
                0x0000000000000000                __isr_vector
 *(.text*)
 .text          0x0000000000000400       0x6c /usr/local/gcc-arm-none-eabi-6-2017-q1-update/bin/../lib/gcc/arm-none-eabi/6.3.1/thumb/v7e-m/fpv4-sp/hard/crtbegin.o
 .text          0x000000000000046c       0x74 /usr/local/gcc-arm-none-eabi-6-2017-q1-update/bin/../lib/gcc/arm-none-eabi/6.3.1/../../../../arm-none-eabi/lib/thumb/v7e-m/fpv4-sp/hard/crt0.o
                0x000000000000046c                _mainCRTStartup
                0x000000000000046c                _start
 .text.exit     0x00000000000004e0       0x28 /usr/local/gcc-arm-none-eabi-6-2017-q1-update/bin/../lib/gcc/arm-none-eabi/6.3.1/../../../../arm-none-eabi/lib/thumb/v7e-m/fpv4-sp/hard/libc_nano.a(lib_a-exit.o)
                0x00000000000004e0                exit
 .text.__libc_init_array
                0x0000000000000508       0x48 /usr/local/gcc-arm-none-eabi-6-2017-q1-update/bin/../lib/gcc/arm-none-eabi/6.3.1/../../../../arm-none-eabi/lib/thumb/v7e-m/fpv4-sp/hard/libc_nano.a(lib_a-init.o)
                0x0000000000000508                __libc_init_array
 .text.memset   0x0000000000000550       0x10 /usr/local/gcc-arm-none-eabi-6-2017-q1-update/bin/../lib/gcc/arm-none-eabi/6.3.1/../../../../arm-none-eabi/lib/thumb/v7e-m/fpv4-sp/hard/libc_nano.a(lib_a-memset.o)
                0x0000000000000550                memset
 .text._exit    0x0000000000000560        0x4 /usr/local/gcc-arm-none-eabi-6-2017-q1-update/bin/../lib/gcc/arm-none-eabi/6.3.1/../../../../arm-none-eabi/lib/thumb/v7e-m/fpv4-sp/hard/libnosys.a(_exit.o)
                0x0000000000000560                _exit
 .text.app_error_handler_bare
                0x0000000000000564       0x20 _build/nrf52832_xxaa_app_error.c.o
                0x0000000000000564                app_error_handler_bare
 .text.app_error_fault_handler
                0x0000000000000584       0x24 _build/nrf52832_xxaa_app_error_weak.c.o
                0x0000000000000584                app_error_fault_handler
 .text.RTC1_IRQHandler
                0x00000000000005a8       0xc4 _build/nrf52832_xxaa_app_timer.c.o
                0x00000000000005a8                RTC1_IRQHandler
 .text.SWI0_EGU0_IRQHandler
                0x000000000000066c      0x630 _build/nrf52832_xxaa_app_timer.c.o
                0x000000000000066c                SWI0_EGU0_IRQHandler
 .text.app_timer_init
                0x0000000000000c9c      0x1c0 _build/nrf52832_xxaa_app_timer.c.o
                0x0000000000000c9c                app_timer_init
 .text.app_timer_create
                0x0000000000000e5c       0x24 _build/nrf52832_xxaa_app_timer.c.o
                0x0000000000000e5c                app_timer_create
 .text.app_timer_start
                0x0000000000000e80       0xa4 _build/nrf52832_xxaa_app_timer.c.o
                0x0000000000000e80                app_timer_start
 .text.app_util_critical_region_enter
                0x0000000000000f24       0x10 _build/nrf52832_xxaa_app_util_platform.c.o
                0x0000000000000f24                app_util_critical_region_enter
 .text.app_util_critical_region_exit
                0x0000000000000f34       0x14 _build/nrf52832_xxaa_app_util_platform.c.o
                0x0000000000000f34                app_util_critical_region_exit
 .text.pwm_timeout_handler
                0x0000000000000f48       0xe0 _build/nrf52832_xxaa_low_power_pwm.c.o
 .text.low_power_pwm_init
                0x0000000000001028       0x70 _build/nrf52832_xxaa_low_power_pwm.c.o
                0x0000000000001028                low_power_pwm_init
 .text.low_power_pwm_start
                0x0000000000001098       0xd4 _build/nrf52832_xxaa_low_power_pwm.c.o
                0x0000000000001098                low_power_pwm_start
 .text.low_power_pwm_duty_set
                0x000000000000116c       0x10 _build/nrf52832_xxaa_low_power_pwm.c.o
                0x000000000000116c                low_power_pwm_duty_set
 .text.nrf_drv_clock_init
                0x000000000000117c       0x40 _build/nrf52832_xxaa_nrf_drv_clock.c.o
                0x000000000000117c                nrf_drv_clock_init
 .text.nrf_drv_clock_lfclk_request
                0x00000000000011bc       0x7c _build/nrf52832_xxaa_nrf_drv_clock.c.o
                0x00000000000011bc                nrf_drv_clock_lfclk_request
 .text.POWER_CLOCK_IRQHandler
                0x0000000000001238       0x78 _build/nrf52832_xxaa_nrf_drv_clock.c.o
                0x0000000000001238                POWER_CLOCK_IRQHandler
 .text.nrf_drv_common_irq_enable
                0x00000000000012b0       0x50 _build/nrf52832_xxaa_nrf_drv_common.c.o
                0x00000000000012b0                nrf_drv_common_irq_enable
 .text.UARTE0_UART0_IRQHandler
                0x0000000000001300      0x2f4 _build/nrf52832_xxaa_nrf_drv_uart.c.o
                0x0000000000001300                UARTE0_UART0_IRQHandler
 .text.pwm_handler
                0x00000000000015f4       0x5c _build/nrf52832_xxaa_main.c.o
 .text.startup.main
                0x0000000000001650      0x2b8 _build/nrf52832_xxaa_main.c.o
                0x0000000000001650                main
 .text          0x0000000000001908       0x3c _build/nrf52832_xxaa_gcc_startup_nrf52.S.o
                0x0000000000001908                Reset_Handler
                0x0000000000001930                NMI_Handler
                0x0000000000001932                HardFault_Handler
                0x0000000000001934                MemoryManagement_Handler
                0x0000000000001936                BusFault_Handler
                0x0000000000001938                UsageFault_Handler
                0x000000000000193a                SVC_Handler
                0x000000000000193c                DebugMon_Handler
                0x000000000000193e                PendSV_Handler
                0x0000000000001940                SysTick_Handler
                0x0000000000001942                FPU_IRQHandler
                0x0000000000001942                SPIM0_SPIS0_TWIM0_TWIS0_SPI0_TWI0_IRQHandler
                0x0000000000001942                TIMER4_IRQHandler
                0x0000000000001942                I2S_IRQHandler
                0x0000000000001942                SWI4_EGU4_IRQHandler
                0x0000000000001942                TIMER0_IRQHandler
                0x0000000000001942                TIMER1_IRQHandler
                0x0000000000001942                PWM2_IRQHandler
                0x0000000000001942                ECB_IRQHandler
                0x0000000000001942                SPIM1_SPIS1_TWIM1_TWIS1_SPI1_TWI1_IRQHandler
                0x0000000000001942                Default_Handler
                0x0000000000001942                SAADC_IRQHandler
                0x0000000000001942                CCM_AAR_IRQHandler
                0x0000000000001942                WDT_IRQHandler
                0x0000000000001942                SWI5_EGU5_IRQHandler
                0x0000000000001942                RNG_IRQHandler
                0x0000000000001942                RTC2_IRQHandler
                0x0000000000001942                PWM0_IRQHandler
                0x0000000000001942                SWI3_EGU3_IRQHandler
                0x0000000000001942                SWI1_EGU1_IRQHandler
                0x0000000000001942                SPIM2_SPIS2_SPI2_IRQHandler
                0x0000000000001942                NFCT_IRQHandler
                0x0000000000001942                MWU_IRQHandler
                0x0000000000001942                TIMER2_IRQHandler
                0x0000000000001942                COMP_LPCOMP_IRQHandler
                0x0000000000001942                RTC0_IRQHandler
                0x0000000000001942                SWI2_EGU2_IRQHandler
                0x0000000000001942                GPIOTE_IRQHandler
                0x0000000000001942                PWM1_IRQHandler
                0x0000000000001942                RADIO_IRQHandler
                0x0000000000001942                PDM_IRQHandler
                0x0000000000001942                TEMP_IRQHandler
                0x0000000000001942                QDEC_IRQHandler
                0x0000000000001942                TIMER3_IRQHandler
 .text.SystemInit
                0x0000000000001944      0x2f0 _build/nrf52832_xxaa_system_nrf52.c.o
                0x0000000000001944                SystemInit
 *(.init)
 .init          0x0000000000001c34        0x4 /usr/local/gcc-arm-none-eabi-6-2017-q1-update/bin/../lib/gcc/arm-none-eabi/6.3.1/thumb/v7e-m/fpv4-sp/hard/crti.o
                0x0000000000001c34                _init
 .init          0x0000000000001c38        0x8 /usr/local/gcc-arm-none-eabi-6-2017-q1-update/bin/../lib/gcc/arm-none-eabi/6.3.1/thumb/v7e-m/fpv4-sp/hard/crtn.o
 *(.fini)
 .fini          0x0000000000001c40        0x4 /usr/local/gcc-arm-none-eabi-6-2017-q1-update/bin/../lib/gcc/arm-none-eabi/6.3.1/thumb/v7e-m/fpv4-sp/hard/crti.o
                0x0000000000001c40                _fini
 .fini          0x0000000000001c44        0x8 /usr/local/gcc-arm-none-eabi-6-2017-q1-update/bin/../lib/gcc/arm-none-eabi/6.3.1/thumb/v7e-m/fpv4-sp/hard/crtn.o
 *crtbegin.o(.ctors)
 *crtbegin?.o(.ctors)
 *(EXCLUDE_FILE(*crtend.o *crtend?.o) .ctors)
 *(SORT(.ctors.*))
 *(.ctors)
 *crtbegin.o(.dtors)
 *crtbegin?.o(.dtors)
 *(EXCLUDE_FILE(*crtend.o *crtend?.o) .dtors)
 *(SORT(.dtors.*))
 *(.dtors)
 *(.rodata*)
 .rodata._global_impure_ptr
                0x0000000000001c4c        0x4 /usr/local/gcc-arm-none-eabi-6-2017-q1-update/bin/../lib/gcc/arm-none-eabi/6.3.1/../../../../arm-none-eabi/lib/thumb/v7e-m/fpv4-sp/hard/libc_nano.a(lib_a-impure.o)
                0x0000000000001c4c                _global_impure_ptr
 .rodata.lpp_timer_0.8700
                0x0000000000001c50        0x4 _build/nrf52832_xxaa_main.c.o
 .rodata.lpp_timer_1.8704
                0x0000000000001c54        0x4 _build/nrf52832_xxaa_main.c.o
 .rodata.lpp_timer_2.8708
                0x0000000000001c58        0x4 _build/nrf52832_xxaa_main.c.o
 *(.eh_frame*)
 .eh_frame      0x0000000000001c5c        0x0 /usr/local/gcc-arm-none-eabi-6-2017-q1-update/bin/../lib/gcc/arm-none-eabi/6.3.1/thumb/v7e-m/fpv4-sp/hard/crtbegin.o
 .eh_frame      0x0000000000001c5c        0x4 /usr/local/gcc-arm-none-eabi-6-2017-q1-update/bin/../lib/gcc/arm-none-eabi/6.3.1/thumb/v7e-m/fpv4-sp/hard/crtend.o

.glue_7         0x0000000000001c60        0x0
 .glue_7        0x0000000000001c60        0x0 linker stubs

.glue_7t        0x0000000000001c60        0x0
 .glue_7t       0x0000000000001c60        0x0 linker stubs

.vfp11_veneer   0x0000000000001c60        0x0
 .vfp11_veneer  0x0000000000001c60        0x0 linker stubs

.v4_bx          0x0000000000001c60        0x0
 .v4_bx         0x0000000000001c60        0x0 linker stubs

.iplt           0x0000000000001c60        0x0
 .iplt          0x0000000000001c60        0x0 /usr/local/gcc-arm-none-eabi-6-2017-q1-update/bin/../lib/gcc/arm-none-eabi/6.3.1/thumb/v7e-m/fpv4-sp/hard/crtbegin.o

.ARM.extab
 *(.ARM.extab* .gnu.linkonce.armextab.*)
                0x0000000000001c60                __exidx_start = .

.ARM.exidx      0x0000000000001c60        0x8
 *(.ARM.exidx* .gnu.linkonce.armexidx.*)
 .ARM.exidx     0x0000000000001c60        0x8 /usr/local/gcc-arm-none-eabi-6-2017-q1-update/bin/../lib/gcc/arm-none-eabi/6.3.1/../../../../arm-none-eabi/lib/thumb/v7e-m/fpv4-sp/hard/crt0.o
                0x0000000000001c68                __exidx_end = .
                0x0000000000001c68                __etext = .

.rel.dyn        0x0000000000001c68        0x0
 .rel.iplt      0x0000000000001c68        0x0 /usr/local/gcc-arm-none-eabi-6-2017-q1-update/bin/../lib/gcc/arm-none-eabi/6.3.1/thumb/v7e-m/fpv4-sp/hard/crtbegin.o

.data           0x0000000020000000       0x70 load address 0x0000000000001c68
                0x0000000020000000                __data_start__ = .
 *(vtable)
 *(.data*)
 .data.impure_data
                0x0000000020000000       0x60 /usr/local/gcc-arm-none-eabi-6-2017-q1-update/bin/../lib/gcc/arm-none-eabi/6.3.1/../../../../arm-none-eabi/lib/thumb/v7e-m/fpv4-sp/hard/libc_nano.a(lib_a-impure.o)
 .data.SystemCoreClock
                0x0000000020000060        0x4 _build/nrf52832_xxaa_system_nrf52.c.o
                0x0000000020000060                SystemCoreClock
                0x0000000020000064                . = ALIGN (0x4)
                0x0000000020000064                PROVIDE (__preinit_array_start, .)
 *(.preinit_array)
                0x0000000020000064                PROVIDE (__preinit_array_end, .)
                0x0000000020000064                . = ALIGN (0x4)
                0x0000000020000064                PROVIDE (__init_array_start, .)
 *(SORT(.init_array.*))
 *(.init_array)
 .init_array    0x0000000020000064        0x4 /usr/local/gcc-arm-none-eabi-6-2017-q1-update/bin/../lib/gcc/arm-none-eabi/6.3.1/thumb/v7e-m/fpv4-sp/hard/crtbegin.o
                0x0000000020000068                PROVIDE (__init_array_end, .)
                0x0000000020000068                . = ALIGN (0x4)
                [!provide]                        PROVIDE (__fini_array_start, .)
 *(SORT(.fini_array.*))
 *(.fini_array)
 .fini_array    0x0000000020000068        0x4 /usr/local/gcc-arm-none-eabi-6-2017-q1-update/bin/../lib/gcc/arm-none-eabi/6.3.1/thumb/v7e-m/fpv4-sp/hard/crtbegin.o
                [!provide]                        PROVIDE (__fini_array_end, .)
 *(.jcr*)
 .jcr           0x000000002000006c        0x0 /usr/local/gcc-arm-none-eabi-6-2017-q1-update/bin/../lib/gcc/arm-none-eabi/6.3.1/thumb/v7e-m/fpv4-sp/hard/crtbegin.o
 .jcr           0x000000002000006c        0x4 /usr/local/gcc-arm-none-eabi-6-2017-q1-update/bin/../lib/gcc/arm-none-eabi/6.3.1/thumb/v7e-m/fpv4-sp/hard/crtend.o
                0x0000000020000070                . = ALIGN (0x4)
                0x0000000020000070                __data_end__ = .
LOAD /usr/local/gcc-arm-none-eabi-6-2017-q1-update/bin/../lib/gcc/arm-none-eabi/6.3.1/thumb/v7e-m/fpv4-sp/hard/crti.o
LOAD /usr/local/gcc-arm-none-eabi-6-2017-q1-update/bin/../lib/gcc/arm-none-eabi/6.3.1/thumb/v7e-m/fpv4-sp/hard/crtbegin.o
LOAD /usr/local/gcc-arm-none-eabi-6-2017-q1-update/bin/../lib/gcc/arm-none-eabi/6.3.1/../../../../arm-none-eabi/lib/thumb/v7e-m/fpv4-sp/hard/crt0.o
LOAD /usr/local/gcc-arm-none-eabi-6-2017-q1-update/bin/../lib/gcc/arm-none-eabi/6.3.1/../../../../arm-none-eabi/lib/thumb/v7e-m/fpv4-sp/hard/libc_nano.a
LOAD /usr/local/gcc-arm-none-eabi-6-2017-q1-update/bin/../lib/gcc/arm-none-eabi/6.3.1/../../../../arm-none-eabi/lib/thumb/v7e-m/fpv4-sp/hard/libnosys.a
LOAD _build/nrf52832_xxaa_nrf_log_backend_serial.c.o
LOAD _build/nrf52832_xxaa_nrf_log_frontend.c.o
LOAD _build/nrf52832_xxaa_app_error.c.o
LOAD _build/nrf52832_xxaa_app_error_weak.c.o
LOAD _build/nrf52832_xxaa_app_timer.c.o
LOAD _build/nrf52832_xxaa_app_util_platform.c.o
LOAD _build/nrf52832_xxaa_low_power_pwm.c.o
LOAD _build/nrf52832_xxaa_nrf_assert.c.o
LOAD _build/nrf52832_xxaa_sdk_errors.c.o
LOAD _build/nrf52832_xxaa_boards.c.o
LOAD _build/nrf52832_xxaa_nrf_drv_clock.c.o
LOAD _build/nrf52832_xxaa_nrf_drv_common.c.o
LOAD _build/nrf52832_xxaa_nrf_drv_uart.c.o
LOAD _build/nrf52832_xxaa_nrf_nvic.c.o
LOAD _build/nrf52832_xxaa_nrf_soc.c.o
LOAD _build/nrf52832_xxaa_main.c.o
LOAD _build/nrf52832_xxaa_RTT_Syscalls_GCC.c.o
LOAD _build/nrf52832_xxaa_SEGGER_RTT.c.o
LOAD _build/nrf52832_xxaa_SEGGER_RTT_printf.c.o
LOAD _build/nrf52832_xxaa_gcc_startup_nrf52.S.o
LOAD _build/nrf52832_xxaa_system_nrf52.c.o
LOAD /usr/local/gcc-arm-none-eabi-6-2017-q1-update/bin/../lib/gcc/arm-none-eabi/6.3.1/../../../../arm-none-eabi/lib/thumb/v7e-m/fpv4-sp/hard/libm.a
START GROUP
LOAD /usr/local/gcc-arm-none-eabi-6-2017-q1-update/bin/../lib/gcc/arm-none-eabi/6.3.1/thumb/v7e-m/fpv4-sp/hard/libgcc.a
LOAD /usr/local/gcc-arm-none-eabi-6-2017-q1-update/bin/../lib/gcc/arm-none-eabi/6.3.1/../../../../arm-none-eabi/lib/thumb/v7e-m/fpv4-sp/hard/libc_nano.a
END GROUP
START GROUP
LOAD /usr/local/gcc-arm-none-eabi-6-2017-q1-update/bin/../lib/gcc/arm-none-eabi/6.3.1/thumb/v7e-m/fpv4-sp/hard/libgcc.a
LOAD /usr/local/gcc-arm-none-eabi-6-2017-q1-update/bin/../lib/gcc/arm-none-eabi/6.3.1/../../../../arm-none-eabi/lib/thumb/v7e-m/fpv4-sp/hard/libc_nano.a
END GROUP
LOAD /usr/local/gcc-arm-none-eabi-6-2017-q1-update/bin/../lib/gcc/arm-none-eabi/6.3.1/thumb/v7e-m/fpv4-sp/hard/crtend.o
LOAD /usr/local/gcc-arm-none-eabi-6-2017-q1-update/bin/../lib/gcc/arm-none-eabi/6.3.1/thumb/v7e-m/fpv4-sp/hard/crtn.o
START GROUP
LOAD /usr/local/gcc-arm-none-eabi-6-2017-q1-update/bin/../lib/gcc/arm-none-eabi/6.3.1/thumb/v7e-m/fpv4-sp/hard/libgcc.a
LOAD /usr/local/gcc-arm-none-eabi-6-2017-q1-update/bin/../lib/gcc/arm-none-eabi/6.3.1/../../../../arm-none-eabi/lib/thumb/v7e-m/fpv4-sp/hard/libc.a
LOAD /usr/local/gcc-arm-none-eabi-6-2017-q1-update/bin/../lib/gcc/arm-none-eabi/6.3.1/../../../../arm-none-eabi/lib/thumb/v7e-m/fpv4-sp/hard/libnosys.a
END GROUP

.igot.plt       0x0000000020000070        0x0 load address 0x0000000000001cd8
 .igot.plt      0x0000000020000070        0x0 /usr/local/gcc-arm-none-eabi-6-2017-q1-update/bin/../lib/gcc/arm-none-eabi/6.3.1/thumb/v7e-m/fpv4-sp/hard/crtbegin.o

.fs_data        0x0000000020000070        0x0
                [!provide]                        PROVIDE (__start_fs_data, .)
 *(.fs_data)
                [!provide]                        PROVIDE (__stop_fs_data, .)

.pwr_mgmt_data  0x0000000020000070        0x0
                [!provide]                        PROVIDE (__start_pwr_mgmt_data, .)
 *(.pwr_mgmt_data)
                [!provide]                        PROVIDE (__stop_pwr_mgmt_data, .)

.bss            0x0000000020000070      0x1a8 load address 0x0000000000001cd8
                0x0000000020000070                . = ALIGN (0x4)
                0x0000000020000070                __bss_start__ = .
 *(.bss*)
 .bss           0x0000000020000070       0x1c /usr/local/gcc-arm-none-eabi-6-2017-q1-update/bin/../lib/gcc/arm-none-eabi/6.3.1/thumb/v7e-m/fpv4-sp/hard/crtbegin.o
 .bss.m_evt_schedule_func
                0x000000002000008c        0x4 _build/nrf52832_xxaa_app_timer.c.o
 .bss.m_op_queue
                0x0000000020000090        0x8 _build/nrf52832_xxaa_app_timer.c.o
 .bss.m_rtc1_reset
                0x0000000020000098        0x1 _build/nrf52832_xxaa_app_timer.c.o
 .bss.m_rtc1_running
                0x0000000020000099        0x1 _build/nrf52832_xxaa_app_timer.c.o
 *fill*         0x000000002000009a        0x2 
 .bss.m_ticks_elapsed
                0x000000002000009c        0x8 _build/nrf52832_xxaa_app_timer.c.o
 .bss.m_ticks_elapsed_q_read_ind
                0x00000000200000a4        0x1 _build/nrf52832_xxaa_app_timer.c.o
 .bss.m_ticks_elapsed_q_write_ind
                0x00000000200000a5        0x1 _build/nrf52832_xxaa_app_timer.c.o
 *fill*         0x00000000200000a6        0x2 
 .bss.m_ticks_latest
                0x00000000200000a8        0x4 _build/nrf52832_xxaa_app_timer.c.o
 .bss.mp_timer_id_head
                0x00000000200000ac        0x4 _build/nrf52832_xxaa_app_timer.c.o
 .bss.m_in_critical_region
                0x00000000200000b0        0x4 _build/nrf52832_xxaa_app_util_platform.c.o
 .bss.m_clock_cb
                0x00000000200000b4       0x14 _build/nrf52832_xxaa_nrf_drv_clock.c.o
 .bss.m_cb      0x00000000200000c8       0x20 _build/nrf52832_xxaa_nrf_drv_uart.c.o
 .bss.APP_TIMER_BUF.8724
                0x00000000200000e8       0x60 _build/nrf52832_xxaa_main.c.o
 .bss.led_0.8688
                0x0000000020000148        0x2 _build/nrf52832_xxaa_main.c.o
 .bss.led_1.8689
                0x000000002000014a        0x2 _build/nrf52832_xxaa_main.c.o
 .bss.low_power_pwm_0
                0x000000002000014c       0x24 _build/nrf52832_xxaa_main.c.o
 .bss.low_power_pwm_1
                0x0000000020000170       0x24 _build/nrf52832_xxaa_main.c.o
 .bss.low_power_pwm_2
                0x0000000020000194       0x24 _build/nrf52832_xxaa_main.c.o
 .bss.lpp_timer_0_data.8699
                0x00000000200001b8       0x20 _build/nrf52832_xxaa_main.c.o
 .bss.lpp_timer_1_data.8703
                0x00000000200001d8       0x20 _build/nrf52832_xxaa_main.c.o
 .bss.lpp_timer_2_data.8707
                0x00000000200001f8       0x20 _build/nrf52832_xxaa_main.c.o
 *(COMMON)
                0x0000000020000218                . = ALIGN (0x4)
                0x0000000020000218                __bss_end__ = .

.heap           0x0000000020000218     0x2000
                0x0000000020000218                __HeapBase = .
                0x0000000020000218                __end__ = .
                [!provide]                        PROVIDE (end, .)
 *(.heap*)
 .heap          0x0000000020000218     0x2000 _build/nrf52832_xxaa_gcc_startup_nrf52.S.o
                0x0000000020002218                __HeapLimit = .

.stack_dummy    0x0000000020000218     0x2000
 *(.stack*)
 .stack         0x0000000020000218     0x2000 _build/nrf52832_xxaa_gcc_startup_nrf52.S.o
                0x0000000020010000                __StackTop = (ORIGIN (RAM) + LENGTH (RAM))
                0x000000002000e000                __StackLimit = (__StackTop - SIZEOF (.stack_dummy))
                0x0000000020010000                PROVIDE (__stack, __StackTop)
                0x0000000000000001                ASSERT ((__StackLimit >= __HeapLimit), region RAM overflowed with stack)
OUTPUT(_build/nrf52832_xxaa.out elf32-littlearm)

.ARM.attributes
                0x0000000000000000       0x30
 .ARM.attributes
                0x0000000000000000       0x22 /usr/local/gcc-arm-none-eabi-6-2017-q1-update/bin/../lib/gcc/arm-none-eabi/6.3.1/thumb/v7e-m/fpv4-sp/hard/crti.o
 .ARM.attributes
                0x0000000000000022       0x34 /usr/local/gcc-arm-none-eabi-6-2017-q1-update/bin/../lib/gcc/arm-none-eabi/6.3.1/thumb/v7e-m/fpv4-sp/hard/crtbegin.o
 .ARM.attributes
                0x0000000000000056       0x20 /usr/local/gcc-arm-none-eabi-6-2017-q1-update/bin/../lib/gcc/arm-none-eabi/6.3.1/../../../../arm-none-eabi/lib/thumb/v7e-m/fpv4-sp/hard/crt0.o
 .ARM.attributes
                0x0000000000000076       0x34 /usr/local/gcc-arm-none-eabi-6-2017-q1-update/bin/../lib/gcc/arm-none-eabi/6.3.1/../../../../arm-none-eabi/lib/thumb/v7e-m/fpv4-sp/hard/libc_nano.a(lib_a-exit.o)
 .ARM.attributes
                0x00000000000000aa       0x34 /usr/local/gcc-arm-none-eabi-6-2017-q1-update/bin/../lib/gcc/arm-none-eabi/6.3.1/../../../../arm-none-eabi/lib/thumb/v7e-m/fpv4-sp/hard/libc_nano.a(lib_a-impure.o)
 .ARM.attributes
                0x00000000000000de       0x34 /usr/local/gcc-arm-none-eabi-6-2017-q1-update/bin/../lib/gcc/arm-none-eabi/6.3.1/../../../../arm-none-eabi/lib/thumb/v7e-m/fpv4-sp/hard/libc_nano.a(lib_a-init.o)
 .ARM.attributes
                0x0000000000000112       0x34 /usr/local/gcc-arm-none-eabi-6-2017-q1-update/bin/../lib/gcc/arm-none-eabi/6.3.1/../../../../arm-none-eabi/lib/thumb/v7e-m/fpv4-sp/hard/libc_nano.a(lib_a-memset.o)
 .ARM.attributes
                0x0000000000000146       0x34 /usr/local/gcc-arm-none-eabi-6-2017-q1-update/bin/../lib/gcc/arm-none-eabi/6.3.1/../../../../arm-none-eabi/lib/thumb/v7e-m/fpv4-sp/hard/libnosys.a(_exit.o)
 .ARM.attributes
                0x000000000000017a       0x39 _build/nrf52832_xxaa_app_error.c.o
 .ARM.attributes
                0x00000000000001b3       0x39 _build/nrf52832_xxaa_app_error_weak.c.o
 .ARM.attributes
                0x00000000000001ec       0x39 _build/nrf52832_xxaa_app_timer.c.o
 .ARM.attributes
                0x0000000000000225       0x39 _build/nrf52832_xxaa_app_util_platform.c.o
 .ARM.attributes
                0x000000000000025e       0x39 _build/nrf52832_xxaa_low_power_pwm.c.o
 .ARM.attributes
                0x0000000000000297       0x39 _build/nrf52832_xxaa_nrf_drv_clock.c.o
 .ARM.attributes
                0x00000000000002d0       0x39 _build/nrf52832_xxaa_nrf_drv_common.c.o
 .ARM.attributes
                0x0000000000000309       0x39 _build/nrf52832_xxaa_nrf_drv_uart.c.o
 .ARM.attributes
                0x0000000000000342       0x39 _build/nrf52832_xxaa_main.c.o
 .ARM.attributes
                0x000000000000037b       0x1c _build/nrf52832_xxaa_gcc_startup_nrf52.S.o
 .ARM.attributes
                0x0000000000000397       0x39 _build/nrf52832_xxaa_system_nrf52.c.o
 .ARM.attributes
                0x00000000000003d0       0x34 /usr/local/gcc-arm-none-eabi-6-2017-q1-update/bin/../lib/gcc/arm-none-eabi/6.3.1/thumb/v7e-m/fpv4-sp/hard/crtend.o
 .ARM.attributes
                0x0000000000000404       0x22 /usr/local/gcc-arm-none-eabi-6-2017-q1-update/bin/../lib/gcc/arm-none-eabi/6.3.1/thumb/v7e-m/fpv4-sp/hard/crtn.o

.comment        0x0000000000000000       0x7f
 .comment       0x0000000000000000       0x7f _build/nrf52832_xxaa_app_error.c.o
                                         0x80 (size before relaxing)
 .comment       0x000000000000007f       0x80 _build/nrf52832_xxaa_app_error_weak.c.o
 .comment       0x000000000000007f       0x80 _build/nrf52832_xxaa_app_timer.c.o
 .comment       0x000000000000007f       0x80 _build/nrf52832_xxaa_app_util_platform.c.o
 .comment       0x000000000000007f       0x80 _build/nrf52832_xxaa_low_power_pwm.c.o
 .comment       0x000000000000007f       0x80 _build/nrf52832_xxaa_nrf_drv_clock.c.o
 .comment       0x000000000000007f       0x80 _build/nrf52832_xxaa_nrf_drv_common.c.o
 .comment       0x000000000000007f       0x80 _build/nrf52832_xxaa_nrf_drv_uart.c.o
 .comment       0x000000000000007f       0x80 _build/nrf52832_xxaa_main.c.o
 .comment       0x000000000000007f       0x80 _build/nrf52832_xxaa_system_nrf52.c.o

.debug_frame    0x0000000000000000      0x6e0
 .debug_frame   0x0000000000000000       0x28 /usr/local/gcc-arm-none-eabi-6-2017-q1-update/bin/../lib/gcc/arm-none-eabi/6.3.1/../../../../arm-none-eabi/lib/thumb/v7e-m/fpv4-sp/hard/libc_nano.a(lib_a-exit.o)
 .debug_frame   0x0000000000000028       0x2c /usr/local/gcc-arm-none-eabi-6-2017-q1-update/bin/../lib/gcc/arm-none-eabi/6.3.1/../../../../arm-none-eabi/lib/thumb/v7e-m/fpv4-sp/hard/libc_nano.a(lib_a-init.o)
 .debug_frame   0x0000000000000054       0x20 /usr/local/gcc-arm-none-eabi-6-2017-q1-update/bin/../lib/gcc/arm-none-eabi/6.3.1/../../../../arm-none-eabi/lib/thumb/v7e-m/fpv4-sp/hard/libc_nano.a(lib_a-memset.o)
 .debug_frame   0x0000000000000074       0x20 /usr/local/gcc-arm-none-eabi-6-2017-q1-update/bin/../lib/gcc/arm-none-eabi/6.3.1/../../../../arm-none-eabi/lib/thumb/v7e-m/fpv4-sp/hard/libnosys.a(_exit.o)
 .debug_frame   0x0000000000000094       0x70 _build/nrf52832_xxaa_app_error.c.o
 .debug_frame   0x0000000000000104       0x20 _build/nrf52832_xxaa_app_error_weak.c.o
 .debug_frame   0x0000000000000124      0x114 _build/nrf52832_xxaa_app_timer.c.o
 .debug_frame   0x0000000000000238       0x50 _build/nrf52832_xxaa_app_util_platform.c.o
 .debug_frame   0x0000000000000288       0x90 _build/nrf52832_xxaa_low_power_pwm.c.o
 .debug_frame   0x0000000000000318      0x140 _build/nrf52832_xxaa_nrf_drv_clock.c.o
 .debug_frame   0x0000000000000458       0x3c _build/nrf52832_xxaa_nrf_drv_common.c.o
 .debug_frame   0x0000000000000494      0x1b0 _build/nrf52832_xxaa_nrf_drv_uart.c.o
 .debug_frame   0x0000000000000644       0x54 _build/nrf52832_xxaa_main.c.o
 .debug_frame   0x0000000000000698       0x48 _build/nrf52832_xxaa_system_nrf52.c.o

.debug_info     0x0000000000000000     0xee8c
 .debug_info    0x0000000000000000      0xb75 _build/nrf52832_xxaa_app_error.c.o
 .debug_info    0x0000000000000b75      0xb57 _build/nrf52832_xxaa_app_error_weak.c.o
 .debug_info    0x00000000000016cc     0x23e2 _build/nrf52832_xxaa_app_timer.c.o
 .debug_info    0x0000000000003aae      0xa23 _build/nrf52832_xxaa_app_util_platform.c.o
 .debug_info    0x00000000000044d1     0x150a _build/nrf52832_xxaa_low_power_pwm.c.o
 .debug_info    0x00000000000059db     0x1957 _build/nrf52832_xxaa_nrf_drv_clock.c.o
 .debug_info    0x0000000000007332      0xe88 _build/nrf52832_xxaa_nrf_drv_common.c.o
 .debug_info    0x00000000000081ba     0x4b57 _build/nrf52832_xxaa_nrf_drv_uart.c.o
 .debug_info    0x000000000000cd11     0x13a5 _build/nrf52832_xxaa_main.c.o
 .debug_info    0x000000000000e0b6      0xdd6 _build/nrf52832_xxaa_system_nrf52.c.o

.debug_abbrev   0x0000000000000000     0x1f66
 .debug_abbrev  0x0000000000000000      0x235 _build/nrf52832_xxaa_app_error.c.o
 .debug_abbrev  0x0000000000000235      0x21c _build/nrf52832_xxaa_app_error_weak.c.o
 .debug_abbrev  0x0000000000000451      0x47c _build/nrf52832_xxaa_app_timer.c.o
 .debug_abbrev  0x00000000000008cd      0x249 _build/nrf52832_xxaa_app_util_platform.c.o
 .debug_abbrev  0x0000000000000b16      0x3b2 _build/nrf52832_xxaa_low_power_pwm.c.o
 .debug_abbrev  0x0000000000000ec8      0x4be _build/nrf52832_xxaa_nrf_drv_clock.c.o
 .debug_abbrev  0x0000000000001386      0x285 _build/nrf52832_xxaa_nrf_drv_common.c.o
 .debug_abbrev  0x000000000000160b      0x45b _build/nrf52832_xxaa_nrf_drv_uart.c.o
 .debug_abbrev  0x0000000000001a66      0x31e _build/nrf52832_xxaa_main.c.o
 .debug_abbrev  0x0000000000001d84      0x1e2 _build/nrf52832_xxaa_system_nrf52.c.o

.debug_loc      0x0000000000000000     0x4787
 .debug_loc     0x0000000000000000      0x145 _build/nrf52832_xxaa_app_error.c.o
 .debug_loc     0x0000000000000145       0x42 _build/nrf52832_xxaa_app_error_weak.c.o
 .debug_loc     0x0000000000000187      0xe07 _build/nrf52832_xxaa_app_timer.c.o
 .debug_loc     0x0000000000000f8e      0x682 _build/nrf52832_xxaa_low_power_pwm.c.o
 .debug_loc     0x0000000000001610      0x406 _build/nrf52832_xxaa_nrf_drv_clock.c.o
 .debug_loc     0x0000000000001a16       0xea _build/nrf52832_xxaa_nrf_drv_common.c.o
 .debug_loc     0x0000000000001b00     0x2850 _build/nrf52832_xxaa_nrf_drv_uart.c.o
 .debug_loc     0x0000000000004350      0x437 _build/nrf52832_xxaa_main.c.o

.debug_aranges  0x0000000000000000      0x290
 .debug_aranges
                0x0000000000000000       0x30 _build/nrf52832_xxaa_app_error.c.o
 .debug_aranges
                0x0000000000000030       0x20 _build/nrf52832_xxaa_app_error_weak.c.o
 .debug_aranges
                0x0000000000000050       0x60 _build/nrf52832_xxaa_app_timer.c.o
 .debug_aranges
                0x00000000000000b0       0x38 _build/nrf52832_xxaa_app_util_platform.c.o
 .debug_aranges
                0x00000000000000e8       0x40 _build/nrf52832_xxaa_low_power_pwm.c.o
 .debug_aranges
                0x0000000000000128       0x80 _build/nrf52832_xxaa_nrf_drv_clock.c.o
 .debug_aranges
                0x00000000000001a8       0x28 _build/nrf52832_xxaa_nrf_drv_common.c.o
 .debug_aranges
                0x00000000000001d0       0x70 _build/nrf52832_xxaa_nrf_drv_uart.c.o
 .debug_aranges
                0x0000000000000240       0x28 _build/nrf52832_xxaa_main.c.o
 .debug_aranges
                0x0000000000000268       0x28 _build/nrf52832_xxaa_system_nrf52.c.o

.debug_ranges   0x0000000000000000     0x14e0
 .debug_ranges  0x0000000000000000       0x20 _build/nrf52832_xxaa_app_error.c.o
 .debug_ranges  0x0000000000000020       0x10 _build/nrf52832_xxaa_app_error_weak.c.o
 .debug_ranges  0x0000000000000030      0x4b0 _build/nrf52832_xxaa_app_timer.c.o
 .debug_ranges  0x00000000000004e0       0x28 _build/nrf52832_xxaa_app_util_platform.c.o
 .debug_ranges  0x0000000000000508      0x1f8 _build/nrf52832_xxaa_low_power_pwm.c.o
 .debug_ranges  0x0000000000000700      0x2b8 _build/nrf52832_xxaa_nrf_drv_clock.c.o
 .debug_ranges  0x00000000000009b8       0x38 _build/nrf52832_xxaa_nrf_drv_common.c.o
 .debug_ranges  0x00000000000009f0      0x830 _build/nrf52832_xxaa_nrf_drv_uart.c.o
 .debug_ranges  0x0000000000001220      0x1b8 _build/nrf52832_xxaa_main.c.o
 .debug_ranges  0x00000000000013d8      0x108 _build/nrf52832_xxaa_system_nrf52.c.o

.debug_macro    0x0000000000000000     0x2a90
 .debug_macro   0x0000000000000000      0x2a6 _build/nrf52832_xxaa_app_error.c.o
 .debug_macro   0x00000000000002a6       0x35 _build/nrf52832_xxaa_app_error.c.o
 .debug_macro   0x00000000000002db       0x22 _build/nrf52832_xxaa_app_error.c.o
 .debug_macro   0x00000000000002fd       0x16 _build/nrf52832_xxaa_app_error.c.o
 .debug_macro   0x0000000000000313       0x97 _build/nrf52832_xxaa_app_error.c.o
 .debug_macro   0x00000000000003aa       0xf6 _build/nrf52832_xxaa_app_error.c.o
 .debug_macro   0x00000000000004a0       0x10 _build/nrf52832_xxaa_app_error.c.o
 .debug_macro   0x00000000000004b0       0x10 _build/nrf52832_xxaa_app_error.c.o
 .debug_macro   0x00000000000004c0       0xb6 _build/nrf52832_xxaa_app_error.c.o
 .debug_macro   0x0000000000000576       0x16 _build/nrf52832_xxaa_app_error.c.o
 .debug_macro   0x000000000000058c      0x145 _build/nrf52832_xxaa_app_error.c.o
 .debug_macro   0x00000000000006d1       0x2b _build/nrf52832_xxaa_app_error.c.o
 .debug_macro   0x00000000000006fc       0x22 _build/nrf52832_xxaa_app_error.c.o
 .debug_macro   0x000000000000071e       0x16 _build/nrf52832_xxaa_app_error.c.o
 .debug_macro   0x0000000000000734      0x39b _build/nrf52832_xxaa_app_error.c.o
 .debug_macro   0x0000000000000acf      0x170 _build/nrf52832_xxaa_app_error.c.o
 .debug_macro   0x0000000000000c3f       0x5a _build/nrf52832_xxaa_app_error.c.o
 .debug_macro   0x0000000000000c99       0x28 _build/nrf52832_xxaa_app_error.c.o
 .debug_macro   0x0000000000000cc1       0x22 _build/nrf52832_xxaa_app_error.c.o
 .debug_macro   0x0000000000000ce3      0x2a6 _build/nrf52832_xxaa_app_error_weak.c.o
 .debug_macro   0x0000000000000f89       0x1c _build/nrf52832_xxaa_app_error_weak.c.o
 .debug_macro   0x0000000000000fa5      0x313 _build/nrf52832_xxaa_app_timer.c.o
 .debug_macro   0x00000000000012b8       0x1c _build/nrf52832_xxaa_app_timer.c.o
 .debug_macro   0x00000000000012d4       0x36 _build/nrf52832_xxaa_app_timer.c.o
 .debug_macro   0x000000000000130a       0x16 _build/nrf52832_xxaa_app_timer.c.o
 .debug_macro   0x0000000000001320       0x22 _build/nrf52832_xxaa_app_timer.c.o
 .debug_macro   0x0000000000001342       0x10 _build/nrf52832_xxaa_app_timer.c.o
 .debug_macro   0x0000000000001352       0x10 _build/nrf52832_xxaa_app_timer.c.o
 .debug_macro   0x0000000000001362       0x77 _build/nrf52832_xxaa_app_timer.c.o
 .debug_macro   0x00000000000013d9      0x245 _build/nrf52832_xxaa_app_util_platform.c.o
 .debug_macro   0x000000000000161e      0x2fe _build/nrf52832_xxaa_low_power_pwm.c.o
 .debug_macro   0x000000000000191c       0x22 _build/nrf52832_xxaa_low_power_pwm.c.o
 .debug_macro   0x000000000000193e       0x22 _build/nrf52832_xxaa_low_power_pwm.c.o
 .debug_macro   0x0000000000001960      0x296 _build/nrf52832_xxaa_low_power_pwm.c.o
 .debug_macro   0x0000000000001bf6       0x16 _build/nrf52832_xxaa_low_power_pwm.c.o
 .debug_macro   0x0000000000001c0c      0x32d _build/nrf52832_xxaa_nrf_drv_clock.c.o
 .debug_macro   0x0000000000001f39       0x10 _build/nrf52832_xxaa_nrf_drv_clock.c.o
 .debug_macro   0x0000000000001f49       0x28 _build/nrf52832_xxaa_nrf_drv_clock.c.o
 .debug_macro   0x0000000000001f71       0x16 _build/nrf52832_xxaa_nrf_drv_clock.c.o
 .debug_macro   0x0000000000001f87      0x2af _build/nrf52832_xxaa_nrf_drv_common.c.o
 .debug_macro   0x0000000000002236      0x37e _build/nrf52832_xxaa_nrf_drv_uart.c.o
 .debug_macro   0x00000000000025b4       0x10 _build/nrf52832_xxaa_nrf_drv_uart.c.o
 .debug_macro   0x00000000000025c4       0x43 _build/nrf52832_xxaa_nrf_drv_uart.c.o
 .debug_macro   0x0000000000002607      0x36c _build/nrf52832_xxaa_main.c.o
 .debug_macro   0x0000000000002973       0x28 _build/nrf52832_xxaa_main.c.o
 .debug_macro   0x000000000000299b       0xf5 _build/nrf52832_xxaa_system_nrf52.c.o

.debug_line     0x0000000000000000     0x511a
 .debug_line    0x0000000000000000      0x612 _build/nrf52832_xxaa_app_error.c.o
 .debug_line    0x0000000000000612      0x5d4 _build/nrf52832_xxaa_app_error_weak.c.o
 .debug_line    0x0000000000000be6      0xa59 _build/nrf52832_xxaa_app_timer.c.o
 .debug_line    0x000000000000163f      0x537 _build/nrf52832_xxaa_app_util_platform.c.o
 .debug_line    0x0000000000001b76      0x8c2 _build/nrf52832_xxaa_low_power_pwm.c.o
 .debug_line    0x0000000000002438      0x933 _build/nrf52832_xxaa_nrf_drv_clock.c.o
 .debug_line    0x0000000000002d6b      0x615 _build/nrf52832_xxaa_nrf_drv_common.c.o
 .debug_line    0x0000000000003380     0x114a _build/nrf52832_xxaa_nrf_drv_uart.c.o
 .debug_line    0x00000000000044ca      0x800 _build/nrf52832_xxaa_main.c.o
 .debug_line    0x0000000000004cca      0x450 _build/nrf52832_xxaa_system_nrf52.c.o

.debug_str      0x0000000000000000    0x69b54
 .debug_str     0x0000000000000000    0x64455 _build/nrf52832_xxaa_app_error.c.o
                                      0x64fc0 (size before relaxing)
 .debug_str     0x0000000000064455       0xd8 _build/nrf52832_xxaa_app_error_weak.c.o
                                      0x64f49 (size before relaxing)
 .debug_str     0x000000000006452d     0x127a _build/nrf52832_xxaa_app_timer.c.o
                                      0x64a97 (size before relaxing)
 .debug_str     0x00000000000657a7       0xb3 _build/nrf52832_xxaa_app_util_platform.c.o
                                      0x605a7 (size before relaxing)
 .debug_str     0x000000000006585a      0xe1a _build/nrf52832_xxaa_low_power_pwm.c.o
                                      0x649a8 (size before relaxing)
 .debug_str     0x0000000000066674      0x980 _build/nrf52832_xxaa_nrf_drv_clock.c.o
                                      0x65f87 (size before relaxing)
 .debug_str     0x0000000000066ff4       0x5c _build/nrf52832_xxaa_nrf_drv_common.c.o
                                      0x64478 (size before relaxing)
 .debug_str     0x0000000000067050     0x1860 _build/nrf52832_xxaa_nrf_drv_uart.c.o
                                      0x67976 (size before relaxing)
 .debug_str     0x00000000000688b0     0x1029 _build/nrf52832_xxaa_main.c.o
                                      0x6596b (size before relaxing)
 .debug_str     0x00000000000698d9      0x27b _build/nrf52832_xxaa_system_nrf52.c.o
                                      0x5baf3 (size before relaxing)
